Archive member included to satisfy reference by file (symbol)

c:/nxp/mcuxpressoide_11.4.1_6260/ide/plugins/com.nxp.mcuxpresso.tools.win32_11.4.0.202103011116/tools/bin/../lib/gcc/arm-none-eabi/10.2.1/../../../../arm-none-eabi/lib/thumb/v6-m/nofp\libcr_nohost_nf.a(_cr__main.o)
                              ./startup/startup_lpc845.o (__main)
c:/nxp/mcuxpressoide_11.4.1_6260/ide/plugins/com.nxp.mcuxpresso.tools.win32_11.4.0.202103011116/tools/bin/../lib/gcc/arm-none-eabi/10.2.1/../../../../arm-none-eabi/lib/thumb/v6-m/nofp\libcr_c.a(memcpy.o)
                              ./drivers/fsl_i2c.o (memcpy)
c:/nxp/mcuxpressoide_11.4.1_6260/ide/plugins/com.nxp.mcuxpresso.tools.win32_11.4.0.202103011116/tools/bin/../lib/gcc/arm-none-eabi/10.2.1/../../../../arm-none-eabi/lib/thumb/v6-m/nofp\libcr_c.a(memset.o)
                              ./drivers/fsl_i2c.o (memset)
c:/nxp/mcuxpressoide_11.4.1_6260/ide/plugins/com.nxp.mcuxpresso.tools.win32_11.4.0.202103011116/tools/bin/../lib/gcc/arm-none-eabi/10.2.1/../../../../arm-none-eabi/lib/thumb/v6-m/nofp\libcr_c.a(alloc.o)
                              ./drivers/fsl_common.o (malloc)
c:/nxp/mcuxpressoide_11.4.1_6260/ide/plugins/com.nxp.mcuxpresso.tools.win32_11.4.0.202103011116/tools/bin/../lib/gcc/arm-none-eabi/10.2.1/../../../../arm-none-eabi/lib/thumb/v6-m/nofp\libcr_c.a(initio.o)
                              c:/nxp/mcuxpressoide_11.4.1_6260/ide/plugins/com.nxp.mcuxpresso.tools.win32_11.4.0.202103011116/tools/bin/../lib/gcc/arm-none-eabi/10.2.1/../../../../arm-none-eabi/lib/thumb/v6-m/nofp\libcr_nohost_nf.a(_cr__main.o) (_initio)
c:/nxp/mcuxpressoide_11.4.1_6260/ide/plugins/com.nxp.mcuxpresso.tools.win32_11.4.0.202103011116/tools/bin/../lib/gcc/arm-none-eabi/10.2.1/../../../../arm-none-eabi/lib/thumb/v6-m/nofp\libcr_c.a(setvbuf.o)
                              c:/nxp/mcuxpressoide_11.4.1_6260/ide/plugins/com.nxp.mcuxpresso.tools.win32_11.4.0.202103011116/tools/bin/../lib/gcc/arm-none-eabi/10.2.1/../../../../arm-none-eabi/lib/thumb/v6-m/nofp\libcr_c.a(initio.o) (setvbuf)
c:/nxp/mcuxpressoide_11.4.1_6260/ide/plugins/com.nxp.mcuxpresso.tools.win32_11.4.0.202103011116/tools/bin/../lib/gcc/arm-none-eabi/10.2.1/../../../../arm-none-eabi/lib/thumb/v6-m/nofp\libcr_c.a(strlen.o)
                              ./utilities/fsl_debug_console.o (strlen)
c:/nxp/mcuxpressoide_11.4.1_6260/ide/plugins/com.nxp.mcuxpresso.tools.win32_11.4.0.202103011116/tools/bin/../lib/gcc/arm-none-eabi/10.2.1/../../../../arm-none-eabi/lib/thumb/v6-m/nofp\libcr_c.a(__init_alloc.o)
                              c:/nxp/mcuxpressoide_11.4.1_6260/ide/plugins/com.nxp.mcuxpresso.tools.win32_11.4.0.202103011116/tools/bin/../lib/gcc/arm-none-eabi/10.2.1/../../../../arm-none-eabi/lib/thumb/v6-m/nofp\libcr_c.a(alloc.o) (__heaps)
c:/nxp/mcuxpressoide_11.4.1_6260/ide/plugins/com.nxp.mcuxpresso.tools.win32_11.4.0.202103011116/tools/bin/../lib/gcc/arm-none-eabi/10.2.1/../../../../arm-none-eabi/lib/thumb/v6-m/nofp\libcr_c.a(_cr_sbrk.o)
                              c:/nxp/mcuxpressoide_11.4.1_6260/ide/plugins/com.nxp.mcuxpresso.tools.win32_11.4.0.202103011116/tools/bin/../lib/gcc/arm-none-eabi/10.2.1/../../../../arm-none-eabi/lib/thumb/v6-m/nofp\libcr_c.a(alloc.o) (_sbrk)
c:/nxp/mcuxpressoide_11.4.1_6260/ide/plugins/com.nxp.mcuxpresso.tools.win32_11.4.0.202103011116/tools/bin/../lib/gcc/arm-none-eabi/10.2.1/../../../../arm-none-eabi/lib/thumb/v6-m/nofp\libcr_c.a(_fdopen.o)
                              c:/nxp/mcuxpressoide_11.4.1_6260/ide/plugins/com.nxp.mcuxpresso.tools.win32_11.4.0.202103011116/tools/bin/../lib/gcc/arm-none-eabi/10.2.1/../../../../arm-none-eabi/lib/thumb/v6-m/nofp\libcr_c.a(initio.o) (_fdopen)
c:/nxp/mcuxpressoide_11.4.1_6260/ide/plugins/com.nxp.mcuxpresso.tools.win32_11.4.0.202103011116/tools/bin/../lib/gcc/arm-none-eabi/10.2.1/../../../../arm-none-eabi/lib/thumb/v6-m/nofp\libcr_c.a(errno.o)
                              c:/nxp/mcuxpressoide_11.4.1_6260/ide/plugins/com.nxp.mcuxpresso.tools.win32_11.4.0.202103011116/tools/bin/../lib/gcc/arm-none-eabi/10.2.1/../../../../arm-none-eabi/lib/thumb/v6-m/nofp\libcr_c.a(_cr_sbrk.o) (errno)
c:/nxp/mcuxpressoide_11.4.1_6260/ide/plugins/com.nxp.mcuxpresso.tools.win32_11.4.0.202103011116/tools/bin/../lib/gcc/arm-none-eabi/10.2.1/../../../../arm-none-eabi/lib/thumb/v6-m/nofp\libcr_c.a(fclose.o)
                              c:/nxp/mcuxpressoide_11.4.1_6260/ide/plugins/com.nxp.mcuxpresso.tools.win32_11.4.0.202103011116/tools/bin/../lib/gcc/arm-none-eabi/10.2.1/../../../../arm-none-eabi/lib/thumb/v6-m/nofp\libcr_c.a(initio.o) (fclose)
c:/nxp/mcuxpressoide_11.4.1_6260/ide/plugins/com.nxp.mcuxpresso.tools.win32_11.4.0.202103011116/tools/bin/../lib/gcc/arm-none-eabi/10.2.1/../../../../arm-none-eabi/lib/thumb/v6-m/nofp\libcr_c.a(fflush.o)
[...]
Memory Configuration

Name             Origin             Length             Attributes
PROGRAM_FLASH    0x00000000         0x00010000         xr
SRAM             0x10000000         0x00003fe0         xrw
IAP_SRAM         0x10003fe0         0x00000020         xrw
*default*        0x00000000         0xffffffff

Linker script and memory map

LOAD ./utilities/fsl_assert.o
LOAD ./utilities/fsl_debug_console.o
LOAD ./startup/startup_lpc845.o
LOAD ./source/mtb.o
LOAD ./source/pint_pin_interrupt.o
LOAD ./source/semihost_hardfault.o
LOAD ./drivers/fsl_clock.o
LOAD ./drivers/fsl_common.o
LOAD ./drivers/fsl_gpio.o
LOAD ./drivers/fsl_i2c.o
LOAD ./drivers/fsl_inputmux.o
LOAD ./drivers/fsl_pint.o
LOAD ./drivers/fsl_power.o
LOAD ./drivers/fsl_reset.o
LOAD ./drivers/fsl_swm.o
LOAD ./drivers/fsl_syscon.o
LOAD ./drivers/fsl_usart.o
LOAD ./device/system_LPC845.o
LOAD ./component/uart/miniusart_adapter.o
LOAD ./board/board.o
LOAD ./board/clock_config.o
LOAD ./board/peripherals.o
LOAD ./board/pin_mux.o
START GROUP
LOAD c:/nxp/mcuxpressoide_11.4.1_6260/ide/plugins/com.nxp.mcuxpresso.tools.win32_11.4.0.202103011116/tools/bin/../lib/gcc/arm-none-eabi/10.2.1/../../../../arm-none-eabi/lib/thumb/v6-m/nofp\libcr_nohost_nf.a
LOAD c:/nxp/mcuxpressoide_11.4.1_6260/ide/plugins/com.nxp.mcuxpresso.tools.win32_11.4.0.202103011116/tools/bin/../lib/gcc/arm-none-eabi/10.2.1/../../../../arm-none-eabi/lib/thumb/v6-m/nofp\libcr_c.a
LOAD c:/nxp/mcuxpressoide_11.4.1_6260/ide/plugins/com.nxp.mcuxpresso.tools.win32_11.4.0.202103011116/tools/bin/../lib/gcc/arm-none-eabi/10.2.1/thumb/v6-m/nofp\libcr_eabihelpers.a
LOAD c:/nxp/mcuxpressoide_11.4.1_6260/ide/plugins/com.nxp.mcuxpresso.tools.win32_11.4.0.202103011116/tools/bin/../lib/gcc/arm-none-eabi/10.2.1/thumb/v6-m/nofp\libgcc.a
END GROUP
                0x00000000                __base_PROGRAM_FLASH = 0x0
                0x00000000                __base_Flash = 0x0
                0x00010000                __top_PROGRAM_FLASH = 0x10000
                0x00010000                __top_Flash = 0x10000
                0x10000000                __base_SRAM = 0x10000000
                0x10000000                __base_RAM = 0x10000000
                0x10003fe0                __top_SRAM = 0x10003fe0
                0x10003fe0                __top_RAM = 0x10003fe0
                0x10003fe0                __base_IAP_SRAM = 0x10003fe0
                0x10003fe0                __base_RAM2 = 0x10003fe0
                0x10004000                __top_IAP_SRAM = 0x10004000
                0x10004000                __top_RAM2 = 0x10004000

.text           0x00000000     0x3068
 FILL mask 0xff
                0x00000000                __vectors_start__ = ABSOLUTE (.)
 *(SORT_BY_ALIGNMENT(.isr_vector))
 .isr_vector    0x00000000       0xc0 ./startup/startup_lpc845.o
                0x00000000                g_pfnVectors
                0x00000000                __Vectors
                0x000000c0                . = ALIGN (0x4)
                0x000000c0                __section_table_start = .
                0x000000c0                __data_section_table = .
                0x000000c0        0x4 LONG 0x3068 LOADADDR (.data)
                0x000000c4        0x4 LONG 0x10000080 ADDR (.data)
                0x000000c8        0x4 LONG 0x4 SIZEOF (.data)
                0x000000cc        0x4 LONG 0x3068 LOADADDR (.data_RAM2)
                0x000000d0        0x4 LONG 0x10003fe0 ADDR (.data_RAM2)
                0x000000d4        0x4 LONG 0x0 SIZEOF (.data_RAM2)
                0x000000d8                __data_section_table_end = .
                0x000000d8                __bss_section_table = .
                0x000000d8        0x4 LONG 0x10000084 ADDR (.bss)
                0x000000dc        0x4 LONG 0x120 SIZEOF (.bss)
                0x000000e0        0x4 LONG 0x10003fe0 ADDR (.bss_RAM2)
                0x000000e4        0x4 LONG 0x0 SIZEOF (.bss_RAM2)
                0x000000e8                __bss_section_table_end = .
                0x000000e8                __section_table_end = .
 *(SORT_BY_ALIGNMENT(.after_vectors*))
 .after_vectors.reset
                0x000000e8       0x58 ./startup/startup_lpc845.o
                0x000000e8                ResetISR
 .after_vectors.init_data
                0x00000140       0x12 ./startup/startup_lpc845.o
                0x00000140                data_init
 .after_vectors.init_bss
                0x00000152       0x10 ./startup/startup_lpc845.o
                0x00000152                bss_init
 .after_vectors
                0x00000162      0x10c ./startup/startup_lpc845.o
                0x00000162                NMI_Handler
                0x00000166                SVC_Handler
                0x00000168                PendSV_Handler
                0x0000016a                SysTick_Handler
                0x0000016c                BOD_DriverIRQHandler
                0x0000016c                WDT_DriverIRQHandler
                0x0000016c                DMA0_DriverIRQHandler
                0x0000016c                SCT0_DriverIRQHandler
                0x0000016c                SPI1_DriverIRQHandler
                0x0000016c                ADC0_OVR_DriverIRQHandler
                0x0000016c                CTIMER0_DriverIRQHandler
                0x0000016c                I2C3_DriverIRQHandler
                0x0000016c                ADC0_SEQB_DriverIRQHandler
                0x0000016c                PIN_INT5_DAC1_DriverIRQHandler
                0x0000016c                FLASH_DriverIRQHandler
                0x0000016c                ADC0_THCMP_DriverIRQHandler
                0x0000016c                CMP_CAPT_DriverIRQHandler
                0x0000016c                IntDefaultHandler
                0x0000016c                SPI0_DriverIRQHandler
                0x0000016c                WKT_DriverIRQHandler
                0x0000016c                DAC0_DriverIRQHandler
                0x0000016c                MRT0_DriverIRQHandler
                0x0000016c                ADC0_SEQA_DriverIRQHandler
                0x0000016c                Reserved22_DriverIRQHandler
                0x0000016e                SPI0_IRQHandler
                0x00000176                SPI1_IRQHandler
                0x0000017e                DAC0_IRQHandler
                0x00000186                USART0_IRQHandler
                0x0000018e                USART1_IRQHandler
                0x00000196                USART2_IRQHandler
                0x0000019e                Reserved22_IRQHandler
                0x000001a6                I2C1_IRQHandler
                0x000001ae                I2C0_IRQHandler
                0x000001b6                SCT0_IRQHandler
                0x000001be                MRT0_IRQHandler
                0x000001c6                CMP_CAPT_IRQHandler
                0x000001ce                WDT_IRQHandler
                0x000001d6                BOD_IRQHandler
                0x000001de                FLASH_IRQHandler
                0x000001e6                WKT_IRQHandler
                0x000001ee                ADC0_SEQA_IRQHandler
                0x000001f6                ADC0_SEQB_IRQHandler
                0x000001fe                ADC0_THCMP_IRQHandler
                0x00000206                ADC0_OVR_IRQHandler
                0x0000020e                DMA0_IRQHandler
                0x00000216                I2C2_IRQHandler
                0x0000021e                I2C3_IRQHandler
                0x00000226                CTIMER0_IRQHandler
                0x0000022e                PIN_INT0_IRQHandler
                0x00000236                PIN_INT1_IRQHandler
                0x0000023e                PIN_INT2_IRQHandler
                0x00000246                PIN_INT3_IRQHandler
                0x0000024e                PIN_INT4_IRQHandler
                0x000002fc                . = 0x2fc
 *fill*         0x0000026e       0x8e ff
                0x000002fc                PROVIDE (__CRP_WORD_START__ = .)
 *(SORT_BY_ALIGNMENT(.crp))
 .crp           0x000002fc        0x4 ./startup/startup_lpc845.o
                0x000002fc                CRP_WORD
                0x00000300                PROVIDE (__CRP_WORD_END__ = .)
                0x00000001                ASSERT (! ((__CRP_WORD_START__ == __CRP_WORD_END__)), Linker CRP Enabled, but no CRP_WORD provided within application)
 *(SORT_BY_ALIGNMENT(.text*))
 .text.__assertion_failed
                0x00000300       0x1c ./utilities/fsl_assert.o
                0x00000300                __assertion_failed
 .text.DbgConsole_Init
                0x0000031c       0x90 ./utilities/fsl_debug_console.o
                0x0000031c                DbgConsole_Init
 .text.DbgConsole_Printf
                0x000003ac       0x44 ./utilities/fsl_debug_console.o
                0x000003ac                DbgConsole_Printf
 .text.DbgConsole_Putchar
                0x000003f0       0x30 ./utilities/fsl_debug_console.o
                0x000003f0                DbgConsole_Putchar
 .text.CLOCK_Select
                0x00000420       0x38 ./source/pint_pin_interrupt.o
 .text.pint_intr_callback
                0x00000458       0x28 ./source/pint_pin_interrupt.o
                0x00000458                pint_intr_callback
 .text.main     0x00000480      0x100 ./source/pint_pin_interrupt.o
                0x00000480                main
 .text.HardFault_Handler
                0x00000580       0x30 ./source/semihost_hardfault.o
                0x00000580                HardFault_Handler
 .text.CLOCK_GetSystemPLLFreq
                0x000005b0       0x20 ./drivers/fsl_clock.o
 .text.CLOCK_GetWdtOscFreq
                0x000005d0       0x14 ./drivers/fsl_clock.o
 .text.CLOCK_GetExtClkFreq
                0x000005e4       0x14 ./drivers/fsl_clock.o
 .text.CLOCK_UpdateClkSrc
                0x000005f8       0x4c ./drivers/fsl_clock.o
 .text.CLOCK_GetMainClkFreq
                0x00000644       0x78 ./drivers/fsl_clock.o
                0x00000644                CLOCK_GetMainClkFreq
 .text.CLOCK_GetFroFreq
                0x000006bc       0x78 ./drivers/fsl_clock.o
                0x000006bc                CLOCK_GetFroFreq
 .text.CLOCK_GetSystemPLLInClockRate
                0x00000734       0x64 ./drivers/fsl_clock.o
                0x00000734                CLOCK_GetSystemPLLInClockRate
 .text.CLOCK_SetMainClkSrc
                0x00000798       0x9c ./drivers/fsl_clock.o
                0x00000798                CLOCK_SetMainClkSrc
 .text.CLOCK_SetFroOutClkSrc
                0x00000834       0x48 ./drivers/fsl_clock.o
                0x00000834                CLOCK_SetFroOutClkSrc
 .text.CLOCK_EnableClock
                0x0000087c       0x54 ./drivers/fsl_gpio.o
 .text.GPIO_PortInit
                0x000008d0       0x48 ./drivers/fsl_gpio.o
                0x000008d0                GPIO_PortInit
 .text.I2C_TransferCommonIRQHandler
                0x00000918       0x40 ./drivers/fsl_i2c.o
 .text.I2C0_DriverIRQHandler
                0x00000958       0x20 ./drivers/fsl_i2c.o
                0x00000958                I2C0_DriverIRQHandler
 .text.I2C1_DriverIRQHandler
                0x00000978       0x20 ./drivers/fsl_i2c.o
                0x00000978                I2C1_DriverIRQHandler
 .text.I2C2_DriverIRQHandler
                0x00000998       0x20 ./drivers/fsl_i2c.o
                0x00000998                I2C2_DriverIRQHandler
 .text.__NVIC_EnableIRQ
                0x000009b8       0x34 ./drivers/fsl_pint.o
 .text.__NVIC_ClearPendingIRQ
                0x000009ec       0x38 ./drivers/fsl_pint.o
 .text.CLOCK_EnableClock
                0x00000a24       0x54 ./drivers/fsl_pint.o
 .text.PINT_Init
                0x00000a78       0xa4 ./drivers/fsl_pint.o
                0x00000a78                PINT_Init
 .text.PINT_PinInterruptConfig
                0x00000b1c       0xfc ./drivers/fsl_pint.o
                0x00000b1c                PINT_PinInterruptConfig
 .text.PINT_EnableCallbackByIndex
                0x00000c18       0x58 ./drivers/fsl_pint.o
                0x00000c18                PINT_EnableCallbackByIndex
 .text.PIN_INT0_DriverIRQHandler
                0x00000c70       0x4c ./drivers/fsl_pint.o
                0x00000c70                PIN_INT0_DriverIRQHandler
 .text.PIN_INT1_DriverIRQHandler
                0x00000cbc       0x4c ./drivers/fsl_pint.o
                0x00000cbc                PIN_INT1_DriverIRQHandler
 .text.PIN_INT2_DriverIRQHandler
                0x00000d08       0x4c ./drivers/fsl_pint.o
                0x00000d08                PIN_INT2_DriverIRQHandler
 .text.PIN_INT3_DriverIRQHandler
                0x00000d54       0x4c ./drivers/fsl_pint.o
                0x00000d54                PIN_INT3_DriverIRQHandler
 .text.PIN_INT4_DriverIRQHandler
                0x00000da0       0x4c ./drivers/fsl_pint.o
                0x00000da0                PIN_INT4_DriverIRQHandler
 .text.PIN_INT5_DAC1_IRQHandler
                0x00000dec       0x4c ./drivers/fsl_pint.o
                0x00000dec                PIN_INT5_DAC1_IRQHandler
 .text.PIN_INT6_USART3_IRQHandler
                0x00000e38       0x4c ./drivers/fsl_pint.o
                0x00000e38                PIN_INT6_USART3_IRQHandler
 .text.PIN_INT7_USART4_IRQHandler
                0x00000e84       0x4c ./drivers/fsl_pint.o
                0x00000e84                PIN_INT7_USART4_IRQHandler
 .text.RESET_SetPeripheralReset
                0x00000ed0       0x70 ./drivers/fsl_reset.o
 .text.RESET_ClearPeripheralReset
                0x00000f40       0x6c ./drivers/fsl_reset.o
 .text.SWM_SetMovablePinSelect
                0x00000fac       0x98 ./drivers/fsl_swm.o
                0x00000fac                SWM_SetMovablePinSelect
 .text.SWM_SetFixedPinSelect
                0x00001044       0xbc ./drivers/fsl_swm.o
                0x00001044                SWM_SetFixedPinSelect
 .text.CLOCK_EnableClock
                0x00001100       0x54 ./drivers/fsl_usart.o
 .text.USART_EnableContinuousSCLK
                0x00001154       0x40 ./drivers/fsl_usart.o
 .text.USART_GetInstance
                0x00001194       0x4c ./drivers/fsl_usart.o
                0x00001194                USART_GetInstance
 .text.USART_Init
                0x000011e0      0x120 ./drivers/fsl_usart.o
                0x000011e0                USART_Init
 .text.USART_GetDefaultConfig
                0x00001300       0x6c ./drivers/fsl_usart.o
                0x00001300                USART_GetDefaultConfig
 .text.USART_SetBaudRate
                0x0000136c      0x148 ./drivers/fsl_usart.o
                0x0000136c                USART_SetBaudRate
 .text.USART_WriteBlocking
                0x000014b4       0x64 ./drivers/fsl_usart.o
                0x000014b4                USART_WriteBlocking
 .text.USART_ReadBlocking
                0x00001518       0xc0 ./drivers/fsl_usart.o
                0x00001518                USART_ReadBlocking
 .text.USART0_DriverIRQHandler
                0x000015d8       0x24 ./drivers/fsl_usart.o
                0x000015d8                USART0_DriverIRQHandler
 .text.USART1_DriverIRQHandler
                0x000015fc       0x24 ./drivers/fsl_usart.o
                0x000015fc                USART1_DriverIRQHandler
 .text.USART2_DriverIRQHandler
                0x00001620       0x24 ./drivers/fsl_usart.o
                0x00001620                USART2_DriverIRQHandler
 .text.PIN_INT6_USART3_DriverIRQHandler
                0x00001644       0x24 ./drivers/fsl_usart.o
                0x00001644                PIN_INT6_USART3_DriverIRQHandler
 .text.PIN_INT7_USART4_DriverIRQHandler
                0x00001668       0x24 ./drivers/fsl_usart.o
                0x00001668                PIN_INT7_USART4_DriverIRQHandler
 .text.SystemInit
                0x0000168c       0x2c ./device/system_LPC845.o
                0x0000168c                SystemInit
 .text.HAL_UartGetStatus
                0x000016b8       0x20 ./component/uart/miniusart_adapter.o
 .text.HAL_UartInit
                0x000016d8      0x11c ./component/uart/miniusart_adapter.o
                0x000016d8                HAL_UartInit
 .text.HAL_UartReceiveBlocking
                0x000017f4       0x78 ./component/uart/miniusart_adapter.o
                0x000017f4                HAL_UartReceiveBlocking
 .text.HAL_UartSendBlocking
                0x0000186c       0x6c ./component/uart/miniusart_adapter.o
                0x0000186c                HAL_UartSendBlocking
 .text.CLOCK_Select
                0x000018d8       0x38 ./board/board.o
 .text.BOARD_InitDebugConsole
                0x00001910       0x4c ./board/board.o
                0x00001910                BOARD_InitDebugConsole
 .text.CLOCK_Select
                0x0000195c       0x38 ./board/clock_config.o
 .text.CLOCK_SetCoreSysClkDiv
                0x00001994       0x3c ./board/clock_config.o
 .text.CLOCK_SetFroOscFreq
                0x000019d0       0x24 ./board/clock_config.o
 .text.POWER_DisablePD
                0x000019f4       0x2c ./board/clock_config.o
 .text.BOARD_BootClockFRO30M
                0x00001a20       0x58 ./board/clock_config.o
                0x00001a20                BOARD_BootClockFRO30M
 .text.CLOCK_EnableClock
                0x00001a78       0x54 ./board/pin_mux.o
 .text.CLOCK_DisableClock
                0x00001acc       0x58 ./board/pin_mux.o
 .text.BOARD_InitPins
                0x00001b24       0x9c ./board/pin_mux.o
                0x00001b24                BOARD_InitPins
 .text._initio  0x00001bc0       0x7c c:/nxp/mcuxpressoide_11.4.1_6260/ide/plugins/com.nxp.mcuxpresso.tools.win32_11.4.0.202103011116/tools/bin/../lib/gcc/arm-none-eabi/10.2.1/../../../../arm-none-eabi/lib/thumb/v6-m/nofp\libcr_c.a(initio.o)
                0x00001bc0                _initio
 .text.setvbuf  0x00001c3c       0x4c c:/nxp/mcuxpressoide_11.4.1_6260/ide/plugins/com.nxp.mcuxpresso.tools.win32_11.4.0.202103011116/tools/bin/../lib/gcc/arm-none-eabi/10.2.1/../../../../arm-none-eabi/lib/thumb/v6-m/nofp\libcr_c.a(setvbuf.o)
                0x00001c3c                setvbuf
 .text.strlen   0x00001c88       0x58 c:/nxp/mcuxpressoide_11.4.1_6260/ide/plugins/com.nxp.mcuxpresso.tools.win32_11.4.0.202103011116/tools/bin/../lib/gcc/arm-none-eabi/10.2.1/../../../../arm-none-eabi/lib/thumb/v6-m/nofp\libcr_c.a(strlen.o)
                0x00001c88                strlen
 .text._fdopen  0x00001ce0       0x74 c:/nxp/mcuxpressoide_11.4.1_6260/ide/plugins/com.nxp.mcuxpresso.tools.win32_11.4.0.202103011116/tools/bin/../lib/gcc/arm-none-eabi/10.2.1/../../../../arm-none-eabi/lib/thumb/v6-m/nofp\libcr_c.a(_fdopen.o)
                0x00001ce0                _fdopen
 .text.fclose   0x00001d54       0x5c c:/nxp/mcuxpressoide_11.4.1_6260/ide/plugins/com.nxp.mcuxpresso.tools.win32_11.4.0.202103011116/tools/bin/../lib/gcc/arm-none-eabi/10.2.1/../../../../arm-none-eabi/lib/thumb/v6-m/nofp\libcr_c.a(fclose.o)
                0x00001d54                fclose
 .text.fflush   0x00001db0       0x44 c:/nxp/mcuxpressoide_11.4.1_6260/ide/plugins/com.nxp.mcuxpresso.tools.win32_11.4.0.202103011116/tools/bin/../lib/gcc/arm-none-eabi/10.2.1/../../../../arm-none-eabi/lib/thumb/v6-m/nofp\libcr_c.a(fflush.o)
                0x00001db0                fflush
 .text.fseek    0x00001df4       0xf0 c:/nxp/mcuxpressoide_11.4.1_6260/ide/plugins/com.nxp.mcuxpresso.tools.win32_11.4.0.202103011116/tools/bin/../lib/gcc/arm-none-eabi/10.2.1/../../../../arm-none-eabi/lib/thumb/v6-m/nofp\libcr_c.a(fseek.o)
                0x00001df4                fseek
 .text.ftell    0x00001ee4       0x48 c:/nxp/mcuxpressoide_11.4.1_6260/ide/plugins/com.nxp.mcuxpresso.tools.win32_11.4.0.202103011116/tools/bin/../lib/gcc/arm-none-eabi/10.2.1/../../../../arm-none-eabi/lib/thumb/v6-m/nofp\libcr_c.a(ftell.o)
                0x00001ee4                ftell
 .text._do_fflush
                0x00001f2c       0x48 c:/nxp/mcuxpressoide_11.4.1_6260/ide/plugins/com.nxp.mcuxpresso.tools.win32_11.4.0.202103011116/tools/bin/../lib/gcc/arm-none-eabi/10.2.1/../../../../arm-none-eabi/lib/thumb/v6-m/nofp\libcr_c.a(_do_fflush.o)
                0x00001f2c                _do_fflush
 .text._fflush  0x00001f74       0x60 c:/nxp/mcuxpressoide_11.4.1_6260/ide/plugins/com.nxp.mcuxpresso.tools.win32_11.4.0.202103011116/tools/bin/../lib/gcc/arm-none-eabi/10.2.1/../../../../arm-none-eabi/lib/thumb/v6-m/nofp\libcr_c.a(_fflush.o)
                0x00001f74                _fflush
 .text._Cwritebuf
                0x00001fd4       0x68 c:/nxp/mcuxpressoide_11.4.1_6260/ide/plugins/com.nxp.mcuxpresso.tools.win32_11.4.0.202103011116/tools/bin/../lib/gcc/arm-none-eabi/10.2.1/../../../../arm-none-eabi/lib/thumb/v6-m/nofp\libcr_c.a(_writebuf.o)
                0x00001fd4                _Cwritebuf
 .text._deferredlazyseek
                0x0000203c       0x40 c:/nxp/mcuxpressoide_11.4.1_6260/ide/plugins/com.nxp.mcuxpresso.tools.win32_11.4.0.202103011116/tools/bin/../lib/gcc/arm-none-eabi/10.2.1/../../../../arm-none-eabi/lib/thumb/v6-m/nofp\libcr_c.a(_deferredlazyseek.o)
                0x0000203c                _deferredlazyseek
 .text.DbgConsole_PrintfPaddingCharacter
                0x0000207c       0x48 ./utilities/fsl_debug_console.o
 .text.DbgConsole_ConvertRadixNumToString
                0x000020c4      0x114 ./utilities/fsl_debug_console.o
 .text.DbgConsole_PrintfFormattedData
                0x000021d8      0x3b0 ./utilities/fsl_debug_console.o
 .text.GPIO_PinInit
                0x00002588       0xb4 ./drivers/fsl_gpio.o
                0x00002588                GPIO_PinInit
 .text.EnableIRQ
                0x0000263c       0x30 ./drivers/fsl_pint.o
 .text.PINT_PinInterruptClrFallFlag
                0x0000266c       0x22 ./drivers/fsl_pint.o
 .text.PINT_PinInterruptClrRiseFlag
                0x0000268e       0x22 ./drivers/fsl_pint.o
 .text.PINT_PatternMatchResetDetectLogic
                0x000026b0       0x30 ./drivers/fsl_pint.o
                0x000026b0                PINT_PatternMatchResetDetectLogic
 .text.PINT_PinInterruptClrStatus
                0x000026e0       0x52 ./drivers/fsl_pint.o
                0x000026e0                PINT_PinInterruptClrStatus
 .text.RESET_PeripheralReset
                0x00002732       0x20 ./drivers/fsl_reset.o
                0x00002732                RESET_PeripheralReset
 .text.SYSCON_AttachSignal
                0x00002752       0x32 ./drivers/fsl_syscon.o
                0x00002752                SYSCON_AttachSignal
 .text.USART_EnableTx
                0x00002784       0x46 ./drivers/fsl_usart.o
 .text.USART_EnableRx
                0x000027ca       0x44 ./drivers/fsl_usart.o
 .text.SystemInitHook
                0x0000280e        0xa ./device/system_LPC845.o
                0x0000280e                SystemInitHook
 .text.IOCON_PinMuxSet
                0x00002818       0x26 ./board/pin_mux.o
 .text.__main   0x0000283e        0xc c:/nxp/mcuxpressoide_11.4.1_6260/ide/plugins/com.nxp.mcuxpresso.tools.win32_11.4.0.202103011116/tools/bin/../lib/gcc/arm-none-eabi/10.2.1/../../../../arm-none-eabi/lib/thumb/v6-m/nofp\libcr_nohost_nf.a(_cr__main.o)
                0x0000283e                __main
 .text.memset   0x0000284a        0x8 c:/nxp/mcuxpressoide_11.4.1_6260/ide/plugins/com.nxp.mcuxpresso.tools.win32_11.4.0.202103011116/tools/bin/../lib/gcc/arm-none-eabi/10.2.1/../../../../arm-none-eabi/lib/thumb/v6-m/nofp\libcr_c.a(memset.o)
                0x0000284a                memset
 .text.free     0x00002852       0x2c c:/nxp/mcuxpressoide_11.4.1_6260/ide/plugins/com.nxp.mcuxpresso.tools.win32_11.4.0.202103011116/tools/bin/../lib/gcc/arm-none-eabi/10.2.1/../../../../arm-none-eabi/lib/thumb/v6-m/nofp\libcr_c.a(alloc.o)
                0x00002852                free
 .text.remove   0x0000287e       0x12 c:/nxp/mcuxpressoide_11.4.1_6260/ide/plugins/com.nxp.mcuxpresso.tools.win32_11.4.0.202103011116/tools/bin/../lib/gcc/arm-none-eabi/10.2.1/../../../../arm-none-eabi/lib/thumb/v6-m/nofp\libcr_c.a(remove.o)
                0x0000287e                remove
 .text.__aeabi_division_idivmod
                0x00002890       0x78 c:/nxp/mcuxpressoide_11.4.1_6260/ide/plugins/com.nxp.mcuxpresso.tools.win32_11.4.0.202103011116/tools/bin/../lib/gcc/arm-none-eabi/10.2.1/thumb/v6-m/nofp\libcr_eabihelpers.a(division_32.o)
                0x00002890                __aeabi_idivmod
                0x00002890                __aeabi_idiv
                0x00002896                __aeabi_uidivmod
                0x00002896                __aeabi_uidiv
 .text.__aeabi_division_idiv0
                0x00002908        0x2 c:/nxp/mcuxpressoide_11.4.1_6260/ide/plugins/com.nxp.mcuxpresso.tools.win32_11.4.0.202103011116/tools/bin/../lib/gcc/arm-none-eabi/10.2.1/thumb/v6-m/nofp\libcr_eabihelpers.a(division_idiv0.o)
                0x00002908                __aeabi_idiv0
 .text.__aeabi_memset_lowlevel
                0x0000290a       0x2a c:/nxp/mcuxpressoide_11.4.1_6260/ide/plugins/com.nxp.mcuxpresso.tools.win32_11.4.0.202103011116/tools/bin/../lib/gcc/arm-none-eabi/10.2.1/thumb/v6-m/nofp\libcr_eabihelpers.a(memcpy.o)
                0x0000290a                __aeabi_lowlevel_memset
 .text.__sys_close
                0x00002934        0x6 c:/nxp/mcuxpressoide_11.4.1_6260/ide/plugins/com.nxp.mcuxpresso.tools.win32_11.4.0.202103011116/tools/bin/../lib/gcc/arm-none-eabi/10.2.1/../../../../arm-none-eabi/lib/thumb/v6-m/nofp\libcr_nohost_nf.a(__sys_close.o)
                0x00002934                __sys_close
 .text.__sys_flen
                0x0000293a        0x6 c:/nxp/mcuxpressoide_11.4.1_6260/ide/plugins/com.nxp.mcuxpresso.tools.win32_11.4.0.202103011116/tools/bin/../lib/gcc/arm-none-eabi/10.2.1/../../../../arm-none-eabi/lib/thumb/v6-m/nofp\libcr_nohost_nf.a(__sys_flen.o)
                0x0000293a                __sys_flen
 .text.__sys_istty
                0x00002940        0x6 c:/nxp/mcuxpressoide_11.4.1_6260/ide/plugins/com.nxp.mcuxpresso.tools.win32_11.4.0.202103011116/tools/bin/../lib/gcc/arm-none-eabi/10.2.1/../../../../arm-none-eabi/lib/thumb/v6-m/nofp\libcr_nohost_nf.a(__sys_istty.o)
                0x00002940                __sys_istty
 .text.__sys_remove
                0x00002946        0x6 c:/nxp/mcuxpressoide_11.4.1_6260/ide/plugins/com.nxp.mcuxpresso.tools.win32_11.4.0.202103011116/tools/bin/../lib/gcc/arm-none-eabi/10.2.1/../../../../arm-none-eabi/lib/thumb/v6-m/nofp\libcr_nohost_nf.a(__sys_remove.o)
                0x00002946                __sys_remove
 .text.__sys_seek
                0x0000294c        0x6 c:/nxp/mcuxpressoide_11.4.1_6260/ide/plugins/com.nxp.mcuxpresso.tools.win32_11.4.0.202103011116/tools/bin/../lib/gcc/arm-none-eabi/10.2.1/../../../../arm-none-eabi/lib/thumb/v6-m/nofp\libcr_nohost_nf.a(__sys_seek.o)
                0x0000294c                __sys_seek
 .text.__sys_tmpnam
                0x00002952        0x6 c:/nxp/mcuxpressoide_11.4.1_6260/ide/plugins/com.nxp.mcuxpresso.tools.win32_11.4.0.202103011116/tools/bin/../lib/gcc/arm-none-eabi/10.2.1/../../../../arm-none-eabi/lib/thumb/v6-m/nofp\libcr_nohost_nf.a(__sys_tmpnam.o)
                0x00002952                __sys_tmpnam
 .text.__sys_write
                0x00002958        0x4 c:/nxp/mcuxpressoide_11.4.1_6260/ide/plugins/com.nxp.mcuxpresso.tools.win32_11.4.0.202103011116/tools/bin/../lib/gcc/arm-none-eabi/10.2.1/../../../../arm-none-eabi/lib/thumb/v6-m/nofp\libcr_nohost_nf.a(__sys_write.o)
                0x00002958                __sys_write
 *(SORT_BY_ALIGNMENT(.rodata) SORT_BY_ALIGNMENT(.rodata.*) SORT_BY_ALIGNMENT(.constdata) SORT_BY_ALIGNMENT(.constdata.*))
 .rodata.__assertion_failed.str1.4
                0x0000295c       0x14 ./utilities/fsl_assert.o
 .rodata.pint_intr_callback.str1.4
                0x00002970       0x29 ./source/pint_pin_interrupt.o
 *fill*         0x00002999        0x3 ff
 .rodata.main.str1.4
                0x0000299c       0x94 ./source/pint_pin_interrupt.o
 .rodata.CLOCK_UpdateClkSrc.str1.4
                0x00002a30       0x18 ./drivers/fsl_clock.o
 .rodata.s_gpioClockName
                0x00002a48        0x4 ./drivers/fsl_gpio.o
 .rodata.s_gpioResets
                0x00002a4c        0x8 ./drivers/fsl_gpio.o
 .rodata.GPIO_PortInit.str1.4
                0x00002a54       0x34 ./drivers/fsl_gpio.o
 .rodata.s_pintIRQ
                0x00002a88        0x8 ./drivers/fsl_pint.o
 .rodata.PINT_Init.str1.4
                0x00002a90       0x1e ./drivers/fsl_pint.o
 *fill*         0x00002aae        0x2 ff
 .rodata.PINT_PinInterruptConfig.str1.4
                0x00002ab0       0x1f ./drivers/fsl_pint.o
 *fill*         0x00002acf        0x1 ff
 .rodata.PINT_EnableCallbackByIndex.str1.4
                0x00002ad0       0x1f ./drivers/fsl_pint.o
 *fill*         0x00002aef        0x1 ff
 .rodata.RESET_SetPeripheralReset.str1.4
                0x00002af0       0x20 ./drivers/fsl_reset.o
 .rodata.RESET_ClearPeripheralReset.str1.4
                0x00002b10       0x20 ./drivers/fsl_reset.o
 .rodata.SWM_SetMovablePinSelect.str1.4
                0x00002b30       0x4e ./drivers/fsl_swm.o
 *fill*         0x00002b7e        0x2 ff
 .rodata.SWM_SetFixedPinSelect.str1.4
                0x00002b80       0x7f ./drivers/fsl_swm.o
 *fill*         0x00002bff        0x1 ff
 .rodata.s_usartBaseAddrs
                0x00002c00       0x14 ./drivers/fsl_usart.o
 .rodata.s_usartClock
                0x00002c14        0xa ./drivers/fsl_usart.o
 *fill*         0x00002c1e        0x2 ff
 .rodata.s_usartRest
                0x00002c20       0x14 ./drivers/fsl_usart.o
 .rodata.USART_GetInstance.str1.4
                0x00002c34       0x32 ./drivers/fsl_usart.o
 *fill*         0x00002c66        0x2 ff
 .rodata.USART_Init.str1.4
                0x00002c68       0x50 ./drivers/fsl_usart.o
 .rodata.USART_GetDefaultConfig.str1.4
                0x00002cb8       0x22 ./drivers/fsl_usart.o
 *fill*         0x00002cda        0x2 ff
 .rodata.USART_SetBaudRate.str1.4
                0x00002cdc       0x90 ./drivers/fsl_usart.o
 .rodata.USART_WriteBlocking.str1.4
                0x00002d6c       0x37 ./drivers/fsl_usart.o
 *fill*         0x00002da3        0x1 ff
 .rodata.USART_ReadBlocking.str1.4
                0x00002da4       0x37 ./drivers/fsl_usart.o
 *fill*         0x00002ddb        0x1 ff
 .rodata.s_UsartAdapterBase
                0x00002ddc       0x14 ./component/uart/miniusart_adapter.o
 .rodata.HAL_UartInit.str1.4
                0x00002df0       0xec ./component/uart/miniusart_adapter.o
 .rodata.HAL_UartReceiveBlocking.str1.4
                0x00002edc       0x66 ./component/uart/miniusart_adapter.o
 *fill*         0x00002f42        0x2 ff
 .rodata.HAL_UartSendBlocking.str1.4
                0x00002f44       0x66 ./component/uart/miniusart_adapter.o
 *fill*         0x00002faa        0x2 ff
 .rodata.BOARD_InitDebugConsole.str1.4
                0x00002fac       0x28 ./board/board.o
 .rodata.CLOCK_SetCoreSysClkDiv.str1.4
                0x00002fd4       0x8b ./board/clock_config.o
 *fill*         0x0000305f        0x1 ff
 .rodata.__num_Ciob_streams
                0x00003060        0x4 c:/nxp/mcuxpressoide_11.4.1_6260/ide/plugins/com.nxp.mcuxpresso.tools.win32_11.4.0.202103011116/tools/bin/../lib/gcc/arm-none-eabi/10.2.1/../../../../arm-none-eabi/lib/thumb/v6-m/nofp\libcr_nohost_nf.a(__ciob.o)
                0x00003060                __num_Ciob_streams
 .rodata._initio.str1.1
                0x00003064        0x4 c:/nxp/mcuxpressoide_11.4.1_6260/ide/plugins/com.nxp.mcuxpresso.tools.win32_11.4.0.202103011116/tools/bin/../lib/gcc/arm-none-eabi/10.2.1/../../../../arm-none-eabi/lib/thumb/v6-m/nofp\libcr_c.a(initio.o)
                0x00003068                . = ALIGN (0x4)

.glue_7         0x00003068        0x0
 .glue_7        0x00003068        0x0 linker stubs

.glue_7t        0x00003068        0x0
 .glue_7t       0x00003068        0x0 linker stubs

.vfp11_veneer   0x00003068        0x0
 .vfp11_veneer  0x00003068        0x0 linker stubs

.v4_bx          0x00003068        0x0
 .v4_bx         0x00003068        0x0 linker stubs

.iplt           0x00003068        0x0
 .iplt          0x00003068        0x0 ./utilities/fsl_assert.o

.rel.dyn        0x00003068        0x0
 .rel.iplt      0x00003068        0x0 ./utilities/fsl_assert.o

.ARM.extab
 *(SORT_BY_ALIGNMENT(.ARM.extab*) SORT_BY_ALIGNMENT(.gnu.linkonce.armextab.*))

.ARM.exidx      0x00003068        0x0
                0x00003068                __exidx_start = .
 *(SORT_BY_ALIGNMENT(.ARM.exidx*) SORT_BY_ALIGNMENT(.gnu.linkonce.armexidx.*))
                0x00003068                __exidx_end = .
                0x00003068                _etext = .

.mtb_buffer_RAM2
 *(SORT_BY_ALIGNMENT(.mtb.$RAM2*))
 *(SORT_BY_ALIGNMENT(.mtb.$IAP_SRAM*))

.data_RAM2      0x10003fe0        0x0 load address 0x00003068
 FILL mask 0xff
                [!provide]                PROVIDE (__start_data_RAM2 = .)
                [!provide]                PROVIDE (__start_data_IAP_SRAM = .)
 *(SORT_BY_ALIGNMENT(.ramfunc.$RAM2))
 *(SORT_BY_ALIGNMENT(.ramfunc.$IAP_SRAM))
 *(SORT_BY_ALIGNMENT(.data.$RAM2))
 *(SORT_BY_ALIGNMENT(.data.$IAP_SRAM))
 *(SORT_BY_ALIGNMENT(.data.$RAM2.*))
 *(SORT_BY_ALIGNMENT(.data.$IAP_SRAM.*))
                0x10003fe0                . = ALIGN (0x4)
                [!provide]                PROVIDE (__end_data_RAM2 = .)
                [!provide]                PROVIDE (__end_data_IAP_SRAM = .)

.mtb_buffer_default
                0x10000000       0x80
 *(SORT_BY_ALIGNMENT(.mtb*))
 .mtb.$RAM1     0x10000000       0x80 ./source/mtb.o
                0x10000000                __mtb_buffer__

.uninit_RESERVED
                0x10000080        0x0
                0x10000080                _start_uninit_RESERVED = .
 *(SORT_BY_ALIGNMENT(.bss.$RESERVED*))
                0x10000080                . = ALIGN (0x4)
                0x10000080                _end_uninit_RESERVED = .

.data           0x10000080        0x4 load address 0x00003068
 FILL mask 0xff
                0x10000080                _data = .
                [!provide]                PROVIDE (__start_data_RAM = .)
                [!provide]                PROVIDE (__start_data_SRAM = .)
 *(SORT_BY_ALIGNMENT(vtable))
 *(SORT_BY_ALIGNMENT(.ramfunc*))
 *(SORT_BY_ALIGNMENT(CodeQuickAccess))
 *(SORT_BY_ALIGNMENT(DataQuickAccess))
 *(SORT_BY_ALIGNMENT(RamFunction))
 *(SORT_BY_ALIGNMENT(.data*))
 .data.SystemCoreClock
                0x10000080        0x4 ./device/system_LPC845.o
                0x10000080                SystemCoreClock
                0x10000084                . = ALIGN (0x4)
                0x10000084                _edata = .
                [!provide]                PROVIDE (__end_data_RAM = .)
                [!provide]                PROVIDE (__end_data_SRAM = .)

.igot.plt       0x10000084        0x0 load address 0x0000306c
 .igot.plt      0x10000084        0x0 ./utilities/fsl_assert.o

.bss_RAM2       0x10003fe0        0x0
                [!provide]                PROVIDE (__start_bss_RAM2 = .)
                [!provide]                PROVIDE (__start_bss_IAP_SRAM = .)
 *(SORT_BY_ALIGNMENT(.bss.$RAM2))
 *(SORT_BY_ALIGNMENT(.bss.$IAP_SRAM))
 *(SORT_BY_ALIGNMENT(.bss.$RAM2.*))
 *(SORT_BY_ALIGNMENT(.bss.$IAP_SRAM.*))
                0x10003fe0                . = ALIGN ((. != 0x0)?0x4:0x1)
                [!provide]                PROVIDE (__end_bss_RAM2 = .)
                [!provide]                PROVIDE (__end_bss_IAP_SRAM = .)

.bss            0x10000084      0x120
                0x10000084                _bss = .
                [!provide]                PROVIDE (__start_bss_RAM = .)
                [!provide]                PROVIDE (__start_bss_SRAM = .)
 *(SORT_BY_ALIGNMENT(.bss*))
 .bss.s_debugConsole
                0x10000084       0x10 ./utilities/fsl_debug_console.o
 .bss.g_Ext_Clk_Freq
                0x10000094        0x4 ./drivers/fsl_clock.o
                0x10000094                g_Ext_Clk_Freq
 .bss.g_Wdt_Osc_Freq
                0x10000098        0x4 ./drivers/fsl_clock.o
                0x10000098                g_Wdt_Osc_Freq
 .bss.s_i2cHandle
                0x1000009c       0x10 ./drivers/fsl_i2c.o
                0x1000009c                s_i2cHandle
 .bss.s_i2cMasterIsr
                0x100000ac        0x4 ./drivers/fsl_i2c.o
                0x100000ac                s_i2cMasterIsr
 .bss.s_i2cSlaveIsr
                0x100000b0        0x4 ./drivers/fsl_i2c.o
 .bss.s_pintCallback
                0x100000b4       0x20 ./drivers/fsl_pint.o
 .bss.s_usartHandle
                0x100000d4       0x14 ./drivers/fsl_usart.o
 .bss.s_usartIsr
                0x100000e8        0x4 ./drivers/fsl_usart.o
 .bss.errno     0x100000ec        0x4 c:/nxp/mcuxpressoide_11.4.1_6260/ide/plugins/com.nxp.mcuxpresso.tools.win32_11.4.0.202103011116/tools/bin/../lib/gcc/arm-none-eabi/10.2.1/../../../../arm-none-eabi/lib/thumb/v6-m/nofp\libcr_c.a(errno.o)
                0x100000ec                errno
 .bss.__Ciob    0x100000f0       0xb4 c:/nxp/mcuxpressoide_11.4.1_6260/ide/plugins/com.nxp.mcuxpresso.tools.win32_11.4.0.202103011116/tools/bin/../lib/gcc/arm-none-eabi/10.2.1/../../../../arm-none-eabi/lib/thumb/v6-m/nofp\libcr_nohost_nf.a(__ciob.o)
                0x100000f0                __Ciob
 *(SORT_BY_ALIGNMENT(COMMON))
                0x100001a4                . = ALIGN (0x4)
                0x100001a4                _ebss = .
                [!provide]                PROVIDE (__end_bss_RAM = .)
                [!provide]                PROVIDE (__end_bss_SRAM = .)
                [!provide]                PROVIDE (end = .)

.noinit_RAM2    0x10003fe0        0x0
                [!provide]                PROVIDE (__start_noinit_RAM2 = .)
                [!provide]                PROVIDE (__start_noinit_IAP_SRAM = .)
 *(SORT_BY_ALIGNMENT(.noinit.$RAM2))
 *(SORT_BY_ALIGNMENT(.noinit.$IAP_SRAM))
 *(SORT_BY_ALIGNMENT(.noinit.$RAM2.*))
 *(SORT_BY_ALIGNMENT(.noinit.$IAP_SRAM.*))
                0x10003fe0                . = ALIGN (0x4)
                [!provide]                PROVIDE (__end_noinit_RAM2 = .)
                [!provide]                PROVIDE (__end_noinit_IAP_SRAM = .)

.noinit         0x100001a4        0x0
                0x100001a4                _noinit = .
                [!provide]                PROVIDE (__start_noinit_RAM = .)
                [!provide]                PROVIDE (__start_noinit_SRAM = .)
 *(SORT_BY_ALIGNMENT(.noinit*))
                0x100001a4                . = ALIGN (0x4)
                0x100001a4                _end_noinit = .
                [!provide]                PROVIDE (__end_noinit_RAM = .)
                [!provide]                PROVIDE (__end_noinit_SRAM = .)
                0x000003f8                _HeapSize = 0x3f8

.heap           0x100001a4      0x3f8
                0x100001a4                _pvHeapStart = .
                0x1000059c                . = (. + _HeapSize)
 *fill*         0x100001a4      0x3f8 
                0x1000059c                . = ALIGN (0x4)
                0x1000059c                _pvHeapLimit = .
                0x000003f8                _StackSize = 0x3f8

.heap2stackfill
                0x1000059c      0x3f8
                0x10000994                . = (. + _StackSize)
 *fill*         0x1000059c      0x3f8 

.stack          0x10003be8        0x0
                0x10003be8                _vStackBase = .
                0x10003be8                . = ALIGN (0x4)
                0x10003fe0                _vStackTop = (. + _StackSize)
                0xefffb853                PROVIDE (__valid_user_code_checksum = (0x0 - (((_vStackTop + (ResetISR + 0x1)) + (DEFINED (NMI_Handler)?NMI_Handler:M0_NMI_Handler + 0x1)) + (DEFINED (HardFault_Handler)?HardFault_Handler:M0_HardFault_Handler + 0x1))))
                0x00000000                _image_start = LOADADDR (.text)
                0x0000306c                _image_end = (LOADADDR (.data) + SIZEOF (.data))
                0x0000306c                _image_size = (_image_end - _image_start)
OUTPUT(lpc845breakout_pint_pin_interrupt.axf elf32-littlearm)
LOAD linker stubs

.debug_info     0x00000000     0xe838
 .debug_info    0x00000000       0xa3 ./utilities/fsl_assert.o
 .debug_info    0x000000a3     0x108f ./utilities/fsl_debug_console.o
 .debug_info    0x00001132      0x4a6 ./startup/startup_lpc845.o
 .debug_info    0x000015d8       0x53 ./source/mtb.o
 .debug_info    0x0000162b      0xe18 ./source/pint_pin_interrupt.o
 .debug_info    0x00002443       0x3c ./source/semihost_hardfault.o
 .debug_info    0x0000247f     0x115c ./drivers/fsl_clock.o
 .debug_info    0x000035db      0xd0b ./drivers/fsl_gpio.o
 .debug_info    0x000042e6     0x2590 ./drivers/fsl_i2c.o
 .debug_info    0x00006876     0x1672 ./drivers/fsl_pint.o
 .debug_info    0x00007ee8      0x724 ./drivers/fsl_reset.o
 .debug_info    0x0000860c      0x71c ./drivers/fsl_swm.o
 .debug_info    0x00008d28      0x833 ./drivers/fsl_syscon.o
 .debug_info    0x0000955b     0x1aeb ./drivers/fsl_usart.o
 .debug_info    0x0000b046      0x6b7 ./device/system_LPC845.o
 .debug_info    0x0000b6fd      0xe13 ./component/uart/miniusart_adapter.o
 .debug_info    0x0000c510      0xbc7 ./board/board.o
 .debug_info    0x0000d0d7      0xa2e ./board/clock_config.o
 .debug_info    0x0000db05      0xd33 ./board/pin_mux.o

.debug_abbrev   0x00000000     0x20fc
 .debug_abbrev  0x00000000       0x66 ./utilities/fsl_assert.o
 .debug_abbrev  0x00000066      0x294 ./utilities/fsl_debug_console.o
 .debug_abbrev  0x000002fa      0x1ba ./startup/startup_lpc845.o
 .debug_abbrev  0x000004b4       0x46 ./source/mtb.o
 .debug_abbrev  0x000004fa      0x19a ./source/pint_pin_interrupt.o
 .debug_abbrev  0x00000694       0x31 ./source/semihost_hardfault.o
 .debug_abbrev  0x000006c5      0x2cd ./drivers/fsl_clock.o
 .debug_abbrev  0x00000992      0x1c5 ./drivers/fsl_gpio.o
 .debug_abbrev  0x00000b57      0x3b2 ./drivers/fsl_i2c.o
 .debug_abbrev  0x00000f09      0x29e ./drivers/fsl_pint.o
 .debug_abbrev  0x000011a7      0x15c ./drivers/fsl_reset.o
 .debug_abbrev  0x00001303      0x16e ./drivers/fsl_swm.o
 .debug_abbrev  0x00001471      0x12a ./drivers/fsl_syscon.o
 .debug_abbrev  0x0000159b      0x2ef ./drivers/fsl_usart.o
 .debug_abbrev  0x0000188a      0x143 ./device/system_LPC845.o
 .debug_abbrev  0x000019cd      0x1cb ./component/uart/miniusart_adapter.o
 .debug_abbrev  0x00001b98      0x173 ./board/board.o
 .debug_abbrev  0x00001d0b      0x1fd ./board/clock_config.o
 .debug_abbrev  0x00001f08      0x1f4 ./board/pin_mux.o

.debug_aranges  0x00000000      0x938
 .debug_aranges
                0x00000000       0x20 ./utilities/fsl_assert.o
 .debug_aranges
                0x00000020       0x70 ./utilities/fsl_debug_console.o
 .debug_aranges
                0x00000090      0x160 ./startup/startup_lpc845.o
 .debug_aranges
                0x000001f0       0x18 ./source/mtb.o
 .debug_aranges
                0x00000208       0x30 ./source/pint_pin_interrupt.o
 .debug_aranges
                0x00000238       0x20 ./source/semihost_hardfault.o
 .debug_aranges
                0x00000258      0x100 ./drivers/fsl_clock.o
 .debug_aranges
                0x00000358       0x30 ./drivers/fsl_gpio.o
 .debug_aranges
                0x00000388      0x1c0 ./drivers/fsl_i2c.o
 .debug_aranges
                0x00000548      0x108 ./drivers/fsl_pint.o
 .debug_aranges
                0x00000650       0x30 ./drivers/fsl_reset.o
 .debug_aranges
                0x00000680       0x28 ./drivers/fsl_swm.o
 .debug_aranges
                0x000006a8       0x20 ./drivers/fsl_syscon.o
 .debug_aranges
                0x000006c8      0x128 ./drivers/fsl_usart.o
 .debug_aranges
                0x000007f0       0x30 ./device/system_LPC845.o
 .debug_aranges
                0x00000820       0x50 ./component/uart/miniusart_adapter.o
 .debug_aranges
                0x00000870       0x28 ./board/board.o
 .debug_aranges
                0x00000898       0x60 ./board/clock_config.o
 .debug_aranges
                0x000008f8       0x40 ./board/pin_mux.o

.debug_ranges   0x00000000      0x848
 .debug_ranges  0x00000000       0x10 ./utilities/fsl_assert.o
 .debug_ranges  0x00000010       0x60 ./utilities/fsl_debug_console.o
 .debug_ranges  0x00000070      0x150 ./startup/startup_lpc845.o
 .debug_ranges  0x000001c0       0x20 ./source/pint_pin_interrupt.o
 .debug_ranges  0x000001e0       0x10 ./source/semihost_hardfault.o
 .debug_ranges  0x000001f0       0xf0 ./drivers/fsl_clock.o
 .debug_ranges  0x000002e0       0x20 ./drivers/fsl_gpio.o
 .debug_ranges  0x00000300      0x1f8 ./drivers/fsl_i2c.o
 .debug_ranges  0x000004f8       0xf8 ./drivers/fsl_pint.o
 .debug_ranges  0x000005f0       0x20 ./drivers/fsl_reset.o
 .debug_ranges  0x00000610       0x18 ./drivers/fsl_swm.o
 .debug_ranges  0x00000628       0x10 ./drivers/fsl_syscon.o
 .debug_ranges  0x00000638      0x118 ./drivers/fsl_usart.o
 .debug_ranges  0x00000750       0x20 ./device/system_LPC845.o
 .debug_ranges  0x00000770       0x40 ./component/uart/miniusart_adapter.o
 .debug_ranges  0x000007b0       0x18 ./board/board.o
 .debug_ranges  0x000007c8       0x50 ./board/clock_config.o
 .debug_ranges  0x00000818       0x30 ./board/pin_mux.o

.debug_macro    0x00000000     0x8d64
 .debug_macro   0x00000000      0x10f ./utilities/fsl_assert.o
 .debug_macro   0x0000010f      0xa84 ./utilities/fsl_assert.o
 .debug_macro   0x00000b93       0x10 ./utilities/fsl_assert.o
 .debug_macro   0x00000ba3       0x1c ./utilities/fsl_assert.o
 .debug_macro   0x00000bbf       0x22 ./utilities/fsl_assert.o
 .debug_macro   0x00000be1      0x12e ./utilities/fsl_assert.o
 .debug_macro   0x00000d0f      0x5b3 ./utilities/fsl_assert.o
 .debug_macro   0x000012c2       0x22 ./utilities/fsl_assert.o
 .debug_macro   0x000012e4       0x10 ./utilities/fsl_assert.o
 .debug_macro   0x000012f4       0x3f ./utilities/fsl_assert.o
 .debug_macro   0x00001333       0x1c ./utilities/fsl_assert.o
 .debug_macro   0x0000134f       0x22 ./utilities/fsl_assert.o
 .debug_macro   0x00001371       0xd1 ./utilities/fsl_assert.o
 .debug_macro   0x00001442      0x3ad ./utilities/fsl_assert.o
 .debug_macro   0x000017ef       0x22 ./utilities/fsl_assert.o
 .debug_macro   0x00001811     0x58a3 ./utilities/fsl_assert.o
 .debug_macro   0x000070b4      0x201 ./utilities/fsl_assert.o
 .debug_macro   0x000072b5       0xd7 ./utilities/fsl_assert.o
 .debug_macro   0x0000738c      0x125 ./utilities/fsl_assert.o
 .debug_macro   0x000074b1       0x16 ./utilities/fsl_assert.o
 .debug_macro   0x000074c7       0x81 ./utilities/fsl_assert.o
 .debug_macro   0x00007548       0x46 ./utilities/fsl_assert.o
 .debug_macro   0x0000758e      0x135 ./utilities/fsl_debug_console.o
 .debug_macro   0x000076c3       0x16 ./utilities/fsl_debug_console.o
 .debug_macro   0x000076d9       0x10 ./utilities/fsl_debug_console.o
 .debug_macro   0x000076e9       0x28 ./utilities/fsl_debug_console.o
 .debug_macro   0x00007711       0xc4 ./utilities/fsl_debug_console.o
 .debug_macro   0x000077d5       0x40 ./utilities/fsl_debug_console.o
 .debug_macro   0x00007815       0x2e ./utilities/fsl_debug_console.o
 .debug_macro   0x00007843       0x32 ./startup/startup_lpc845.o
 .debug_macro   0x00007875       0x34 ./startup/startup_lpc845.o
 .debug_macro   0x000078a9       0x2f ./source/mtb.o
 .debug_macro   0x000078d8       0x82 ./source/mtb.o
 .debug_macro   0x0000795a       0x10 ./source/mtb.o
 .debug_macro   0x0000796a      0x16d ./source/pint_pin_interrupt.o
 .debug_macro   0x00007ad7       0x2e ./source/pint_pin_interrupt.o
 .debug_macro   0x00007b05       0x10 ./source/pint_pin_interrupt.o
 .debug_macro   0x00007b15       0xf4 ./source/pint_pin_interrupt.o
 .debug_macro   0x00007c09       0x76 ./source/pint_pin_interrupt.o
 .debug_macro   0x00007c7f       0x8e ./source/pint_pin_interrupt.o
 .debug_macro   0x00007d0d       0x1c ./source/pint_pin_interrupt.o
 .debug_macro   0x00007d29       0x11 ./source/semihost_hardfault.o
 .debug_macro   0x00007d3a      0x130 ./drivers/fsl_clock.o
 .debug_macro   0x00007e6a      0x11c ./drivers/fsl_gpio.o
 .debug_macro   0x00007f86      0x12e ./drivers/fsl_i2c.o
 .debug_macro   0x000080b4       0x16 ./drivers/fsl_i2c.o
 .debug_macro   0x000080ca       0x1c ./drivers/fsl_i2c.o
 .debug_macro   0x000080e6       0x4c ./drivers/fsl_i2c.o
 .debug_macro   0x00008132      0x11b ./drivers/fsl_pint.o
 .debug_macro   0x0000824d       0x70 ./drivers/fsl_pint.o
 .debug_macro   0x000082bd      0x10c ./drivers/fsl_reset.o
 .debug_macro   0x000083c9      0x126 ./drivers/fsl_swm.o
 .debug_macro   0x000084ef      0x125 ./drivers/fsl_syscon.o
 .debug_macro   0x00008614       0x16 ./drivers/fsl_syscon.o
 .debug_macro   0x0000862a      0x11b ./drivers/fsl_usart.o
 .debug_macro   0x00008745       0x1c ./drivers/fsl_usart.o
 .debug_macro   0x00008761       0x97 ./device/system_LPC845.o
 .debug_macro   0x000087f8      0x118 ./component/uart/miniusart_adapter.o
 .debug_macro   0x00008910       0x22 ./component/uart/miniusart_adapter.o
 .debug_macro   0x00008932      0x136 ./board/board.o
 .debug_macro   0x00008a68      0x12c ./board/clock_config.o
 .debug_macro   0x00008b94       0x28 ./board/clock_config.o
 .debug_macro   0x00008bbc      0x132 ./board/pin_mux.o
 .debug_macro   0x00008cee       0x76 ./board/pin_mux.o

.debug_line     0x00000000     0x74d8
 .debug_line    0x00000000      0x3d5 ./utilities/fsl_assert.o
 .debug_line    0x000003d5      0xc7d ./utilities/fsl_debug_console.o
 .debug_line    0x00001052      0x26f ./startup/startup_lpc845.o
 .debug_line    0x000012c1       0xd1 ./source/mtb.o
 .debug_line    0x00001392      0x577 ./source/pint_pin_interrupt.o
 .debug_line    0x00001909       0x59 ./source/semihost_hardfault.o
 .debug_line    0x00001962      0xa43 ./drivers/fsl_clock.o
 .debug_line    0x000023a5      0x3ce ./drivers/fsl_gpio.o
 .debug_line    0x00002773     0x12e5 ./drivers/fsl_i2c.o
 .debug_line    0x00003a58      0xad1 ./drivers/fsl_pint.o
 .debug_line    0x00004529      0x3b7 ./drivers/fsl_reset.o
 .debug_line    0x000048e0      0x417 ./drivers/fsl_swm.o
 .debug_line    0x00004cf7      0x387 ./drivers/fsl_syscon.o
 .debug_line    0x0000507e      0xcdb ./drivers/fsl_usart.o
 .debug_line    0x00005d59      0x3fd ./device/system_LPC845.o
 .debug_line    0x00006156      0x552 ./component/uart/miniusart_adapter.o
 .debug_line    0x000066a8      0x496 ./board/board.o
 .debug_line    0x00006b3e      0x502 ./board/clock_config.o
 .debug_line    0x00007040      0x498 ./board/pin_mux.o

.debug_str      0x00000000    0x3eeaf
 .debug_str     0x00000000    0x361ac ./utilities/fsl_assert.o
                              0x36236 (size before relaxing)
 .debug_str     0x000361ac     0x17d6 ./utilities/fsl_debug_console.o
                              0x37a6a (size before relaxing)
 .debug_str     0x00037982      0x4cf ./startup/startup_lpc845.o
                               0x31ef (size before relaxing)
 .debug_str     0x00037e51      0x532 ./source/mtb.o
                               0x3221 (size before relaxing)
 .debug_str     0x00038383     0x22d0 ./source/pint_pin_interrupt.o
                              0x38830 (size before relaxing)
 .debug_str     0x0003a653       0x1f ./source/semihost_hardfault.o
                               0x2d0e (size before relaxing)
 .debug_str     0x0003a672      0x91c ./drivers/fsl_clock.o
                              0x37530 (size before relaxing)
 .debug_str     0x0003af8e      0x503 ./drivers/fsl_gpio.o
                              0x37205 (size before relaxing)
 .debug_str     0x0003b491     0x12d4 ./drivers/fsl_i2c.o
                              0x384da (size before relaxing)
 .debug_str     0x0003c765      0x65b ./drivers/fsl_pint.o
                              0x37f04 (size before relaxing)
 .debug_str     0x0003cdc0       0xae ./drivers/fsl_reset.o
                              0x36767 (size before relaxing)
 .debug_str     0x0003ce6e      0xb13 ./drivers/fsl_swm.o
                              0x36d43 (size before relaxing)
 .debug_str     0x0003d981       0x51 ./drivers/fsl_syscon.o
                              0x36cf6 (size before relaxing)
 .debug_str     0x0003d9d2      0xc90 ./drivers/fsl_usart.o
                              0x38145 (size before relaxing)
 .debug_str     0x0003e662       0x8f ./device/system_LPC845.o
                              0x34ff5 (size before relaxing)
 .debug_str     0x0003e6f1       0xf7 ./component/uart/miniusart_adapter.o
                              0x37439 (size before relaxing)
 .debug_str     0x0003e7e8       0x33 ./board/board.o
                              0x382a8 (size before relaxing)
 .debug_str     0x0003e81b      0x2a3 ./board/clock_config.o
                              0x36fdf (size before relaxing)
 .debug_str     0x0003eabe      0x3f1 ./board/pin_mux.o
                              0x377e3 (size before relaxing)

.comment        0x00000000       0x4d
 .comment       0x00000000       0x4d ./utilities/fsl_assert.o
                                 0x4e (size before relaxing)
 .comment       0x0000004d       0x4e ./utilities/fsl_debug_console.o
 .comment       0x0000004d       0x4e ./startup/startup_lpc845.o
 .comment       0x0000004d       0x4e ./source/mtb.o
 .comment       0x0000004d       0x4e ./source/pint_pin_interrupt.o
 .comment       0x0000004d       0x4e ./source/semihost_hardfault.o
 .comment       0x0000004d       0x4e ./drivers/fsl_clock.o
 .comment       0x0000004d       0x4e ./drivers/fsl_gpio.o
 .comment       0x0000004d       0x4e ./drivers/fsl_i2c.o
 .comment       0x0000004d       0x4e ./drivers/fsl_pint.o
 .comment       0x0000004d       0x4e ./drivers/fsl_reset.o
 .comment       0x0000004d       0x4e ./drivers/fsl_swm.o
 .comment       0x0000004d       0x4e ./drivers/fsl_syscon.o
 .comment       0x0000004d       0x4e ./drivers/fsl_usart.o
 .comment       0x0000004d       0x4e ./device/system_LPC845.o
 .comment       0x0000004d       0x4e ./component/uart/miniusart_adapter.o
 .comment       0x0000004d       0x4e ./board/board.o
 .comment       0x0000004d       0x4e ./board/clock_config.o
 .comment       0x0000004d       0x4e ./board/pin_mux.o
 .comment       0x0000004d       0x4e c:/nxp/mcuxpressoide_11.4.1_6260/ide/plugins/com.nxp.mcuxpresso.tools.win32_11.4.0.202103011116/tools/bin/../lib/gcc/arm-none-eabi/10.2.1/../../../../arm-none-eabi/lib/thumb/v6-m/nofp\libcr_nohost_nf.a(_cr__main.o)
 .comment       0x0000004d       0x4e c:/nxp/mcuxpressoide_11.4.1_6260/ide/plugins/com.nxp.mcuxpresso.tools.win32_11.4.0.202103011116/tools/bin/../lib/gcc/arm-none-eabi/10.2.1/../../../../arm-none-eabi/lib/thumb/v6-m/nofp\libcr_c.a(memset.o)
 .comment       0x0000004d       0x4e c:/nxp/mcuxpressoide_11.4.1_6260/ide/plugins/com.nxp.mcuxpresso.tools.win32_11.4.0.202103011116/tools/bin/../lib/gcc/arm-none-eabi/10.2.1/../../../../arm-none-eabi/lib/thumb/v6-m/nofp\libcr_c.a(alloc.o)
 .comment       0x0000004d       0x4e c:/nxp/mcuxpressoide_11.4.1_6260/ide/plugins/com.nxp.mcuxpresso.tools.win32_11.4.0.202103011116/tools/bin/../lib/gcc/arm-none-eabi/10.2.1/../../../../arm-none-eabi/lib/thumb/v6-m/nofp\libcr_c.a(initio.o)
 .comment       0x0000004d       0x4e c:/nxp/mcuxpressoide_11.4.1_6260/ide/plugins/com.nxp.mcuxpresso.tools.win32_11.4.0.202103011116/tools/bin/../lib/gcc/arm-none-eabi/10.2.1/../../../../arm-none-eabi/lib/thumb/v6-m/nofp\libcr_c.a(setvbuf.o)
 .comment       0x0000004d       0x4e c:/nxp/mcuxpressoide_11.4.1_6260/ide/plugins/com.nxp.mcuxpresso.tools.win32_11.4.0.202103011116/tools/bin/../lib/gcc/arm-none-eabi/10.2.1/../../../../arm-none-eabi/lib/thumb/v6-m/nofp\libcr_c.a(strlen.o)
 .comment       0x0000004d       0x4e c:/nxp/mcuxpressoide_11.4.1_6260/ide/plugins/com.nxp.mcuxpresso.tools.win32_11.4.0.202103011116/tools/bin/../lib/gcc/arm-none-eabi/10.2.1/../../../../arm-none-eabi/lib/thumb/v6-m/nofp\libcr_c.a(_fdopen.o)
 .comment       0x0000004d       0x4e c:/nxp/mcuxpressoide_11.4.1_6260/ide/plugins/com.nxp.mcuxpresso.tools.win32_11.4.0.202103011116/tools/bin/../lib/gcc/arm-none-eabi/10.2.1/../../../../arm-none-eabi/lib/thumb/v6-m/nofp\libcr_c.a(errno.o)
 .comment       0x0000004d       0x4e c:/nxp/mcuxpressoide_11.4.1_6260/ide/plugins/com.nxp.mcuxpresso.tools.win32_11.4.0.202103011116/tools/bin/../lib/gcc/arm-none-eabi/10.2.1/../../../../arm-none-eabi/lib/thumb/v6-m/nofp\libcr_c.a(fclose.o)
 .comment       0x0000004d       0x4e c:/nxp/mcuxpressoide_11.4.1_6260/ide/plugins/com.nxp.mcuxpresso.tools.win32_11.4.0.202103011116/tools/bin/../lib/gcc/arm-none-eabi/10.2.1/../../../../arm-none-eabi/lib/thumb/v6-m/nofp\libcr_c.a(fflush.o)
 .comment       0x0000004d       0x4e c:/nxp/mcuxpressoide_11.4.1_6260/ide/plugins/com.nxp.mcuxpresso.tools.win32_11.4.0.202103011116/tools/bin/../lib/gcc/arm-none-eabi/10.2.1/../../../../arm-none-eabi/lib/thumb/v6-m/nofp\libcr_c.a(fseek.o)
 .comment       0x0000004d       0x4e c:/nxp/mcuxpressoide_11.4.1_6260/ide/plugins/com.nxp.mcuxpresso.tools.win32_11.4.0.202103011116/tools/bin/../lib/gcc/arm-none-eabi/10.2.1/../../../../arm-none-eabi/lib/thumb/v6-m/nofp\libcr_c.a(ftell.o)
 .comment       0x0000004d       0x4e c:/nxp/mcuxpressoide_11.4.1_6260/ide/plugins/com.nxp.mcuxpresso.tools.win32_11.4.0.202103011116/tools/bin/../lib/gcc/arm-none-eabi/10.2.1/../../../../arm-none-eabi/lib/thumb/v6-m/nofp\libcr_c.a(remove.o)
 .comment       0x0000004d       0x4e c:/nxp/mcuxpressoide_11.4.1_6260/ide/plugins/com.nxp.mcuxpresso.tools.win32_11.4.0.202103011116/tools/bin/../lib/gcc/arm-none-eabi/10.2.1/../../../../arm-none-eabi/lib/thumb/v6-m/nofp\libcr_c.a(_do_fflush.o)
 .comment       0x0000004d       0x4e c:/nxp/mcuxpressoide_11.4.1_6260/ide/plugins/com.nxp.mcuxpresso.tools.win32_11.4.0.202103011116/tools/bin/../lib/gcc/arm-none-eabi/10.2.1/../../../../arm-none-eabi/lib/thumb/v6-m/nofp\libcr_c.a(_fflush.o)
 .comment       0x0000004d       0x4e c:/nxp/mcuxpressoide_11.4.1_6260/ide/plugins/com.nxp.mcuxpresso.tools.win32_11.4.0.202103011116/tools/bin/../lib/gcc/arm-none-eabi/10.2.1/../../../../arm-none-eabi/lib/thumb/v6-m/nofp\libcr_c.a(_writebuf.o)
 .comment       0x0000004d       0x4e c:/nxp/mcuxpressoide_11.4.1_6260/ide/plugins/com.nxp.mcuxpresso.tools.win32_11.4.0.202103011116/tools/bin/../lib/gcc/arm-none-eabi/10.2.1/../../../../arm-none-eabi/lib/thumb/v6-m/nofp\libcr_c.a(_deferredlazyseek.o)
 .comment       0x0000004d       0x4e c:/nxp/mcuxpressoide_11.4.1_6260/ide/plugins/com.nxp.mcuxpresso.tools.win32_11.4.0.202103011116/tools/bin/../lib/gcc/arm-none-eabi/10.2.1/../../../../arm-none-eabi/lib/thumb/v6-m/nofp\libcr_nohost_nf.a(__ciob.o)
 .comment       0x0000004d       0x4e c:/nxp/mcuxpressoide_11.4.1_6260/ide/plugins/com.nxp.mcuxpresso.tools.win32_11.4.0.202103011116/tools/bin/../lib/gcc/arm-none-eabi/10.2.1/../../../../arm-none-eabi/lib/thumb/v6-m/nofp\libcr_nohost_nf.a(__sys_close.o)
 .comment       0x0000004d       0x4e c:/nxp/mcuxpressoide_11.4.1_6260/ide/plugins/com.nxp.mcuxpresso.tools.win32_11.4.0.202103011116/tools/bin/../lib/gcc/arm-none-eabi/10.2.1/../../../../arm-none-eabi/lib/thumb/v6-m/nofp\libcr_nohost_nf.a(__sys_flen.o)
 .comment       0x0000004d       0x4e c:/nxp/mcuxpressoide_11.4.1_6260/ide/plugins/com.nxp.mcuxpresso.tools.win32_11.4.0.202103011116/tools/bin/../lib/gcc/arm-none-eabi/10.2.1/../../../../arm-none-eabi/lib/thumb/v6-m/nofp\libcr_nohost_nf.a(__sys_istty.o)
 .comment       0x0000004d       0x4e c:/nxp/mcuxpressoide_11.4.1_6260/ide/plugins/com.nxp.mcuxpresso.tools.win32_11.4.0.202103011116/tools/bin/../lib/gcc/arm-none-eabi/10.2.1/../../../../arm-none-eabi/lib/thumb/v6-m/nofp\libcr_nohost_nf.a(__sys_remove.o)
 .comment       0x0000004d       0x4e c:/nxp/mcuxpressoide_11.4.1_6260/ide/plugins/com.nxp.mcuxpresso.tools.win32_11.4.0.202103011116/tools/bin/../lib/gcc/arm-none-eabi/10.2.1/../../../../arm-none-eabi/lib/thumb/v6-m/nofp\libcr_nohost_nf.a(__sys_seek.o)
 .comment       0x0000004d       0x4e c:/nxp/mcuxpressoide_11.4.1_6260/ide/plugins/com.nxp.mcuxpresso.tools.win32_11.4.0.202103011116/tools/bin/../lib/gcc/arm-none-eabi/10.2.1/../../../../arm-none-eabi/lib/thumb/v6-m/nofp\libcr_nohost_nf.a(__sys_tmpnam.o)
 .comment       0x0000004d       0x4e c:/nxp/mcuxpressoide_11.4.1_6260/ide/plugins/com.nxp.mcuxpresso.tools.win32_11.4.0.202103011116/tools/bin/../lib/gcc/arm-none-eabi/10.2.1/../../../../arm-none-eabi/lib/thumb/v6-m/nofp\libcr_nohost_nf.a(__sys_write.o)

.ARM.attributes
                0x00000000       0x2a
 .ARM.attributes
                0x00000000       0x2c ./utilities/fsl_assert.o
 .ARM.attributes
                0x0000002c       0x2c ./utilities/fsl_debug_console.o
 .ARM.attributes
                0x00000058       0x2c ./startup/startup_lpc845.o
 .ARM.attributes
                0x00000084       0x32 ./source/mtb.o
 .ARM.attributes
                0x000000b6       0x2c ./source/pint_pin_interrupt.o
 .ARM.attributes
                0x000000e2       0x2c ./source/semihost_hardfault.o
 .ARM.attributes
                0x0000010e       0x2c ./drivers/fsl_clock.o
 .ARM.attributes
                0x0000013a       0x2c ./drivers/fsl_gpio.o
 .ARM.attributes
                0x00000166       0x2c ./drivers/fsl_i2c.o
 .ARM.attributes
                0x00000192       0x2c ./drivers/fsl_pint.o
 .ARM.attributes
                0x000001be       0x2c ./drivers/fsl_reset.o
 .ARM.attributes
                0x000001ea       0x2c ./drivers/fsl_swm.o
 .ARM.attributes
                0x00000216       0x2c ./drivers/fsl_syscon.o
 .ARM.attributes
                0x00000242       0x2c ./drivers/fsl_usart.o
 .ARM.attributes
                0x0000026e       0x2c ./device/system_LPC845.o
 .ARM.attributes
                0x0000029a       0x2c ./component/uart/miniusart_adapter.o
 .ARM.attributes
                0x000002c6       0x2c ./board/board.o
 .ARM.attributes
                0x000002f2       0x2c ./board/clock_config.o
 .ARM.attributes
                0x0000031e       0x2c ./board/pin_mux.o
 .ARM.attributes
                0x0000034a       0x2c c:/nxp/mcuxpressoide_11.4.1_6260/ide/plugins/com.nxp.mcuxpresso.tools.win32_11.4.0.202103011116/tools/bin/../lib/gcc/arm-none-eabi/10.2.1/../../../../arm-none-eabi/lib/thumb/v6-m/nofp\libcr_nohost_nf.a(_cr__main.o)
 .ARM.attributes
                0x00000376       0x2c c:/nxp/mcuxpressoide_11.4.1_6260/ide/plugins/com.nxp.mcuxpresso.tools.win32_11.4.0.202103011116/tools/bin/../lib/gcc/arm-none-eabi/10.2.1/../../../../arm-none-eabi/lib/thumb/v6-m/nofp\libcr_c.a(memset.o)
 .ARM.attributes
                0x000003a2       0x2c c:/nxp/mcuxpressoide_11.4.1_6260/ide/plugins/com.nxp.mcuxpresso.tools.win32_11.4.0.202103011116/tools/bin/../lib/gcc/arm-none-eabi/10.2.1/../../../../arm-none-eabi/lib/thumb/v6-m/nofp\libcr_c.a(alloc.o)
 .ARM.attributes
                0x000003ce       0x2c c:/nxp/mcuxpressoide_11.4.1_6260/ide/plugins/com.nxp.mcuxpresso.tools.win32_11.4.0.202103011116/tools/bin/../lib/gcc/arm-none-eabi/10.2.1/../../../../arm-none-eabi/lib/thumb/v6-m/nofp\libcr_c.a(initio.o)
 .ARM.attributes
                0x000003fa       0x2c c:/nxp/mcuxpressoide_11.4.1_6260/ide/plugins/com.nxp.mcuxpresso.tools.win32_11.4.0.202103011116/tools/bin/../lib/gcc/arm-none-eabi/10.2.1/../../../../arm-none-eabi/lib/thumb/v6-m/nofp\libcr_c.a(setvbuf.o)
 .ARM.attributes
                0x00000426       0x2c c:/nxp/mcuxpressoide_11.4.1_6260/ide/plugins/com.nxp.mcuxpresso.tools.win32_11.4.0.202103011116/tools/bin/../lib/gcc/arm-none-eabi/10.2.1/../../../../arm-none-eabi/lib/thumb/v6-m/nofp\libcr_c.a(strlen.o)
 .ARM.attributes
                0x00000452       0x2c c:/nxp/mcuxpressoide_11.4.1_6260/ide/plugins/com.nxp.mcuxpresso.tools.win32_11.4.0.202103011116/tools/bin/../lib/gcc/arm-none-eabi/10.2.1/../../../../arm-none-eabi/lib/thumb/v6-m/nofp\libcr_c.a(_fdopen.o)
 .ARM.attributes
                0x0000047e       0x31 c:/nxp/mcuxpressoide_11.4.1_6260/ide/plugins/com.nxp.mcuxpresso.tools.win32_11.4.0.202103011116/tools/bin/../lib/gcc/arm-none-eabi/10.2.1/../../../../arm-none-eabi/lib/thumb/v6-m/nofp\libcr_c.a(errno.o)
 .ARM.attributes
                0x000004af       0x2c c:/nxp/mcuxpressoide_11.4.1_6260/ide/plugins/com.nxp.mcuxpresso.tools.win32_11.4.0.202103011116/tools/bin/../lib/gcc/arm-none-eabi/10.2.1/../../../../arm-none-eabi/lib/thumb/v6-m/nofp\libcr_c.a(fclose.o)
 .ARM.attributes
                0x000004db       0x2c c:/nxp/mcuxpressoide_11.4.1_6260/ide/plugins/com.nxp.mcuxpresso.tools.win32_11.4.0.202103011116/tools/bin/../lib/gcc/arm-none-eabi/10.2.1/../../../../arm-none-eabi/lib/thumb/v6-m/nofp\libcr_c.a(fflush.o)
 .ARM.attributes
                0x00000507       0x2c c:/nxp/mcuxpressoide_11.4.1_6260/ide/plugins/com.nxp.mcuxpresso.tools.win32_11.4.0.202103011116/tools/bin/../lib/gcc/arm-none-eabi/10.2.1/../../../../arm-none-eabi/lib/thumb/v6-m/nofp\libcr_c.a(fseek.o)
 .ARM.attributes
                0x00000533       0x2c c:/nxp/mcuxpressoide_11.4.1_6260/ide/plugins/com.nxp.mcuxpresso.tools.win32_11.4.0.202103011116/tools/bin/../lib/gcc/arm-none-eabi/10.2.1/../../../../arm-none-eabi/lib/thumb/v6-m/nofp\libcr_c.a(ftell.o)
 .ARM.attributes
                0x0000055f       0x2c c:/nxp/mcuxpressoide_11.4.1_6260/ide/plugins/com.nxp.mcuxpresso.tools.win32_11.4.0.202103011116/tools/bin/../lib/gcc/arm-none-eabi/10.2.1/../../../../arm-none-eabi/lib/thumb/v6-m/nofp\libcr_c.a(remove.o)
 .ARM.attributes
                0x0000058b       0x2c c:/nxp/mcuxpressoide_11.4.1_6260/ide/plugins/com.nxp.mcuxpresso.tools.win32_11.4.0.202103011116/tools/bin/../lib/gcc/arm-none-eabi/10.2.1/../../../../arm-none-eabi/lib/thumb/v6-m/nofp\libcr_c.a(_do_fflush.o)
 .ARM.attributes
                0x000005b7       0x2c c:/nxp/mcuxpressoide_11.4.1_6260/ide/plugins/com.nxp.mcuxpresso.tools.win32_11.4.0.202103011116/tools/bin/../lib/gcc/arm-none-eabi/10.2.1/../../../../arm-none-eabi/lib/thumb/v6-m/nofp\libcr_c.a(_fflush.o)
 .ARM.attributes
                0x000005e3       0x2c c:/nxp/mcuxpressoide_11.4.1_6260/ide/plugins/com.nxp.mcuxpresso.tools.win32_11.4.0.202103011116/tools/bin/../lib/gcc/arm-none-eabi/10.2.1/../../../../arm-none-eabi/lib/thumb/v6-m/nofp\libcr_c.a(_writebuf.o)
 .ARM.attributes
                0x0000060f       0x2c c:/nxp/mcuxpressoide_11.4.1_6260/ide/plugins/com.nxp.mcuxpresso.tools.win32_11.4.0.202103011116/tools/bin/../lib/gcc/arm-none-eabi/10.2.1/../../../../arm-none-eabi/lib/thumb/v6-m/nofp\libcr_c.a(_deferredlazyseek.o)
 .ARM.attributes
                0x0000063b       0x1c c:/nxp/mcuxpressoide_11.4.1_6260/ide/plugins/com.nxp.mcuxpresso.tools.win32_11.4.0.202103011116/tools/bin/../lib/gcc/arm-none-eabi/10.2.1/thumb/v6-m/nofp\libcr_eabihelpers.a(division_32.o)
 .ARM.attributes
                0x00000657       0x1c c:/nxp/mcuxpressoide_11.4.1_6260/ide/plugins/com.nxp.mcuxpresso.tools.win32_11.4.0.202103011116/tools/bin/../lib/gcc/arm-none-eabi/10.2.1/thumb/v6-m/nofp\libcr_eabihelpers.a(division_idiv0.o)
 .ARM.attributes
                0x00000673       0x1c c:/nxp/mcuxpressoide_11.4.1_6260/ide/plugins/com.nxp.mcuxpresso.tools.win32_11.4.0.202103011116/tools/bin/../lib/gcc/arm-none-eabi/10.2.1/thumb/v6-m/nofp\libcr_eabihelpers.a(memcpy.o)
 .ARM.attributes
                0x0000068f       0x31 c:/nxp/mcuxpressoide_11.4.1_6260/ide/plugins/com.nxp.mcuxpresso.tools.win32_11.4.0.202103011116/tools/bin/../lib/gcc/arm-none-eabi/10.2.1/../../../../arm-none-eabi/lib/thumb/v6-m/nofp\libcr_nohost_nf.a(__ciob.o)
 .ARM.attributes
                0x000006c0       0x2c c:/nxp/mcuxpressoide_11.4.1_6260/ide/plugins/com.nxp.mcuxpresso.tools.win32_11.4.0.202103011116/tools/bin/../lib/gcc/arm-none-eabi/10.2.1/../../../../arm-none-eabi/lib/thumb/v6-m/nofp\libcr_nohost_nf.a(__sys_close.o)
 .ARM.attributes
                0x000006ec       0x2c c:/nxp/mcuxpressoide_11.4.1_6260/ide/plugins/com.nxp.mcuxpresso.tools.win32_11.4.0.202103011116/tools/bin/../lib/gcc/arm-none-eabi/10.2.1/../../../../arm-none-eabi/lib/thumb/v6-m/nofp\libcr_nohost_nf.a(__sys_flen.o)
 .ARM.attributes
                0x00000718       0x2c c:/nxp/mcuxpressoide_11.4.1_6260/ide/plugins/com.nxp.mcuxpresso.tools.win32_11.4.0.202103011116/tools/bin/../lib/gcc/arm-none-eabi/10.2.1/../../../../arm-none-eabi/lib/thumb/v6-m/nofp\libcr_nohost_nf.a(__sys_istty.o)
 .ARM.attributes
                0x00000744       0x2c c:/nxp/mcuxpressoide_11.4.1_6260/ide/plugins/com.nxp.mcuxpresso.tools.win32_11.4.0.202103011116/tools/bin/../lib/gcc/arm-none-eabi/10.2.1/../../../../arm-none-eabi/lib/thumb/v6-m/nofp\libcr_nohost_nf.a(__sys_remove.o)
 .ARM.attributes
                0x00000770       0x2c c:/nxp/mcuxpressoide_11.4.1_6260/ide/plugins/com.nxp.mcuxpresso.tools.win32_11.4.0.202103011116/tools/bin/../lib/gcc/arm-none-eabi/10.2.1/../../../../arm-none-eabi/lib/thumb/v6-m/nofp\libcr_nohost_nf.a(__sys_seek.o)
 .ARM.attributes
                0x0000079c       0x2c c:/nxp/mcuxpressoide_11.4.1_6260/ide/plugins/com.nxp.mcuxpresso.tools.win32_11.4.0.202103011116/tools/bin/../lib/gcc/arm-none-eabi/10.2.1/../../../../arm-none-eabi/lib/thumb/v6-m/nofp\libcr_nohost_nf.a(__sys_tmpnam.o)
 .ARM.attributes
                0x000007c8       0x2c c:/nxp/mcuxpressoide_11.4.1_6260/ide/plugins/com.nxp.mcuxpresso.tools.win32_11.4.0.202103011116/tools/bin/../lib/gcc/arm-none-eabi/10.2.1/../../../../arm-none-eabi/lib/thumb/v6-m/nofp\libcr_nohost_nf.a(__sys_write.o)

.debug_frame    0x00000000     0x1d10
 .debug_frame   0x00000000       0x30 ./utilities/fsl_assert.o
 .debug_frame   0x00000030      0x170 ./utilities/fsl_debug_console.o
 .debug_frame   0x000001a0      0x3b0 ./startup/startup_lpc845.o
 .debug_frame   0x00000550       0x70 ./source/pint_pin_interrupt.o
 .debug_frame   0x000005c0       0x20 ./source/semihost_hardfault.o
 .debug_frame   0x000005e0      0x3ac ./drivers/fsl_clock.o
 .debug_frame   0x0000098c       0x70 ./drivers/fsl_gpio.o
 .debug_frame   0x000009fc      0x6a4 ./drivers/fsl_i2c.o
 .debug_frame   0x000010a0      0x3d0 ./drivers/fsl_pint.o
 .debug_frame   0x00001470       0x70 ./drivers/fsl_reset.o
 .debug_frame   0x000014e0       0x50 ./drivers/fsl_swm.o
 .debug_frame   0x00001530       0x30 ./drivers/fsl_syscon.o
 .debug_frame   0x00001560      0x43c ./drivers/fsl_usart.o
 .debug_frame   0x0000199c       0x68 ./device/system_LPC845.o
 .debug_frame   0x00001a04       0xf0 ./component/uart/miniusart_adapter.o
 .debug_frame   0x00001af4       0x50 ./board/board.o
 .debug_frame   0x00001b44      0x120 ./board/clock_config.o
 .debug_frame   0x00001c64       0xac ./board/pin_mux.o

Cross Reference Table

Symbol                                            File
ADC0_OVR_DriverIRQHandler                         ./startup/startup_lpc845.o
ADC0_OVR_IRQHandler                               ./startup/startup_lpc845.o
ADC0_SEQA_DriverIRQHandler                        ./startup/startup_lpc845.o
ADC0_SEQA_IRQHandler                              ./startup/startup_lpc845.o
ADC0_SEQB_DriverIRQHandler                        ./startup/startup_lpc845.o
ADC0_SEQB_IRQHandler                              ./startup/startup_lpc845.o
ADC0_THCMP_DriverIRQHandler                       ./startup/startup_lpc845.o
ADC0_THCMP_IRQHandler                             ./startup/startup_lpc845.o
BOARD_BootClockFRO18M                             ./board/clock_config.o
BOARD_BootClockFRO24M                             ./board/clock_config.o
BOARD_BootClockFRO30M                             ./board/clock_config.o
                                                  ./source/pint_pin_interrupt.o
BOARD_BootClockPll24M                             ./board/clock_config.o
BOARD_InitBootClocks                              ./board/clock_config.o
BOARD_InitBootPeripherals                         ./board/peripherals.o
BOARD_InitBootPins                                ./board/pin_mux.o
BOARD_InitDebugConsole                            ./board/board.o
                                                  ./source/pint_pin_interrupt.o
BOARD_InitPeripherals                             ./board/peripherals.o
BOARD_InitPins                                    ./board/pin_mux.o
                                                  ./source/pint_pin_interrupt.o
BOD_DriverIRQHandler                              ./startup/startup_lpc845.o
BOD_IRQHandler                                    ./startup/startup_lpc845.o
CLOCK_GetClockOutClkFreq                          ./drivers/fsl_clock.o
CLOCK_GetFRG0ClkFreq                              ./drivers/fsl_clock.o
CLOCK_GetFRG1ClkFreq                              ./drivers/fsl_clock.o
CLOCK_GetFreq                                     ./drivers/fsl_clock.o
CLOCK_GetFroFreq                                  ./drivers/fsl_clock.o
CLOCK_GetMainClkFreq                              ./drivers/fsl_clock.o
                                                  ./board/board.o
CLOCK_GetSystemPLLInClockRate                     ./drivers/fsl_clock.o
CLOCK_GetUart0ClkFreq                             ./drivers/fsl_clock.o
CLOCK_GetUart1ClkFreq                             ./drivers/fsl_clock.o
CLOCK_GetUart2ClkFreq                             ./drivers/fsl_clock.o
CLOCK_GetUart3ClkFreq                             ./drivers/fsl_clock.o
CLOCK_GetUart4ClkFreq                             ./drivers/fsl_clock.o
CLOCK_InitExtClkin                                ./drivers/fsl_clock.o
CLOCK_InitSysOsc                                  ./drivers/fsl_clock.o
CLOCK_InitSystemPll                               ./drivers/fsl_clock.o
                                                  ./board/clock_config.o
CLOCK_InitWdtOsc                                  ./drivers/fsl_clock.o
CLOCK_InitXtalin                                  ./drivers/fsl_clock.o
CLOCK_SetFRG0ClkFreq                              ./drivers/fsl_clock.o
CLOCK_SetFRG1ClkFreq                              ./drivers/fsl_clock.o
CLOCK_SetFroOutClkSrc                             ./drivers/fsl_clock.o
                                                  ./board/clock_config.o
CLOCK_SetMainClkSrc                               ./drivers/fsl_clock.o
                                                  ./board/clock_config.o
CMP_CAPT_DriverIRQHandler                         ./startup/startup_lpc845.o
CMP_CAPT_IRQHandler                               ./startup/startup_lpc845.o
CRP_WORD                                          ./startup/startup_lpc845.o
CTIMER0_DriverIRQHandler                          ./startup/startup_lpc845.o
CTIMER0_IRQHandler                                ./startup/startup_lpc845.o
DAC0_DriverIRQHandler                             ./startup/startup_lpc845.o
DAC0_IRQHandler                                   ./startup/startup_lpc845.o
DMA0_DriverIRQHandler                             ./startup/startup_lpc845.o
DMA0_IRQHandler                                   ./startup/startup_lpc845.o
DbgConsole_Deinit                                 ./utilities/fsl_debug_console.o
DbgConsole_Getchar                                ./utilities/fsl_debug_console.o
DbgConsole_Init                                   ./utilities/fsl_debug_console.o
                                                  ./board/board.o
DbgConsole_Printf                                 ./utilities/fsl_debug_console.o
                                                  ./source/pint_pin_interrupt.o
                                                  ./utilities/fsl_assert.o
DbgConsole_Putchar                                ./utilities/fsl_debug_console.o
DbgConsole_Scanf                                  ./utilities/fsl_debug_console.o
DisableDeepSleepIRQ                               ./drivers/fsl_power.o
EnableDeepSleepIRQ                                ./drivers/fsl_power.o
ExtClockIn                                        ./board/board.o
FLASH_DriverIRQHandler                            ./startup/startup_lpc845.o
FLASH_IRQHandler                                  ./startup/startup_lpc845.o
GPIO_PinInit                                      ./drivers/fsl_gpio.o
                                                  ./source/pint_pin_interrupt.o
GPIO_PortInit                                     ./drivers/fsl_gpio.o
                                                  ./source/pint_pin_interrupt.o
HAL_UartDeinit                                    ./component/uart/miniusart_adapter.o
                                                  ./utilities/fsl_debug_console.o
HAL_UartEnterLowpower                             ./component/uart/miniusart_adapter.o
HAL_UartExitLowpower                              ./component/uart/miniusart_adapter.o
HAL_UartInit                                      ./component/uart/miniusart_adapter.o
                                                  ./utilities/fsl_debug_console.o
HAL_UartReceiveBlocking                           ./component/uart/miniusart_adapter.o
                                                  ./utilities/fsl_debug_console.o
HAL_UartSendBlocking                              ./component/uart/miniusart_adapter.o
                                                  ./utilities/fsl_debug_console.o
HardFault_Handler                                 ./source/semihost_hardfault.o
                                                  ./startup/startup_lpc845.o
I2C0_DriverIRQHandler                             ./drivers/fsl_i2c.o
                                                  ./startup/startup_lpc845.o
I2C0_IRQHandler                                   ./startup/startup_lpc845.o
I2C0_config                                       ./board/peripherals.o
I2C1_DriverIRQHandler                             ./drivers/fsl_i2c.o
                                                  ./startup/startup_lpc845.o
I2C1_IRQHandler                                   ./startup/startup_lpc845.o
I2C2_DriverIRQHandler                             ./drivers/fsl_i2c.o
                                                  ./startup/startup_lpc845.o
I2C2_IRQHandler                                   ./startup/startup_lpc845.o
I2C3_DriverIRQHandler                             ./startup/startup_lpc845.o
I2C3_IRQHandler                                   ./startup/startup_lpc845.o
I2C_GetInstance                                   ./drivers/fsl_i2c.o
I2C_MasterDeinit                                  ./drivers/fsl_i2c.o
I2C_MasterGetDefaultConfig                        ./drivers/fsl_i2c.o
I2C_MasterInit                                    ./drivers/fsl_i2c.o
                                                  ./board/peripherals.o
I2C_MasterReadBlocking                            ./drivers/fsl_i2c.o
I2C_MasterSetBaudRate                             ./drivers/fsl_i2c.o
I2C_MasterStart                                   ./drivers/fsl_i2c.o
I2C_MasterStop                                    ./drivers/fsl_i2c.o
I2C_MasterTransferAbort                           ./drivers/fsl_i2c.o
I2C_MasterTransferBlocking                        ./drivers/fsl_i2c.o
I2C_MasterTransferCreateHandle                    ./drivers/fsl_i2c.o
I2C_MasterTransferGetCount                        ./drivers/fsl_i2c.o
I2C_MasterTransferHandleIRQ                       ./drivers/fsl_i2c.o
I2C_MasterTransferNonBlocking                     ./drivers/fsl_i2c.o
I2C_MasterWriteBlocking                           ./drivers/fsl_i2c.o
I2C_SlaveDeinit                                   ./drivers/fsl_i2c.o
I2C_SlaveGetDefaultConfig                         ./drivers/fsl_i2c.o
I2C_SlaveInit                                     ./drivers/fsl_i2c.o
I2C_SlaveReadBlocking                             ./drivers/fsl_i2c.o
I2C_SlaveSetAddress                               ./drivers/fsl_i2c.o
I2C_SlaveSetReceiveBuffer                         ./drivers/fsl_i2c.o
I2C_SlaveSetSendBuffer                            ./drivers/fsl_i2c.o
I2C_SlaveTransferAbort                            ./drivers/fsl_i2c.o
I2C_SlaveTransferCreateHandle                     ./drivers/fsl_i2c.o
I2C_SlaveTransferGetCount                         ./drivers/fsl_i2c.o
I2C_SlaveTransferHandleIRQ                        ./drivers/fsl_i2c.o
I2C_SlaveTransferNonBlocking                      ./drivers/fsl_i2c.o
I2C_SlaveWriteBlocking                            ./drivers/fsl_i2c.o
INPUTMUX_AttachSignal                             ./drivers/fsl_inputmux.o
INPUTMUX_Deinit                                   ./drivers/fsl_inputmux.o
INPUTMUX_Init                                     ./drivers/fsl_inputmux.o
IntDefaultHandler                                 ./startup/startup_lpc845.o
MRT0_DriverIRQHandler                             ./startup/startup_lpc845.o
MRT0_IRQHandler                                   ./startup/startup_lpc845.o
NMI_Handler                                       ./startup/startup_lpc845.o
PINT_Deinit                                       ./drivers/fsl_pint.o
PINT_DisableCallback                              ./drivers/fsl_pint.o
PINT_DisableCallbackByIndex                       ./drivers/fsl_pint.o
PINT_EnableCallback                               ./drivers/fsl_pint.o
PINT_EnableCallbackByIndex                        ./drivers/fsl_pint.o
                                                  ./source/pint_pin_interrupt.o
PINT_Init                                         ./drivers/fsl_pint.o
                                                  ./source/pint_pin_interrupt.o
PINT_PatternMatchConfig                           ./drivers/fsl_pint.o
PINT_PatternMatchGetConfig                        ./drivers/fsl_pint.o
PINT_PatternMatchResetDetectLogic                 ./drivers/fsl_pint.o
PINT_PinInterruptClrStatus                        ./drivers/fsl_pint.o
PINT_PinInterruptClrStatusAll                     ./drivers/fsl_pint.o
PINT_PinInterruptConfig                           ./drivers/fsl_pint.o
                                                  ./source/pint_pin_interrupt.o
PINT_PinInterruptGetConfig                        ./drivers/fsl_pint.o
PIN_INT0_DriverIRQHandler                         ./drivers/fsl_pint.o
                                                  ./startup/startup_lpc845.o
PIN_INT0_IRQHandler                               ./startup/startup_lpc845.o
PIN_INT1_DriverIRQHandler                         ./drivers/fsl_pint.o
                                                  ./startup/startup_lpc845.o
PIN_INT1_IRQHandler                               ./startup/startup_lpc845.o
PIN_INT2_DriverIRQHandler                         ./drivers/fsl_pint.o
                                                  ./startup/startup_lpc845.o
PIN_INT2_IRQHandler                               ./startup/startup_lpc845.o
PIN_INT3_DriverIRQHandler                         ./drivers/fsl_pint.o
                                                  ./startup/startup_lpc845.o
PIN_INT3_IRQHandler                               ./startup/startup_lpc845.o
PIN_INT4_DriverIRQHandler                         ./drivers/fsl_pint.o
                                                  ./startup/startup_lpc845.o
PIN_INT4_IRQHandler                               ./startup/startup_lpc845.o
PIN_INT5_DAC1_DriverIRQHandler                    ./startup/startup_lpc845.o
PIN_INT5_DAC1_IRQHandler                          ./drivers/fsl_pint.o
                                                  ./startup/startup_lpc845.o
PIN_INT6_USART3_DriverIRQHandler                  ./drivers/fsl_usart.o
                                                  ./startup/startup_lpc845.o
PIN_INT6_USART3_IRQHandler                        ./drivers/fsl_pint.o
                                                  ./startup/startup_lpc845.o
PIN_INT7_USART4_DriverIRQHandler                  ./drivers/fsl_usart.o
                                                  ./startup/startup_lpc845.o
PIN_INT7_USART4_IRQHandler                        ./drivers/fsl_pint.o
                                                  ./startup/startup_lpc845.o
POWER_EnterDeepPowerDownMode                      ./drivers/fsl_power.o
POWER_EnterDeepSleep                              ./drivers/fsl_power.o
POWER_EnterPowerDown                              ./drivers/fsl_power.o
POWER_EnterSleep                                  ./drivers/fsl_power.o
PendSV_Handler                                    ./startup/startup_lpc845.o
RESET_PeripheralReset                             ./drivers/fsl_reset.o
                                                  ./board/board.o
                                                  ./drivers/fsl_usart.o
                                                  ./drivers/fsl_pint.o
                                                  ./drivers/fsl_i2c.o
                                                  ./drivers/fsl_gpio.o
Reserved22_DriverIRQHandler                       ./startup/startup_lpc845.o
Reserved22_IRQHandler                             ./startup/startup_lpc845.o
ResetISR                                          ./startup/startup_lpc845.o
SCT0_DriverIRQHandler                             ./startup/startup_lpc845.o
SCT0_IRQHandler                                   ./startup/startup_lpc845.o
SDK_DelayAtLeastUs                                ./drivers/fsl_common.o
                                                  ./drivers/fsl_clock.o
SDK_Free                                          ./drivers/fsl_common.o
SDK_Malloc                                        ./drivers/fsl_common.o
SPI0_DriverIRQHandler                             ./startup/startup_lpc845.o
SPI0_IRQHandler                                   ./startup/startup_lpc845.o
SPI1_DriverIRQHandler                             ./startup/startup_lpc845.o
SPI1_IRQHandler                                   ./startup/startup_lpc845.o
SVC_Handler                                       ./startup/startup_lpc845.o
SWM_SetFixedPinSelect                             ./drivers/fsl_swm.o
                                                  ./board/pin_mux.o
SWM_SetMovablePinSelect                           ./drivers/fsl_swm.o
                                                  ./board/pin_mux.o
SYSCON_AttachSignal                               ./drivers/fsl_syscon.o
                                                  ./source/pint_pin_interrupt.o
SysTick_Handler                                   ./startup/startup_lpc845.o
SystemCoreClock                                   ./device/system_LPC845.o
                                                  ./board/clock_config.o
SystemCoreClockUpdate                             ./device/system_LPC845.o
SystemInit                                        ./device/system_LPC845.o
                                                  ./startup/startup_lpc845.o
SystemInitHook                                    ./device/system_LPC845.o
USART0_DriverIRQHandler                           ./drivers/fsl_usart.o
                                                  ./startup/startup_lpc845.o
USART0_IRQHandler                                 ./startup/startup_lpc845.o
USART1_DriverIRQHandler                           ./drivers/fsl_usart.o
                                                  ./startup/startup_lpc845.o
USART1_IRQHandler                                 ./startup/startup_lpc845.o
USART2_DriverIRQHandler                           ./drivers/fsl_usart.o
                                                  ./startup/startup_lpc845.o
USART2_IRQHandler                                 ./startup/startup_lpc845.o
USART_Deinit                                      ./drivers/fsl_usart.o
                                                  ./component/uart/miniusart_adapter.o
USART_GetDefaultConfig                            ./drivers/fsl_usart.o
                                                  ./component/uart/miniusart_adapter.o
USART_GetInstance                                 ./drivers/fsl_usart.o
USART_Init                                        ./drivers/fsl_usart.o
                                                  ./component/uart/miniusart_adapter.o
USART_ReadBlocking                                ./drivers/fsl_usart.o
                                                  ./component/uart/miniusart_adapter.o
USART_SetBaudRate                                 ./drivers/fsl_usart.o
USART_TransferAbortReceive                        ./drivers/fsl_usart.o
USART_TransferAbortSend                           ./drivers/fsl_usart.o
USART_TransferCreateHandle                        ./drivers/fsl_usart.o
USART_TransferGetReceiveCount                     ./drivers/fsl_usart.o
USART_TransferGetRxRingBufferLength               ./drivers/fsl_usart.o
USART_TransferGetSendCount                        ./drivers/fsl_usart.o
USART_TransferHandleIRQ                           ./drivers/fsl_usart.o
USART_TransferReceiveNonBlocking                  ./drivers/fsl_usart.o
USART_TransferSendNonBlocking                     ./drivers/fsl_usart.o
USART_TransferStartRingBuffer                     ./drivers/fsl_usart.o
USART_TransferStopRingBuffer                      ./drivers/fsl_usart.o
USART_WriteBlocking                               ./drivers/fsl_usart.o
                                                  ./component/uart/miniusart_adapter.o
WDT_DriverIRQHandler                              ./startup/startup_lpc845.o
WDT_IRQHandler                                    ./startup/startup_lpc845.o
WKT_DriverIRQHandler                              ./startup/startup_lpc845.o
WKT_IRQHandler                                    ./startup/startup_lpc845.o
_Csys_alloc                                       c:/nxp/mcuxpressoide_11.4.1_6260/ide/plugins/com.nxp.mcuxpresso.tools.win32_11.4.0.202103011116/tools/bin/../lib/gcc/arm-none-eabi/10.2.1/../../../../arm-none-eabi/lib/thumb/v6-m/nofp\libcr_c.a(alloc.o)
                                                  c:/nxp/mcuxpressoide_11.4.1_6260/ide/plugins/com.nxp.mcuxpresso.tools.win32_11.4.0.202103011116/tools/bin/../lib/gcc/arm-none-eabi/10.2.1/../../../../arm-none-eabi/lib/thumb/v6-m/nofp\libcr_c.a(_deferredlazyseek.o)
_Cwritebuf                                        c:/nxp/mcuxpressoide_11.4.1_6260/ide/plugins/com.nxp.mcuxpresso.tools.win32_11.4.0.202103011116/tools/bin/../lib/gcc/arm-none-eabi/10.2.1/../../../../arm-none-eabi/lib/thumb/v6-m/nofp\libcr_c.a(_writebuf.o)
                                                  c:/nxp/mcuxpressoide_11.4.1_6260/ide/plugins/com.nxp.mcuxpresso.tools.win32_11.4.0.202103011116/tools/bin/../lib/gcc/arm-none-eabi/10.2.1/../../../../arm-none-eabi/lib/thumb/v6-m/nofp\libcr_c.a(_deferredlazyseek.o)
                                                  c:/nxp/mcuxpressoide_11.4.1_6260/ide/plugins/com.nxp.mcuxpresso.tools.win32_11.4.0.202103011116/tools/bin/../lib/gcc/arm-none-eabi/10.2.1/../../../../arm-none-eabi/lib/thumb/v6-m/nofp\libcr_c.a(_fflush.o)
__Ciob                                            c:/nxp/mcuxpressoide_11.4.1_6260/ide/plugins/com.nxp.mcuxpresso.tools.win32_11.4.0.202103011116/tools/bin/../lib/gcc/arm-none-eabi/10.2.1/../../../../arm-none-eabi/lib/thumb/v6-m/nofp\libcr_nohost_nf.a(__ciob.o)
                                                  c:/nxp/mcuxpressoide_11.4.1_6260/ide/plugins/com.nxp.mcuxpresso.tools.win32_11.4.0.202103011116/tools/bin/../lib/gcc/arm-none-eabi/10.2.1/../../../../arm-none-eabi/lib/thumb/v6-m/nofp\libcr_c.a(fflush.o)
                                                  c:/nxp/mcuxpressoide_11.4.1_6260/ide/plugins/com.nxp.mcuxpresso.tools.win32_11.4.0.202103011116/tools/bin/../lib/gcc/arm-none-eabi/10.2.1/../../../../arm-none-eabi/lib/thumb/v6-m/nofp\libcr_c.a(initio.o)
__Vectors                                         ./startup/startup_lpc845.o
__aeabi_idiv                                      c:/nxp/mcuxpressoide_11.4.1_6260/ide/plugins/com.nxp.mcuxpresso.tools.win32_11.4.0.202103011116/tools/bin/../lib/gcc/arm-none-eabi/10.2.1/thumb/v6-m/nofp\libcr_eabihelpers.a(division_32.o)
                                                  ./utilities/fsl_debug_console.o
__aeabi_idiv0                                     c:/nxp/mcuxpressoide_11.4.1_6260/ide/plugins/com.nxp.mcuxpresso.tools.win32_11.4.0.202103011116/tools/bin/../lib/gcc/arm-none-eabi/10.2.1/thumb/v6-m/nofp\libcr_eabihelpers.a(division_idiv0.o)
                                                  c:/nxp/mcuxpressoide_11.4.1_6260/ide/plugins/com.nxp.mcuxpresso.tools.win32_11.4.0.202103011116/tools/bin/../lib/gcc/arm-none-eabi/10.2.1/thumb/v6-m/nofp\libcr_eabihelpers.a(division_64.o)
                                                  c:/nxp/mcuxpressoide_11.4.1_6260/ide/plugins/com.nxp.mcuxpresso.tools.win32_11.4.0.202103011116/tools/bin/../lib/gcc/arm-none-eabi/10.2.1/thumb/v6-m/nofp\libcr_eabihelpers.a(division_32.o)
__aeabi_idivmod                                   c:/nxp/mcuxpressoide_11.4.1_6260/ide/plugins/com.nxp.mcuxpresso.tools.win32_11.4.0.202103011116/tools/bin/../lib/gcc/arm-none-eabi/10.2.1/thumb/v6-m/nofp\libcr_eabihelpers.a(division_32.o)
__aeabi_lasr                                      c:/nxp/mcuxpressoide_11.4.1_6260/ide/plugins/com.nxp.mcuxpresso.tools.win32_11.4.0.202103011116/tools/bin/../lib/gcc/arm-none-eabi/10.2.1/thumb/v6-m/nofp\libcr_eabihelpers.a(llong.o)
__aeabi_lcmp                                      c:/nxp/mcuxpressoide_11.4.1_6260/ide/plugins/com.nxp.mcuxpresso.tools.win32_11.4.0.202103011116/tools/bin/../lib/gcc/arm-none-eabi/10.2.1/thumb/v6-m/nofp\libcr_eabihelpers.a(llong.o)
__aeabi_ldivmod                                   c:/nxp/mcuxpressoide_11.4.1_6260/ide/plugins/com.nxp.mcuxpresso.tools.win32_11.4.0.202103011116/tools/bin/../lib/gcc/arm-none-eabi/10.2.1/thumb/v6-m/nofp\libcr_eabihelpers.a(division_64.o)
__aeabi_llsl                                      c:/nxp/mcuxpressoide_11.4.1_6260/ide/plugins/com.nxp.mcuxpresso.tools.win32_11.4.0.202103011116/tools/bin/../lib/gcc/arm-none-eabi/10.2.1/thumb/v6-m/nofp\libcr_eabihelpers.a(llong.o)
__aeabi_llsr                                      c:/nxp/mcuxpressoide_11.4.1_6260/ide/plugins/com.nxp.mcuxpresso.tools.win32_11.4.0.202103011116/tools/bin/../lib/gcc/arm-none-eabi/10.2.1/thumb/v6-m/nofp\libcr_eabihelpers.a(llong.o)
__aeabi_lmul                                      c:/nxp/mcuxpressoide_11.4.1_6260/ide/plugins/com.nxp.mcuxpresso.tools.win32_11.4.0.202103011116/tools/bin/../lib/gcc/arm-none-eabi/10.2.1/thumb/v6-m/nofp\libcr_eabihelpers.a(llong.o)
                                                  ./drivers/fsl_common.o
__aeabi_lowlevel_memset                           c:/nxp/mcuxpressoide_11.4.1_6260/ide/plugins/com.nxp.mcuxpresso.tools.win32_11.4.0.202103011116/tools/bin/../lib/gcc/arm-none-eabi/10.2.1/thumb/v6-m/nofp\libcr_eabihelpers.a(memcpy.o)
                                                  c:/nxp/mcuxpressoide_11.4.1_6260/ide/plugins/com.nxp.mcuxpresso.tools.win32_11.4.0.202103011116/tools/bin/../lib/gcc/arm-none-eabi/10.2.1/../../../../arm-none-eabi/lib/thumb/v6-m/nofp\libcr_c.a(memset.o)
__aeabi_memclr                                    c:/nxp/mcuxpressoide_11.4.1_6260/ide/plugins/com.nxp.mcuxpresso.tools.win32_11.4.0.202103011116/tools/bin/../lib/gcc/arm-none-eabi/10.2.1/thumb/v6-m/nofp\libcr_eabihelpers.a(memcpy.o)
__aeabi_memclr4                                   c:/nxp/mcuxpressoide_11.4.1_6260/ide/plugins/com.nxp.mcuxpresso.tools.win32_11.4.0.202103011116/tools/bin/../lib/gcc/arm-none-eabi/10.2.1/thumb/v6-m/nofp\libcr_eabihelpers.a(memcpy.o)