../utilities/fsl_debug_console.c:115:10:DbgConsole_Init	40	static
../utilities/fsl_debug_console.c:144:10:DbgConsole_Deinit	8	static
../utilities/fsl_debug_console.c:160:5:DbgConsole_Printf	16	static
../utilities/fsl_debug_console.c:178:5:DbgConsole_Putchar	16	static
../utilities/fsl_debug_console.c:191:5:DbgConsole_Scanf	40	static
../utilities/fsl_debug_console.c:241:5:DbgConsole_Getchar	16	static
../utilities/fsl_debug_console.c:265:17:DbgConsole_ScanIgnoreWhiteSpace	24	static
../utilities/fsl_debug_console.c:289:13:DbgConsole_PrintfPaddingCharacter	32	static
../utilities/fsl_debug_console.c:312:16:DbgConsole_ConvertRadixNumToString	56	static
../utilities/fsl_debug_console.c:543:12:DbgConsole_PrintfFormattedData	128	static
../utilities/fsl_debug_console.c:1084:12:DbgConsole_ScanfFormattedData	64	static
