14:33:17 **** Incremental Build of configuration Debug for project lpc845breakout_JoyStick_HW_Test ****
make -r -j8 all 
Building file: ../source/pint_pin_interrupt.c
Invoking: MCU C Compiler
arm-none-eabi-gcc -std=gnu99 -D__REDLIB__ -DCPU_LPC845M301JBD48 -DCPU_LPC845M301JBD48_cm0plus -DCPU_LPC845 -DCPU_LPC845M301JHI48 -DCR_INTEGER_PRINTF -DPRINTF_FLOAT_ENABLE=0 -D__MCUXPRESSO -D__USE_CMSIS -DDEBUG -DSDK_DEBUGCONSOLE=1 -I"C:\Users\Ilesnianski\OneDrive - ADIMRA\Joystick\WS_Hardware_Test(doubt)\lpc845breakout_JoyStick_HW_Test\drivers" -I"C:\Users\Ilesnianski\OneDrive - ADIMRA\Joystick\WS_Hardware_Test(doubt)\lpc845breakout_JoyStick_HW_Test\component\uart" -I"C:\Users\Ilesnianski\OneDrive - ADIMRA\Joystick\WS_Hardware_Test(doubt)\lpc845breakout_JoyStick_HW_Test\utilities" -I"C:\Users\Ilesnianski\OneDrive - ADIMRA\Joystick\WS_Hardware_Test(doubt)\lpc845breakout_JoyStick_HW_Test\CMSIS" -I"C:\Users\Ilesnianski\OneDrive - ADIMRA\Joystick\WS_Hardware_Test(doubt)\lpc845breakout_JoyStick_HW_Test\device" -I"C:\Users\Ilesnianski\OneDrive - ADIMRA\Joystick\WS_Hardware_Test(doubt)\lpc845breakout_JoyStick_HW_Test\board" -I"C:\Users\Ilesnianski\OneDrive - ADIMRA\Joystick\WS_Hardware_Test(doubt)\lpc845breakout_JoyStick_HW_Test\source" -I"C:\Users\Ilesnianski\OneDrive - ADIMRA\Joystick\WS_Hardware_Test(doubt)\lpc845breakout_JoyStick_HW_Test" -I"C:\Users\Ilesnianski\OneDrive - ADIMRA\Joystick\WS_Hardware_Test(doubt)\lpc845breakout_JoyStick_HW_Test\drivers" -I"C:\Users\Ilesnianski\OneDrive - ADIMRA\Joystick\WS_Hardware_Test(doubt)\lpc845breakout_JoyStick_HW_Test\device" -I"C:\Users\Ilesnianski\OneDrive - ADIMRA\Joystick\WS_Hardware_Test(doubt)\lpc845breakout_JoyStick_HW_Test\component\uart" -I"C:\Users\Ilesnianski\OneDrive - ADIMRA\Joystick\WS_Hardware_Test(doubt)\lpc845breakout_JoyStick_HW_Test\utilities" -I"C:\Users\Ilesnianski\OneDrive - ADIMRA\Joystick\WS_Hardware_Test(doubt)\lpc845breakout_JoyStick_HW_Test\CMSIS" -O0 -fno-common -g3 -Wall -c  -ffunction-sections  -fdata-sections  -ffreestanding  -fno-builtin -fmerge-constants -fmacro-prefix-map="../source/"=. -mcpu=cortex-m0plus -mthumb -D__REDLIB__ -fstack-usage -specs=redlib.specs -MMD -MP -MF"source/pint_pin_interrupt.d" -MT"source/pint_pin_interrupt.o" -MT"source/pint_pin_interrupt.d" -o "source/pint_pin_interrupt.o" "../source/pint_pin_interrupt.c"
Finished building: ../source/pint_pin_interrupt.c
 
Building target: lpc845breakout_JoyStick_HW_Test.axf
Invoking: MCU Linker
arm-none-eabi-gcc -nostdlib -Xlinker -Map="lpc845breakout_JoyStick_HW_Test.map" -Xlinker --gc-sections -Xlinker -print-memory-usage -Xlinker --sort-section=alignment -Xlinker --cref -mcpu=cortex-m0plus -mthumb -T lpc845breakout_pint_pin_interrupt_Debug.ld -o "lpc845breakout_JoyStick_HW_Test.axf"  ./utilities/fsl_assert.o ./utilities/fsl_debug_console.o  ./startup/startup_lpc845.o  ./source/mtb.o ./source/pint_pin_interrupt.o ./source/semihost_hardfault.o  ./drivers/fsl_clock.o ./drivers/fsl_common.o ./drivers/fsl_gpio.o ./drivers/fsl_i2c.o ./drivers/fsl_inputmux.o ./drivers/fsl_pint.o ./drivers/fsl_power.o ./drivers/fsl_reset.o ./drivers/fsl_swm.o ./drivers/fsl_syscon.o ./drivers/fsl_usart.o  ./device/system_LPC845.o  ./component/uart/miniusart_adapter.o  ./board/board.o ./board/clock_config.o ./board/peripherals.o ./board/pin_mux.o   
Memory region         Used Size  Region Size  %age Used
   PROGRAM_FLASH:       13484 B        64 KB     20.57%
            SRAM:         424 B      16352 B      2.59%
        IAP_SRAM:          0 GB         32 B      0.00%
Finished building target: lpc845breakout_JoyStick_HW_Test.axf
 
make --no-print-directory post-build
Performing post-build steps
arm-none-eabi-size "lpc845breakout_JoyStick_HW_Test.axf"; # arm-none-eabi-objcopy -v -O binary "lpc845breakout_JoyStick_HW_Test.axf" "lpc845breakout_JoyStick_HW_Test.bin" ; # checksum -p LPC845 -d "lpc845breakout_JoyStick_HW_Test.bin";
   text	   data	    bss	    dec	    hex	filename
  13480	      4	    420	  13904	   3650	lpc845breakout_JoyStick_HW_Test.axf
 
14:33:31 **** Incremental Build of configuration Debug for project lpc845breakout_JoyStick_HW_Test ****
make -r -j8 all 
make: Nothing to be done for 'all'.
14:42:46 **** Incremental Build of configuration Debug for project lpc845breakout_JoyStick_HW_Test ****
make -r -j8 all 
Building file: ../source/pint_pin_interrupt.c
Invoking: MCU C Compiler
arm-none-eabi-gcc -std=gnu99 -D__REDLIB__ -DCPU_LPC845M301JBD48 -DCPU_LPC845M301JBD48_cm0plus -DCPU_LPC845 -DCPU_LPC845M301JHI48 -DCR_INTEGER_PRINTF -DPRINTF_FLOAT_ENABLE=0 -D__MCUXPRESSO -D__USE_CMSIS -DDEBUG -DSDK_DEBUGCONSOLE=1 -I"C:\Users\Ilesnianski\OneDrive - ADIMRA\Joystick\WS_Hardware_Test(doubt)\lpc845breakout_JoyStick_HW_Test\drivers" -I"C:\Users\Ilesnianski\OneDrive - ADIMRA\Joystick\WS_Hardware_Test(doubt)\lpc845breakout_JoyStick_HW_Test\component\uart" -I"C:\Users\Ilesnianski\OneDrive - ADIMRA\Joystick\WS_Hardware_Test(doubt)\lpc845breakout_JoyStick_HW_Test\utilities" -I"C:\Users\Ilesnianski\OneDrive - ADIMRA\Joystick\WS_Hardware_Test(doubt)\lpc845breakout_JoyStick_HW_Test\CMSIS" -I"C:\Users\Ilesnianski\OneDrive - ADIMRA\Joystick\WS_Hardware_Test(doubt)\lpc845breakout_JoyStick_HW_Test\device" -I"C:\Users\Ilesnianski\OneDrive - ADIMRA\Joystick\WS_Hardware_Test(doubt)\lpc845breakout_JoyStick_HW_Test\board" -I"C:\Users\Ilesnianski\OneDrive - ADIMRA\Joystick\WS_Hardware_Test(doubt)\lpc845breakout_JoyStick_HW_Test\source" -I"C:\Users\Ilesnianski\OneDrive - ADIMRA\Joystick\WS_Hardware_Test(doubt)\lpc845breakout_JoyStick_HW_Test" -I"C:\Users\Ilesnianski\OneDrive - ADIMRA\Joystick\WS_Hardware_Test(doubt)\lpc845breakout_JoyStick_HW_Test\drivers" -I"C:\Users\Ilesnianski\OneDrive - ADIMRA\Joystick\WS_Hardware_Test(doubt)\lpc845breakout_JoyStick_HW_Test\device" -I"C:\Users\Ilesnianski\OneDrive - ADIMRA\Joystick\WS_Hardware_Test(doubt)\lpc845breakout_JoyStick_HW_Test\component\uart" -I"C:\Users\Ilesnianski\OneDrive - ADIMRA\Joystick\WS_Hardware_Test(doubt)\lpc845breakout_JoyStick_HW_Test\utilities" -I"C:\Users\Ilesnianski\OneDrive - ADIMRA\Joystick\WS_Hardware_Test(doubt)\lpc845breakout_JoyStick_HW_Test\CMSIS" -O0 -fno-common -g3 -Wall -c  -ffunction-sections  -fdata-sections  -ffreestanding  -fno-builtin -fmerge-constants -fmacro-prefix-map="../source/"=. -mcpu=cortex-m0plus -mthumb -D__REDLIB__ -fstack-usage -specs=redlib.specs -MMD -MP -MF"source/pint_pin_interrupt.d" -MT"source/pint_pin_interrupt.o" -MT"source/pint_pin_interrupt.d" -o "source/pint_pin_interrupt.o" "../source/pint_pin_interrupt.c"
Finished building: ../source/pint_pin_interrupt.c
 
Building target: lpc845breakout_JoyStick_HW_Test.axf
Invoking: MCU Linker
arm-none-eabi-gcc -nostdlib -Xlinker -Map="lpc845breakout_JoyStick_HW_Test.map" -Xlinker --gc-sections -Xlinker -print-memory-usage -Xlinker --sort-section=alignment -Xlinker --cref -mcpu=cortex-m0plus -mthumb -T lpc845breakout_pint_pin_interrupt_Debug.ld -o "lpc845breakout_JoyStick_HW_Test.axf"  ./utilities/fsl_assert.o ./utilities/fsl_debug_console.o  ./startup/startup_lpc845.o  ./source/mtb.o ./source/pint_pin_interrupt.o ./source/semihost_hardfault.o  ./drivers/fsl_clock.o ./drivers/fsl_common.o ./drivers/fsl_gpio.o ./drivers/fsl_i2c.o ./drivers/fsl_inputmux.o ./drivers/fsl_pint.o ./drivers/fsl_power.o ./drivers/fsl_reset.o ./drivers/fsl_swm.o ./drivers/fsl_syscon.o ./drivers/fsl_usart.o  ./device/system_LPC845.o  ./component/uart/miniusart_adapter.o  ./board/board.o ./board/clock_config.o ./board/peripherals.o ./board/pin_mux.o   
Memory region         Used Size  Region Size  %age Used
   PROGRAM_FLASH:       13480 B        64 KB     20.57%
            SRAM:         424 B      16352 B      2.59%
        IAP_SRAM:          0 GB         32 B      0.00%
Finished building target: lpc845breakout_JoyStick_HW_Test.axf
 
make --no-print-directory post-build
Performing post-build steps
arm-none-eabi-size "lpc845breakout_JoyStick_HW_Test.axf"; # arm-none-eabi-objcopy -v -O binary "lpc845breakout_JoyStick_HW_Test.axf" "lpc845breakout_JoyStick_HW_Test.bin" ; # checksum -p LPC845 -d "lpc845breakout_JoyStick_HW_Test.bin";
   text	   data	    bss	    dec	    hex	filename
  13476	      4	    420	  13900	   364c	lpc845breakout_JoyStick_HW_Test.axf
 
14:42:55 **** Incremental Build of configuration Debug for project lpc845breakout_JoyStick_HW_Test ****
make -r -j8 all 
make: Nothing to be done for 'all'.
15:29:05 **** Incremental Build of configuration Debug for project lpc845breakout_JoyStick_HW_Test ****
make -r -j6 all 
Building file: ../utilities/fsl_assert.c
Building file: ../utilities/fsl_debug_console.c
Building file: ../startup/startup_lpc845.c
Building file: ../source/pint_pin_interrupt.c
Building file: ../source/mtb.c
Building file: ../source/semihost_hardfault.c
Invoking: MCU C Compiler
Invoking: MCU C Compiler
arm-none-eabi-gcc -std=gnu99 -D__REDLIB__ -DCPU_LPC845M301JBD48 -DCPU_LPC845M301JBD48_cm0plus -DCPU_LPC845 -DCPU_LPC845M301JHI48 -DCR_INTEGER_PRINTF -DPRINTF_FLOAT_ENABLE=0 -D__MCUXPRESSO -D__USE_CMSIS -DDEBUG -DSDK_DEBUGCONSOLE=1 -I"C:\Users\Rprato\OneDrive - ADIMRA II\OneDrive - ADIMRA\Joystick\WS_Hardware_Test(doubt)\lpc845breakout_JoyStick_HW_Test\drivers" -I"C:\Users\Rprato\OneDrive - ADIMRA II\OneDrive - ADIMRA\Joystick\WS_Hardware_Test(doubt)\lpc845breakout_JoyStick_HW_Test\component\uart" -I"C:\Users\Rprato\OneDrive - ADIMRA II\OneDrive - ADIMRA\Joystick\WS_Hardware_Test(doubt)\lpc845breakout_JoyStick_HW_Test\utilities" -I"C:\Users\Rprato\OneDrive - ADIMRA II\OneDrive - ADIMRA\Joystick\WS_Hardware_Test(doubt)\lpc845breakout_JoyStick_HW_Test\CMSIS" -I"C:\Users\Rprato\OneDrive - ADIMRA II\OneDrive - ADIMRA\Joystick\WS_Hardware_Test(doubt)\lpc845breakout_JoyStick_HW_Test\device" -I"C:\Users\Rprato\OneDrive - ADIMRA II\OneDrive - ADIMRA\Joystick\WS_Hardware_Test(doubt)\lpc845breakout_JoyStick_HW_Test\board" -I"C:\Users\Rprato\OneDrive - ADIMRA II\OneDrive - ADIMRA\Joystick\WS_Hardware_Test(doubt)\lpc845breakout_JoyStick_HW_Test\source" -I"C:\Users\Rprato\OneDrive - ADIMRA II\OneDrive - ADIMRA\Joystick\WS_Hardware_Test(doubt)\lpc845breakout_JoyStick_HW_Test" -I"C:\Users\Rprato\OneDrive - ADIMRA II\OneDrive - ADIMRA\Joystick\WS_Hardware_Test(doubt)\lpc845breakout_JoyStick_HW_Test\drivers" -I"C:\Users\Rprato\OneDrive - ADIMRA II\OneDrive - ADIMRA\Joystick\WS_Hardware_Test(doubt)\lpc845breakout_JoyStick_HW_Test\device" -I"C:\Users\Rprato\OneDrive - ADIMRA II\OneDrive - ADIMRA\Joystick\WS_Hardware_Test(doubt)\lpc845breakout_JoyStick_HW_Test\component\uart" -I"C:\Users\Rprato\OneDrive - ADIMRA II\OneDrive - ADIMRA\Joystick\WS_Hardware_Test(doubt)\lpc845breakout_JoyStick_HW_Test\utilities" -I"C:\Users\Rprato\OneDrive - ADIMRA II\OneDrive - ADIMRA\Joystick\WS_Hardware_Test(doubt)\lpc845breakout_JoyStick_HW_Test\CMSIS" -O0 -fno-common -g3 -Wall -c  -ffunction-sections  -fdata-sections  -ffreestanding  -fno-builtin -fmerge-constants -fmacro-prefix-map="../utilities/"=. -mcpu=cortex-m0plus -mthumb -D__REDLIB__ -fstack-usage -specs=redlib.specs -MMD -MP -MF"utilities/fsl_assert.d" -MT"utilities/fsl_assert.o" -MT"utilities/fsl_assert.d" -o "utilities/fsl_assert.o" "../utilities/fsl_assert.c"
Invoking: MCU C Compiler
Invoking: MCU C Compiler
Invoking: MCU C Compiler
arm-none-eabi-gcc -std=gnu99 -D__REDLIB__ -DCPU_LPC845M301JBD48 -DCPU_LPC845M301JBD48_cm0plus -DCPU_LPC845 -DCPU_LPC845M301JHI48 -DCR_INTEGER_PRINTF -DPRINTF_FLOAT_ENABLE=0 -D__MCUXPRESSO -D__USE_CMSIS -DDEBUG -DSDK_DEBUGCONSOLE=1 -I"C:\Users\Rprato\OneDrive - ADIMRA II\OneDrive - ADIMRA\Joystick\WS_Hardware_Test(doubt)\lpc845breakout_JoyStick_HW_Test\drivers" -I"C:\Users\Rprato\OneDrive - ADIMRA II\OneDrive - ADIMRA\Joystick\WS_Hardware_Test(doubt)\lpc845breakout_JoyStick_HW_Test\component\uart" -I"C:\Users\Rprato\OneDrive - ADIMRA II\OneDrive - ADIMRA\Joystick\WS_Hardware_Test(doubt)\lpc845breakout_JoyStick_HW_Test\utilities" -I"C:\Users\Rprato\OneDrive - ADIMRA II\OneDrive - ADIMRA\Joystick\WS_Hardware_Test(doubt)\lpc845breakout_JoyStick_HW_Test\CMSIS" -I"C:\Users\Rprato\OneDrive - ADIMRA II\OneDrive - ADIMRA\Joystick\WS_Hardware_Test(doubt)\lpc845breakout_JoyStick_HW_Test\device" -I"C:\Users\Rprato\OneDrive - ADIMRA II\OneDrive - ADIMRA\Joystick\WS_Hardware_Test(doubt)\lpc845breakout_JoyStick_HW_Test\board" -I"C:\Users\Rprato\OneDrive - ADIMRA II\OneDrive - ADIMRA\Joystick\WS_Hardware_Test(doubt)\lpc845breakout_JoyStick_HW_Test\source" -I"C:\Users\Rprato\OneDrive - ADIMRA II\OneDrive - ADIMRA\Joystick\WS_Hardware_Test(doubt)\lpc845breakout_JoyStick_HW_Test" -I"C:\Users\Rprato\OneDrive - ADIMRA II\OneDrive - ADIMRA\Joystick\WS_Hardware_Test(doubt)\lpc845breakout_JoyStick_HW_Test\drivers" -I"C:\Users\Rprato\OneDrive - ADIMRA II\OneDrive - ADIMRA\Joystick\WS_Hardware_Test(doubt)\lpc845breakout_JoyStick_HW_Test\device" -I"C:\Users\Rprato\OneDrive - ADIMRA II\OneDrive - ADIMRA\Joystick\WS_Hardware_Test(doubt)\lpc845breakout_JoyStick_HW_Test\component\uart" -I"C:\Users\Rprato\OneDrive - ADIMRA II\OneDrive - ADIMRA\Joystick\WS_Hardware_Test(doubt)\lpc845breakout_JoyStick_HW_Test\utilities" -I"C:\Users\Rprato\OneDrive - ADIMRA II\OneDrive - ADIMRA\Joystick\WS_Hardware_Test(doubt)\lpc845breakout_JoyStick_HW_Test\CMSIS" -O0 -fno-common -g3 -Wall -c  -ffunction-sections  -fdata-sections  -ffreestanding  -fno-builtin -fmerge-constants -fmacro-prefix-map="../startup/"=. -mcpu=cortex-m0plus -mthumb -D__REDLIB__ -fstack-usage -specs=redlib.specs -MMD -MP -MF"startup/startup_lpc845.d" -MT"startup/startup_lpc845.o" -MT"startup/startup_lpc845.d" -o "startup/startup_lpc845.o" "../startup/startup_lpc845.c"
arm-none-eabi-gcc -std=gnu99 -D__REDLIB__ -DCPU_LPC845M301JBD48 -DCPU_LPC845M301JBD48_cm0plus -DCPU_LPC845 -DCPU_LPC845M301JHI48 -DCR_INTEGER_PRINTF -DPRINTF_FLOAT_ENABLE=0 -D__MCUXPRESSO -D__USE_CMSIS -DDEBUG -DSDK_DEBUGCONSOLE=1 -I"C:\Users\Rprato\OneDrive - ADIMRA II\OneDrive - ADIMRA\Joystick\WS_Hardware_Test(doubt)\lpc845breakout_JoyStick_HW_Test\drivers" -I"C:\Users\Rprato\OneDrive - ADIMRA II\OneDrive - ADIMRA\Joystick\WS_Hardware_Test(doubt)\lpc845breakout_JoyStick_HW_Test\component\uart" -I"C:\Users\Rprato\OneDrive - ADIMRA II\OneDrive - ADIMRA\Joystick\WS_Hardware_Test(doubt)\lpc845breakout_JoyStick_HW_Test\utilities" -I"C:\Users\Rprato\OneDrive - ADIMRA II\OneDrive - ADIMRA\Joystick\WS_Hardware_Test(doubt)\lpc845breakout_JoyStick_HW_Test\CMSIS" -I"C:\Users\Rprato\OneDrive - ADIMRA II\OneDrive - ADIMRA\Joystick\WS_Hardware_Test(doubt)\lpc845breakout_JoyStick_HW_Test\device" -I"C:\Users\Rprato\OneDrive - ADIMRA II\OneDrive - ADIMRA\Joystick\WS_Hardware_Test(doubt)\lpc845breakout_JoyStick_HW_Test\board" -I"C:\Users\Rprato\OneDrive - ADIMRA II\OneDrive - ADIMRA\Joystick\WS_Hardware_Test(doubt)\lpc845breakout_JoyStick_HW_Test\source" -I"C:\Users\Rprato\OneDrive - ADIMRA II\OneDrive - ADIMRA\Joystick\WS_Hardware_Test(doubt)\lpc845breakout_JoyStick_HW_Test" -I"C:\Users\Rprato\OneDrive - ADIMRA II\OneDrive - ADIMRA\Joystick\WS_Hardware_Test(doubt)\lpc845breakout_JoyStick_HW_Test\drivers" -I"C:\Users\Rprato\OneDrive - ADIMRA II\OneDrive - ADIMRA\Joystick\WS_Hardware_Test(doubt)\lpc845breakout_JoyStick_HW_Test\device" -I"C:\Users\Rprato\OneDrive - ADIMRA II\OneDrive - ADIMRA\Joystick\WS_Hardware_Test(doubt)\lpc845breakout_JoyStick_HW_Test\component\uart" -I"C:\Users\Rprato\OneDrive - ADIMRA II\OneDrive - ADIMRA\Joystick\WS_Hardware_Test(doubt)\lpc845breakout_JoyStick_HW_Test\utilities" -I"C:\Users\Rprato\OneDrive - ADIMRA II\OneDrive - ADIMRA\Joystick\WS_Hardware_Test(doubt)\lpc845breakout_JoyStick_HW_Test\CMSIS" -O0 -fno-common -g3 -Wall -c  -ffunction-sections  -fdata-sections  -ffreestanding  -fno-builtin -fmerge-constants -fmacro-prefix-map="../source/"=. -mcpu=cortex-m0plus -mthumb -D__REDLIB__ -fstack-usage -specs=redlib.specs -MMD -MP -MF"source/pint_pin_interrupt.d" -MT"source/pint_pin_interrupt.o" -MT"source/pint_pin_interrupt.d" -o "source/pint_pin_interrupt.o" "../source/pint_pin_interrupt.c"
Invoking: MCU C Compiler
arm-none-eabi-gcc -std=gnu99 -D__REDLIB__ -DCPU_LPC845M301JBD48 -DCPU_LPC845M301JBD48_cm0plus -DCPU_LPC845 -DCPU_LPC845M301JHI48 -DCR_INTEGER_PRINTF -DPRINTF_FLOAT_ENABLE=0 -D__MCUXPRESSO -D__USE_CMSIS -DDEBUG -DSDK_DEBUGCONSOLE=1 -I"C:\Users\Rprato\OneDrive - ADIMRA II\OneDrive - ADIMRA\Joystick\WS_Hardware_Test(doubt)\lpc845breakout_JoyStick_HW_Test\drivers" -I"C:\Users\Rprato\OneDrive - ADIMRA II\OneDrive - ADIMRA\Joystick\WS_Hardware_Test(doubt)\lpc845breakout_JoyStick_HW_Test\component\uart" -I"C:\Users\Rprato\OneDrive - ADIMRA II\OneDrive - ADIMRA\Joystick\WS_Hardware_Test(doubt)\lpc845breakout_JoyStick_HW_Test\utilities" -I"C:\Users\Rprato\OneDrive - ADIMRA II\OneDrive - ADIMRA\Joystick\WS_Hardware_Test(doubt)\lpc845breakout_JoyStick_HW_Test\CMSIS" -I"C:\Users\Rprato\OneDrive - ADIMRA II\OneDrive - ADIMRA\Joystick\WS_Hardware_Test(doubt)\lpc845breakout_JoyStick_HW_Test\device" -I"C:\Users\Rprato\OneDrive - ADIMRA II\OneDrive - ADIMRA\Joystick\WS_Hardware_Test(doubt)\lpc845breakout_JoyStick_HW_Test\board" -I"C:\Users\Rprato\OneDrive - ADIMRA II\OneDrive - ADIMRA\Joystick\WS_Hardware_Test(doubt)\lpc845breakout_JoyStick_HW_Test\source" -I"C:\Users\Rprato\OneDrive - ADIMRA II\OneDrive - ADIMRA\Joystick\WS_Hardware_Test(doubt)\lpc845breakout_JoyStick_HW_Test" -I"C:\Users\Rprato\OneDrive - ADIMRA II\OneDrive - ADIMRA\Joystick\WS_Hardware_Test(doubt)\lpc845breakout_JoyStick_HW_Test\drivers" -I"C:\Users\Rprato\OneDrive - ADIMRA II\OneDrive - ADIMRA\Joystick\WS_Hardware_Test(doubt)\lpc845breakout_JoyStick_HW_Test\device" -I"C:\Users\Rprato\OneDrive - ADIMRA II\OneDrive - ADIMRA\Joystick\WS_Hardware_Test(doubt)\lpc845breakout_JoyStick_HW_Test\component\uart" -I"C:\Users\Rprato\OneDrive - ADIMRA II\OneDrive - ADIMRA\Joystick\WS_Hardware_Test(doubt)\lpc845breakout_JoyStick_HW_Test\utilities" -I"C:\Users\Rprato\OneDrive - ADIMRA II\OneDrive - ADIMRA\Joystick\WS_Hardware_Test(doubt)\lpc845breakout_JoyStick_HW_Test\CMSIS" -O0 -fno-common -g3 -Wall -c  -ffunction-sections  -fdata-sections  -ffreestanding  -fno-builtin -fmerge-constants -fmacro-prefix-map="../utilities/"=. -mcpu=cortex-m0plus -mthumb -D__REDLIB__ -fstack-usage -specs=redlib.specs -MMD -MP -MF"utilities/fsl_debug_console.d" -MT"utilities/fsl_debug_console.o" -MT"utilities/fsl_debug_console.d" -o "utilities/fsl_debug_console.o" "../utilities/fsl_debug_console.c"
arm-none-eabi-gcc -std=gnu99 -D__REDLIB__ -DCPU_LPC845M301JBD48 -DCPU_LPC845M301JBD48_cm0plus -DCPU_LPC845 -DCPU_LPC845M301JHI48 -DCR_INTEGER_PRINTF -DPRINTF_FLOAT_ENABLE=0 -D__MCUXPRESSO -D__USE_CMSIS -DDEBUG -DSDK_DEBUGCONSOLE=1 -I"C:\Users\Rprato\OneDrive - ADIMRA II\OneDrive - ADIMRA\Joystick\WS_Hardware_Test(doubt)\lpc845breakout_JoyStick_HW_Test\drivers" -I"C:\Users\Rprato\OneDrive - ADIMRA II\OneDrive - ADIMRA\Joystick\WS_Hardware_Test(doubt)\lpc845breakout_JoyStick_HW_Test\component\uart" -I"C:\Users\Rprato\OneDrive - ADIMRA II\OneDrive - ADIMRA\Joystick\WS_Hardware_Test(doubt)\lpc845breakout_JoyStick_HW_Test\utilities" -I"C:\Users\Rprato\OneDrive - ADIMRA II\OneDrive - ADIMRA\Joystick\WS_Hardware_Test(doubt)\lpc845breakout_JoyStick_HW_Test\CMSIS" -I"C:\Users\Rprato\OneDrive - ADIMRA II\OneDrive - ADIMRA\Joystick\WS_Hardware_Test(doubt)\lpc845breakout_JoyStick_HW_Test\device" -I"C:\Users\Rprato\OneDrive - ADIMRA II\OneDrive - ADIMRA\Joystick\WS_Hardware_Test(doubt)\lpc845breakout_JoyStick_HW_Test\board" -I"C:\Users\Rprato\OneDrive - ADIMRA II\OneDrive - ADIMRA\Joystick\WS_Hardware_Test(doubt)\lpc845breakout_JoyStick_HW_Test\source" -I"C:\Users\Rprato\OneDrive - ADIMRA II\OneDrive - ADIMRA\Joystick\WS_Hardware_Test(doubt)\lpc845breakout_JoyStick_HW_Test" -I"C:\Users\Rprato\OneDrive - ADIMRA II\OneDrive - ADIMRA\Joystick\WS_Hardware_Test(doubt)\lpc845breakout_JoyStick_HW_Test\drivers" -I"C:\Users\Rprato\OneDrive - ADIMRA II\OneDrive - ADIMRA\Joystick\WS_Hardware_Test(doubt)\lpc845breakout_JoyStick_HW_Test\device" -I"C:\Users\Rprato\OneDrive - ADIMRA II\OneDrive - ADIMRA\Joystick\WS_Hardware_Test(doubt)\lpc845breakout_JoyStick_HW_Test\component\uart" -I"C:\Users\Rprato\OneDrive - ADIMRA II\OneDrive - ADIMRA\Joystick\WS_Hardware_Test(doubt)\lpc845breakout_JoyStick_HW_Test\utilities" -I"C:\Users\Rprato\OneDrive - ADIMRA II\OneDrive - ADIMRA\Joystick\WS_Hardware_Test(doubt)\lpc845breakout_JoyStick_HW_Test\CMSIS" -O0 -fno-common -g3 -Wall -c  -ffunction-sections  -fdata-sections  -ffreestanding  -fno-builtin -fmerge-constants -fmacro-prefix-map="../source/"=. -mcpu=cortex-m0plus -mthumb -D__REDLIB__ -fstack-usage -specs=redlib.specs -MMD -MP -MF"source/semihost_hardfault.d" -MT"source/semihost_hardfault.o" -MT"source/semihost_hardfault.d" -o "source/semihost_hardfault.o" "../source/semihost_hardfault.c"
arm-none-eabi-gcc -std=gnu99 -D__REDLIB__ -DCPU_LPC845M301JBD48 -DCPU_LPC845M301JBD48_cm0plus -DCPU_LPC845 -DCPU_LPC845M301JHI48 -DCR_INTEGER_PRINTF -DPRINTF_FLOAT_ENABLE=0 -D__MCUXPRESSO -D__USE_CMSIS -DDEBUG -DSDK_DEBUGCONSOLE=1 -I"C:\Users\Rprato\OneDrive - ADIMRA II\OneDrive - ADIMRA\Joystick\WS_Hardware_Test(doubt)\lpc845breakout_JoyStick_HW_Test\drivers" -I"C:\Users\Rprato\OneDrive - ADIMRA II\OneDrive - ADIMRA\Joystick\WS_Hardware_Test(doubt)\lpc845breakout_JoyStick_HW_Test\component\uart" -I"C:\Users\Rprato\OneDrive - ADIMRA II\OneDrive - ADIMRA\Joystick\WS_Hardware_Test(doubt)\lpc845breakout_JoyStick_HW_Test\utilities" -I"C:\Users\Rprato\OneDrive - ADIMRA II\OneDrive - ADIMRA\Joystick\WS_Hardware_Test(doubt)\lpc845breakout_JoyStick_HW_Test\CMSIS" -I"C:\Users\Rprato\OneDrive - ADIMRA II\OneDrive - ADIMRA\Joystick\WS_Hardware_Test(doubt)\lpc845breakout_JoyStick_HW_Test\device" -I"C:\Users\Rprato\OneDrive - ADIMRA II\OneDrive - ADIMRA\Joystick\WS_Hardware_Test(doubt)\lpc845breakout_JoyStick_HW_Test\board" -I"C:\Users\Rprato\OneDrive - ADIMRA II\OneDrive - ADIMRA\Joystick\WS_Hardware_Test(doubt)\lpc845breakout_JoyStick_HW_Test\source" -I"C:\Users\Rprato\OneDrive - ADIMRA II\OneDrive - ADIMRA\Joystick\WS_Hardware_Test(doubt)\lpc845breakout_JoyStick_HW_Test" -I"C:\Users\Rprato\OneDrive - ADIMRA II\OneDrive - ADIMRA\Joystick\WS_Hardware_Test(doubt)\lpc845breakout_JoyStick_HW_Test\drivers" -I"C:\Users\Rprato\OneDrive - ADIMRA II\OneDrive - ADIMRA\Joystick\WS_Hardware_Test(doubt)\lpc845breakout_JoyStick_HW_Test\device" -I"C:\Users\Rprato\OneDrive - ADIMRA II\OneDrive - ADIMRA\Joystick\WS_Hardware_Test(doubt)\lpc845breakout_JoyStick_HW_Test\component\uart" -I"C:\Users\Rprato\OneDrive - ADIMRA II\OneDrive - ADIMRA\Joystick\WS_Hardware_Test(doubt)\lpc845breakout_JoyStick_HW_Test\utilities" -I"C:\Users\Rprato\OneDrive - ADIMRA II\OneDrive - ADIMRA\Joystick\WS_Hardware_Test(doubt)\lpc845breakout_JoyStick_HW_Test\CMSIS" -O0 -fno-common -g3 -Wall -c  -ffunction-sections  -fdata-sections  -ffreestanding  -fno-builtin -fmerge-constants -fmacro-prefix-map="../source/"=. -mcpu=cortex-m0plus -mthumb -D__REDLIB__ -fstack-usage -specs=redlib.specs -MMD -MP -MF"source/mtb.d" -MT"source/mtb.o" -MT"source/mtb.d" -o "source/mtb.o" "../source/mtb.c"
Finished building: ../source/semihost_hardfault.c
Finished building: ../utilities/fsl_assert.c
Finished building: ../utilities/fsl_debug_console.c
Finished building: ../source/mtb.c
 
Finished building: ../startup/startup_lpc845.c
 
 
 
Building file: ../drivers/fsl_clock.c
Finished building: ../source/pint_pin_interrupt.c
 
Building file: ../drivers/fsl_common.c
Invoking: MCU C Compiler
 
arm-none-eabi-gcc -std=gnu99 -D__REDLIB__ -DCPU_LPC845M301JBD48 -DCPU_LPC845M301JBD48_cm0plus -DCPU_LPC845 -DCPU_LPC845M301JHI48 -DCR_INTEGER_PRINTF -DPRINTF_FLOAT_ENABLE=0 -D__MCUXPRESSO -D__USE_CMSIS -DDEBUG -DSDK_DEBUGCONSOLE=1 -I"C:\Users\Rprato\OneDrive - ADIMRA II\OneDrive - ADIMRA\Joystick\WS_Hardware_Test(doubt)\lpc845breakout_JoyStick_HW_Test\drivers" -I"C:\Users\Rprato\OneDrive - ADIMRA II\OneDrive - ADIMRA\Joystick\WS_Hardware_Test(doubt)\lpc845breakout_JoyStick_HW_Test\component\uart" -I"C:\Users\Rprato\OneDrive - ADIMRA II\OneDrive - ADIMRA\Joystick\WS_Hardware_Test(doubt)\lpc845breakout_JoyStick_HW_Test\utilities" -I"C:\Users\Rprato\OneDrive - ADIMRA II\OneDrive - ADIMRA\Joystick\WS_Hardware_Test(doubt)\lpc845breakout_JoyStick_HW_Test\CMSIS" -I"C:\Users\Rprato\OneDrive - ADIMRA II\OneDrive - ADIMRA\Joystick\WS_Hardware_Test(doubt)\lpc845breakout_JoyStick_HW_Test\device" -I"C:\Users\Rprato\OneDrive - ADIMRA II\OneDrive - ADIMRA\Joystick\WS_Hardware_Test(doubt)\lpc845breakout_JoyStick_HW_Test\board" -I"C:\Users\Rprato\OneDrive - ADIMRA II\OneDrive - ADIMRA\Joystick\WS_Hardware_Test(doubt)\lpc845breakout_JoyStick_HW_Test\source" -I"C:\Users\Rprato\OneDrive - ADIMRA II\OneDrive - ADIMRA\Joystick\WS_Hardware_Test(doubt)\lpc845breakout_JoyStick_HW_Test" -I"C:\Users\Rprato\OneDrive - ADIMRA II\OneDrive - ADIMRA\Joystick\WS_Hardware_Test(doubt)\lpc845breakout_JoyStick_HW_Test\drivers" -I"C:\Users\Rprato\OneDrive - ADIMRA II\OneDrive - ADIMRA\Joystick\WS_Hardware_Test(doubt)\lpc845breakout_JoyStick_HW_Test\device" -I"C:\Users\Rprato\OneDrive - ADIMRA II\OneDrive - ADIMRA\Joystick\WS_Hardware_Test(doubt)\lpc845breakout_JoyStick_HW_Test\component\uart" -I"C:\Users\Rprato\OneDrive - ADIMRA II\OneDrive - ADIMRA\Joystick\WS_Hardware_Test(doubt)\lpc845breakout_JoyStick_HW_Test\utilities" -I"C:\Users\Rprato\OneDrive - ADIMRA II\OneDrive - ADIMRA\Joystick\WS_Hardware_Test(doubt)\lpc845breakout_JoyStick_HW_Test\CMSIS" -O0 -fno-common -g3 -Wall -c  -ffunction-sections  -fdata-sections  -ffreestanding  -fno-builtin -fmerge-constants -fmacro-prefix-map="../drivers/"=. -mcpu=cortex-m0plus -mthumb -D__REDLIB__ -fstack-usage -specs=redlib.specs -MMD -MP -MF"drivers/fsl_clock.d" -MT"drivers/fsl_clock.o" -MT"drivers/fsl_clock.d" -o "drivers/fsl_clock.o" "../drivers/fsl_clock.c"
Invoking: MCU C Compiler
Building file: ../drivers/fsl_gpio.c
arm-none-eabi-gcc -std=gnu99 -D__REDLIB__ -DCPU_LPC845M301JBD48 -DCPU_LPC845M301JBD48_cm0plus -DCPU_LPC845 -DCPU_LPC845M301JHI48 -DCR_INTEGER_PRINTF -DPRINTF_FLOAT_ENABLE=0 -D__MCUXPRESSO -D__USE_CMSIS -DDEBUG -DSDK_DEBUGCONSOLE=1 -I"C:\Users\Rprato\OneDrive - ADIMRA II\OneDrive - ADIMRA\Joystick\WS_Hardware_Test(doubt)\lpc845breakout_JoyStick_HW_Test\drivers" -I"C:\Users\Rprato\OneDrive - ADIMRA II\OneDrive - ADIMRA\Joystick\WS_Hardware_Test(doubt)\lpc845breakout_JoyStick_HW_Test\component\uart" -I"C:\Users\Rprato\OneDrive - ADIMRA II\OneDrive - ADIMRA\Joystick\WS_Hardware_Test(doubt)\lpc845breakout_JoyStick_HW_Test\utilities" -I"C:\Users\Rprato\OneDrive - ADIMRA II\OneDrive - ADIMRA\Joystick\WS_Hardware_Test(doubt)\lpc845breakout_JoyStick_HW_Test\CMSIS" -I"C:\Users\Rprato\OneDrive - ADIMRA II\OneDrive - ADIMRA\Joystick\WS_Hardware_Test(doubt)\lpc845breakout_JoyStick_HW_Test\device" -I"C:\Users\Rprato\OneDrive - ADIMRA II\OneDrive - ADIMRA\Joystick\WS_Hardware_Test(doubt)\lpc845breakout_JoyStick_HW_Test\board" -I"C:\Users\Rprato\OneDrive - ADIMRA II\OneDrive - ADIMRA\Joystick\WS_Hardware_Test(doubt)\lpc845breakout_JoyStick_HW_Test\source" -I"C:\Users\Rprato\OneDrive - ADIMRA II\OneDrive - ADIMRA\Joystick\WS_Hardware_Test(doubt)\lpc845breakout_JoyStick_HW_Test" -I"C:\Users\Rprato\OneDrive - ADIMRA II\OneDrive - ADIMRA\Joystick\WS_Hardware_Test(doubt)\lpc845breakout_JoyStick_HW_Test\drivers" -I"C:\Users\Rprato\OneDrive - ADIMRA II\OneDrive - ADIMRA\Joystick\WS_Hardware_Test(doubt)\lpc845breakout_JoyStick_HW_Test\device" -I"C:\Users\Rprato\OneDrive - ADIMRA II\OneDrive - ADIMRA\Joystick\WS_Hardware_Test(doubt)\lpc845breakout_JoyStick_HW_Test\component\uart" -I"C:\Users\Rprato\OneDrive - ADIMRA II\OneDrive - ADIMRA\Joystick\WS_Hardware_Test(doubt)\lpc845breakout_JoyStick_HW_Test\utilities" -I"C:\Users\Rprato\OneDrive - ADIMRA II\OneDrive - ADIMRA\Joystick\WS_Hardware_Test(doubt)\lpc845breakout_JoyStick_HW_Test\CMSIS" -O0 -fno-common -g3 -Wall -c  -ffunction-sections  -fdata-sections  -ffreestanding  -fno-builtin -fmerge-constants -fmacro-prefix-map="../drivers/"=. -mcpu=cortex-m0plus -mthumb -D__REDLIB__ -fstack-usage -specs=redlib.specs -MMD -MP -MF"drivers/fsl_common.d" -MT"drivers/fsl_common.o" -MT"drivers/fsl_common.d" -o "drivers/fsl_common.o" "../drivers/fsl_common.c"
Building file: ../drivers/fsl_i2c.c
Invoking: MCU C Compiler
Invoking: MCU C Compiler
arm-none-eabi-gcc -std=gnu99 -D__REDLIB__ -DCPU_LPC845M301JBD48 -DCPU_LPC845M301JBD48_cm0plus -DCPU_LPC845 -DCPU_LPC845M301JHI48 -DCR_INTEGER_PRINTF -DPRINTF_FLOAT_ENABLE=0 -D__MCUXPRESSO -D__USE_CMSIS -DDEBUG -DSDK_DEBUGCONSOLE=1 -I"C:\Users\Rprato\OneDrive - ADIMRA II\OneDrive - ADIMRA\Joystick\WS_Hardware_Test(doubt)\lpc845breakout_JoyStick_HW_Test\drivers" -I"C:\Users\Rprato\OneDrive - ADIMRA II\OneDrive - ADIMRA\Joystick\WS_Hardware_Test(doubt)\lpc845breakout_JoyStick_HW_Test\component\uart" -I"C:\Users\Rprato\OneDrive - ADIMRA II\OneDrive - ADIMRA\Joystick\WS_Hardware_Test(doubt)\lpc845breakout_JoyStick_HW_Test\utilities" -I"C:\Users\Rprato\OneDrive - ADIMRA II\OneDrive - ADIMRA\Joystick\WS_Hardware_Test(doubt)\lpc845breakout_JoyStick_HW_Test\CMSIS" -I"C:\Users\Rprato\OneDrive - ADIMRA II\OneDrive - ADIMRA\Joystick\WS_Hardware_Test(doubt)\lpc845breakout_JoyStick_HW_Test\device" -I"C:\Users\Rprato\OneDrive - ADIMRA II\OneDrive - ADIMRA\Joystick\WS_Hardware_Test(doubt)\lpc845breakout_JoyStick_HW_Test\board" -I"C:\Users\Rprato\OneDrive - ADIMRA II\OneDrive - ADIMRA\Joystick\WS_Hardware_Test(doubt)\lpc845breakout_JoyStick_HW_Test\source" -I"C:\Users\Rprato\OneDrive - ADIMRA II\OneDrive - ADIMRA\Joystick\WS_Hardware_Test(doubt)\lpc845breakout_JoyStick_HW_Test" -I"C:\Users\Rprato\OneDrive - ADIMRA II\OneDrive - ADIMRA\Joystick\WS_Hardware_Test(doubt)\lpc845breakout_JoyStick_HW_Test\drivers" -I"C:\Users\Rprato\OneDrive - ADIMRA II\OneDrive - ADIMRA\Joystick\WS_Hardware_Test(doubt)\lpc845breakout_JoyStick_HW_Test\device" -I"C:\Users\Rprato\OneDrive - ADIMRA II\OneDrive - ADIMRA\Joystick\WS_Hardware_Test(doubt)\lpc845breakout_JoyStick_HW_Test\component\uart" -I"C:\Users\Rprato\OneDrive - ADIMRA II\OneDrive - ADIMRA\Joystick\WS_Hardware_Test(doubt)\lpc845breakout_JoyStick_HW_Test\utilities" -I"C:\Users\Rprato\OneDrive - ADIMRA II\OneDrive - ADIMRA\Joystick\WS_Hardware_Test(doubt)\lpc845breakout_JoyStick_HW_Test\CMSIS" -O0 -fno-common -g3 -Wall -c  -ffunction-sections  -fdata-sections  -ffreestanding  -fno-builtin -fmerge-constants -fmacro-prefix-map="../drivers/"=. -mcpu=cortex-m0plus -mthumb -D__REDLIB__ -fstack-usage -specs=redlib.specs -MMD -MP -MF"drivers/fsl_gpio.d" -MT"drivers/fsl_gpio.o" -MT"drivers/fsl_gpio.d" -o "drivers/fsl_gpio.o" "../drivers/fsl_gpio.c"
Building file: ../drivers/fsl_inputmux.c
arm-none-eabi-gcc -std=gnu99 -D__REDLIB__ -DCPU_LPC845M301JBD48 -DCPU_LPC845M301JBD48_cm0plus -DCPU_LPC845 -DCPU_LPC845M301JHI48 -DCR_INTEGER_PRINTF -DPRINTF_FLOAT_ENABLE=0 -D__MCUXPRESSO -D__USE_CMSIS -DDEBUG -DSDK_DEBUGCONSOLE=1 -I"C:\Users\Rprato\OneDrive - ADIMRA II\OneDrive - ADIMRA\Joystick\WS_Hardware_Test(doubt)\lpc845breakout_JoyStick_HW_Test\drivers" -I"C:\Users\Rprato\OneDrive - ADIMRA II\OneDrive - ADIMRA\Joystick\WS_Hardware_Test(doubt)\lpc845breakout_JoyStick_HW_Test\component\uart" -I"C:\Users\Rprato\OneDrive - ADIMRA II\OneDrive - ADIMRA\Joystick\WS_Hardware_Test(doubt)\lpc845breakout_JoyStick_HW_Test\utilities" -I"C:\Users\Rprato\OneDrive - ADIMRA II\OneDrive - ADIMRA\Joystick\WS_Hardware_Test(doubt)\lpc845breakout_JoyStick_HW_Test\CMSIS" -I"C:\Users\Rprato\OneDrive - ADIMRA II\OneDrive - ADIMRA\Joystick\WS_Hardware_Test(doubt)\lpc845breakout_JoyStick_HW_Test\device" -I"C:\Users\Rprato\OneDrive - ADIMRA II\OneDrive - ADIMRA\Joystick\WS_Hardware_Test(doubt)\lpc845breakout_JoyStick_HW_Test\board" -I"C:\Users\Rprato\OneDrive - ADIMRA II\OneDrive - ADIMRA\Joystick\WS_Hardware_Test(doubt)\lpc845breakout_JoyStick_HW_Test\source" -I"C:\Users\Rprato\OneDrive - ADIMRA II\OneDrive - ADIMRA\Joystick\WS_Hardware_Test(doubt)\lpc845breakout_JoyStick_HW_Test" -I"C:\Users\Rprato\OneDrive - ADIMRA II\OneDrive - ADIMRA\Joystick\WS_Hardware_Test(doubt)\lpc845breakout_JoyStick_HW_Test\drivers" -I"C:\Users\Rprato\OneDrive - ADIMRA II\OneDrive - ADIMRA\Joystick\WS_Hardware_Test(doubt)\lpc845breakout_JoyStick_HW_Test\device" -I"C:\Users\Rprato\OneDrive - ADIMRA II\OneDrive - ADIMRA\Joystick\WS_Hardware_Test(doubt)\lpc845breakout_JoyStick_HW_Test\component\uart" -I"C:\Users\Rprato\OneDrive - ADIMRA II\OneDrive - ADIMRA\Joystick\WS_Hardware_Test(doubt)\lpc845breakout_JoyStick_HW_Test\utilities" -I"C:\Users\Rprato\OneDrive - ADIMRA II\OneDrive - ADIMRA\Joystick\WS_Hardware_Test(doubt)\lpc845breakout_JoyStick_HW_Test\CMSIS" -O0 -fno-common -g3 -Wall -c  -ffunction-sections  -fdata-sections  -ffreestanding  -fno-builtin -fmerge-constants -fmacro-prefix-map="../drivers/"=. -mcpu=cortex-m0plus -mthumb -D__REDLIB__ -fstack-usage -specs=redlib.specs -MMD -MP -MF"drivers/fsl_i2c.d" -MT"drivers/fsl_i2c.o" -MT"drivers/fsl_i2c.d" -o "drivers/fsl_i2c.o" "../drivers/fsl_i2c.c"
Building file: ../drivers/fsl_pint.c
Invoking: MCU C Compiler
Invoking: MCU C Compiler
arm-none-eabi-gcc -std=gnu99 -D__REDLIB__ -DCPU_LPC845M301JBD48 -DCPU_LPC845M301JBD48_cm0plus -DCPU_LPC845 -DCPU_LPC845M301JHI48 -DCR_INTEGER_PRINTF -DPRINTF_FLOAT_ENABLE=0 -D__MCUXPRESSO -D__USE_CMSIS -DDEBUG -DSDK_DEBUGCONSOLE=1 -I"C:\Users\Rprato\OneDrive - ADIMRA II\OneDrive - ADIMRA\Joystick\WS_Hardware_Test(doubt)\lpc845breakout_JoyStick_HW_Test\drivers" -I"C:\Users\Rprato\OneDrive - ADIMRA II\OneDrive - ADIMRA\Joystick\WS_Hardware_Test(doubt)\lpc845breakout_JoyStick_HW_Test\component\uart" -I"C:\Users\Rprato\OneDrive - ADIMRA II\OneDrive - ADIMRA\Joystick\WS_Hardware_Test(doubt)\lpc845breakout_JoyStick_HW_Test\utilities" -I"C:\Users\Rprato\OneDrive - ADIMRA II\OneDrive - ADIMRA\Joystick\WS_Hardware_Test(doubt)\lpc845breakout_JoyStick_HW_Test\CMSIS" -I"C:\Users\Rprato\OneDrive - ADIMRA II\OneDrive - ADIMRA\Joystick\WS_Hardware_Test(doubt)\lpc845breakout_JoyStick_HW_Test\device" -I"C:\Users\Rprato\OneDrive - ADIMRA II\OneDrive - ADIMRA\Joystick\WS_Hardware_Test(doubt)\lpc845breakout_JoyStick_HW_Test\board" -I"C:\Users\Rprato\OneDrive - ADIMRA II\OneDrive - ADIMRA\Joystick\WS_Hardware_Test(doubt)\lpc845breakout_JoyStick_HW_Test\source" -I"C:\Users\Rprato\OneDrive - ADIMRA II\OneDrive - ADIMRA\Joystick\WS_Hardware_Test(doubt)\lpc845breakout_JoyStick_HW_Test" -I"C:\Users\Rprato\OneDrive - ADIMRA II\OneDrive - ADIMRA\Joystick\WS_Hardware_Test(doubt)\lpc845breakout_JoyStick_HW_Test\drivers" -I"C:\Users\Rprato\OneDrive - ADIMRA II\OneDrive - ADIMRA\Joystick\WS_Hardware_Test(doubt)\lpc845breakout_JoyStick_HW_Test\device" -I"C:\Users\Rprato\OneDrive - ADIMRA II\OneDrive - ADIMRA\Joystick\WS_Hardware_Test(doubt)\lpc845breakout_JoyStick_HW_Test\component\uart" -I"C:\Users\Rprato\OneDrive - ADIMRA II\OneDrive - ADIMRA\Joystick\WS_Hardware_Test(doubt)\lpc845breakout_JoyStick_HW_Test\utilities" -I"C:\Users\Rprato\OneDrive - ADIMRA II\OneDrive - ADIMRA\Joystick\WS_Hardware_Test(doubt)\lpc845breakout_JoyStick_HW_Test\CMSIS" -O0 -fno-common -g3 -Wall -c  -ffunction-sections  -fdata-sections  -ffreestanding  -fno-builtin -fmerge-constants -fmacro-prefix-map="../drivers/"=. -mcpu=cortex-m0plus -mthumb -D__REDLIB__ -fstack-usage -specs=redlib.specs -MMD -MP -MF"drivers/fsl_inputmux.d" -MT"drivers/fsl_inputmux.o" -MT"drivers/fsl_inputmux.d" -o "drivers/fsl_inputmux.o" "../drivers/fsl_inputmux.c"
arm-none-eabi-gcc -std=gnu99 -D__REDLIB__ -DCPU_LPC845M301JBD48 -DCPU_LPC845M301JBD48_cm0plus -DCPU_LPC845 -DCPU_LPC845M301JHI48 -DCR_INTEGER_PRINTF -DPRINTF_FLOAT_ENABLE=0 -D__MCUXPRESSO -D__USE_CMSIS -DDEBUG -DSDK_DEBUGCONSOLE=1 -I"C:\Users\Rprato\OneDrive - ADIMRA II\OneDrive - ADIMRA\Joystick\WS_Hardware_Test(doubt)\lpc845breakout_JoyStick_HW_Test\drivers" -I"C:\Users\Rprato\OneDrive - ADIMRA II\OneDrive - ADIMRA\Joystick\WS_Hardware_Test(doubt)\lpc845breakout_JoyStick_HW_Test\component\uart" -I"C:\Users\Rprato\OneDrive - ADIMRA II\OneDrive - ADIMRA\Joystick\WS_Hardware_Test(doubt)\lpc845breakout_JoyStick_HW_Test\utilities" -I"C:\Users\Rprato\OneDrive - ADIMRA II\OneDrive - ADIMRA\Joystick\WS_Hardware_Test(doubt)\lpc845breakout_JoyStick_HW_Test\CMSIS" -I"C:\Users\Rprato\OneDrive - ADIMRA II\OneDrive - ADIMRA\Joystick\WS_Hardware_Test(doubt)\lpc845breakout_JoyStick_HW_Test\device" -I"C:\Users\Rprato\OneDrive - ADIMRA II\OneDrive - ADIMRA\Joystick\WS_Hardware_Test(doubt)\lpc845breakout_JoyStick_HW_Test\board" -I"C:\Users\Rprato\OneDrive - ADIMRA II\OneDrive - ADIMRA\Joystick\WS_Hardware_Test(doubt)\lpc845breakout_JoyStick_HW_Test\source" -I"C:\Users\Rprato\OneDrive - ADIMRA II\OneDrive - ADIMRA\Joystick\WS_Hardware_Test(doubt)\lpc845breakout_JoyStick_HW_Test" -I"C:\Users\Rprato\OneDrive - ADIMRA II\OneDrive - ADIMRA\Joystick\WS_Hardware_Test(doubt)\lpc845breakout_JoyStick_HW_Test\drivers" -I"C:\Users\Rprato\OneDrive - ADIMRA II\OneDrive - ADIMRA\Joystick\WS_Hardware_Test(doubt)\lpc845breakout_JoyStick_HW_Test\device" -I"C:\Users\Rprato\OneDrive - ADIMRA II\OneDrive - ADIMRA\Joystick\WS_Hardware_Test(doubt)\lpc845breakout_JoyStick_HW_Test\component\uart" -I"C:\Users\Rprato\OneDrive - ADIMRA II\OneDrive - ADIMRA\Joystick\WS_Hardware_Test(doubt)\lpc845breakout_JoyStick_HW_Test\utilities" -I"C:\Users\Rprato\OneDrive - ADIMRA II\OneDrive - ADIMRA\Joystick\WS_Hardware_Test(doubt)\lpc845breakout_JoyStick_HW_Test\CMSIS" -O0 -fno-common -g3 -Wall -c  -ffunction-sections  -fdata-sections  -ffreestanding  -fno-builtin -fmerge-constants -fmacro-prefix-map="../drivers/"=. -mcpu=cortex-m0plus -mthumb -D__REDLIB__ -fstack-usage -specs=redlib.specs -MMD -MP -MF"drivers/fsl_pint.d" -MT"drivers/fsl_pint.o" -MT"drivers/fsl_pint.d" -o "drivers/fsl_pint.o" "../drivers/fsl_pint.c"
Finished building: ../drivers/fsl_clock.c
Finished building: ../drivers/fsl_gpio.c
 
Finished building: ../drivers/fsl_common.c
 
Building file: ../drivers/fsl_power.c
 
Building file: ../drivers/fsl_reset.c
Invoking: MCU C Compiler
Finished building: ../drivers/fsl_i2c.c
arm-none-eabi-gcc -std=gnu99 -D__REDLIB__ -DCPU_LPC845M301JBD48 -DCPU_LPC845M301JBD48_cm0plus -DCPU_LPC845 -DCPU_LPC845M301JHI48 -DCR_INTEGER_PRINTF -DPRINTF_FLOAT_ENABLE=0 -D__MCUXPRESSO -D__USE_CMSIS -DDEBUG -DSDK_DEBUGCONSOLE=1 -I"C:\Users\Rprato\OneDrive - ADIMRA II\OneDrive - ADIMRA\Joystick\WS_Hardware_Test(doubt)\lpc845breakout_JoyStick_HW_Test\drivers" -I"C:\Users\Rprato\OneDrive - ADIMRA II\OneDrive - ADIMRA\Joystick\WS_Hardware_Test(doubt)\lpc845breakout_JoyStick_HW_Test\component\uart" -I"C:\Users\Rprato\OneDrive - ADIMRA II\OneDrive - ADIMRA\Joystick\WS_Hardware_Test(doubt)\lpc845breakout_JoyStick_HW_Test\utilities" -I"C:\Users\Rprato\OneDrive - ADIMRA II\OneDrive - ADIMRA\Joystick\WS_Hardware_Test(doubt)\lpc845breakout_JoyStick_HW_Test\CMSIS" -I"C:\Users\Rprato\OneDrive - ADIMRA II\OneDrive - ADIMRA\Joystick\WS_Hardware_Test(doubt)\lpc845breakout_JoyStick_HW_Test\device" -I"C:\Users\Rprato\OneDrive - ADIMRA II\OneDrive - ADIMRA\Joystick\WS_Hardware_Test(doubt)\lpc845breakout_JoyStick_HW_Test\board" -I"C:\Users\Rprato\OneDrive - ADIMRA II\OneDrive - ADIMRA\Joystick\WS_Hardware_Test(doubt)\lpc845breakout_JoyStick_HW_Test\source" -I"C:\Users\Rprato\OneDrive - ADIMRA II\OneDrive - ADIMRA\Joystick\WS_Hardware_Test(doubt)\lpc845breakout_JoyStick_HW_Test" -I"C:\Users\Rprato\OneDrive - ADIMRA II\OneDrive - ADIMRA\Joystick\WS_Hardware_Test(doubt)\lpc845breakout_JoyStick_HW_Test\drivers" -I"C:\Users\Rprato\OneDrive - ADIMRA II\OneDrive - ADIMRA\Joystick\WS_Hardware_Test(doubt)\lpc845breakout_JoyStick_HW_Test\device" -I"C:\Users\Rprato\OneDrive - ADIMRA II\OneDrive - ADIMRA\Joystick\WS_Hardware_Test(doubt)\lpc845breakout_JoyStick_HW_Test\component\uart" -I"C:\Users\Rprato\OneDrive - ADIMRA II\OneDrive - ADIMRA\Joystick\WS_Hardware_Test(doubt)\lpc845breakout_JoyStick_HW_Test\utilities" -I"C:\Users\Rprato\OneDrive - ADIMRA II\OneDrive - ADIMRA\Joystick\WS_Hardware_Test(doubt)\lpc845breakout_JoyStick_HW_Test\CMSIS" -O0 -fno-common -g3 -Wall -c  -ffunction-sections  -fdata-sections  -ffreestanding  -fno-builtin -fmerge-constants -fmacro-prefix-map="../drivers/"=. -mcpu=cortex-m0plus -mthumb -D__REDLIB__ -fstack-usage -specs=redlib.specs -MMD -MP -MF"drivers/fsl_power.d" -MT"drivers/fsl_power.o" -MT"drivers/fsl_power.d" -o "drivers/fsl_power.o" "../drivers/fsl_power.c"
Building file: ../drivers/fsl_swm.c
Invoking: MCU C Compiler
 
Invoking: MCU C Compiler
arm-none-eabi-gcc -std=gnu99 -D__REDLIB__ -DCPU_LPC845M301JBD48 -DCPU_LPC845M301JBD48_cm0plus -DCPU_LPC845 -DCPU_LPC845M301JHI48 -DCR_INTEGER_PRINTF -DPRINTF_FLOAT_ENABLE=0 -D__MCUXPRESSO -D__USE_CMSIS -DDEBUG -DSDK_DEBUGCONSOLE=1 -I"C:\Users\Rprato\OneDrive - ADIMRA II\OneDrive - ADIMRA\Joystick\WS_Hardware_Test(doubt)\lpc845breakout_JoyStick_HW_Test\drivers" -I"C:\Users\Rprato\OneDrive - ADIMRA II\OneDrive - ADIMRA\Joystick\WS_Hardware_Test(doubt)\lpc845breakout_JoyStick_HW_Test\component\uart" -I"C:\Users\Rprato\OneDrive - ADIMRA II\OneDrive - ADIMRA\Joystick\WS_Hardware_Test(doubt)\lpc845breakout_JoyStick_HW_Test\utilities" -I"C:\Users\Rprato\OneDrive - ADIMRA II\OneDrive - ADIMRA\Joystick\WS_Hardware_Test(doubt)\lpc845breakout_JoyStick_HW_Test\CMSIS" -I"C:\Users\Rprato\OneDrive - ADIMRA II\OneDrive - ADIMRA\Joystick\WS_Hardware_Test(doubt)\lpc845breakout_JoyStick_HW_Test\device" -I"C:\Users\Rprato\OneDrive - ADIMRA II\OneDrive - ADIMRA\Joystick\WS_Hardware_Test(doubt)\lpc845breakout_JoyStick_HW_Test\board" -I"C:\Users\Rprato\OneDrive - ADIMRA II\OneDrive - ADIMRA\Joystick\WS_Hardware_Test(doubt)\lpc845breakout_JoyStick_HW_Test\source" -I"C:\Users\Rprato\OneDrive - ADIMRA II\OneDrive - ADIMRA\Joystick\WS_Hardware_Test(doubt)\lpc845breakout_JoyStick_HW_Test" -I"C:\Users\Rprato\OneDrive - ADIMRA II\OneDrive - ADIMRA\Joystick\WS_Hardware_Test(doubt)\lpc845breakout_JoyStick_HW_Test\drivers" -I"C:\Users\Rprato\OneDrive - ADIMRA II\OneDrive - ADIMRA\Joystick\WS_Hardware_Test(doubt)\lpc845breakout_JoyStick_HW_Test\device" -I"C:\Users\Rprato\OneDrive - ADIMRA II\OneDrive - ADIMRA\Joystick\WS_Hardware_Test(doubt)\lpc845breakout_JoyStick_HW_Test\component\uart" -I"C:\Users\Rprato\OneDrive - ADIMRA II\OneDrive - ADIMRA\Joystick\WS_Hardware_Test(doubt)\lpc845breakout_JoyStick_HW_Test\utilities" -I"C:\Users\Rprato\OneDrive - ADIMRA II\OneDrive - ADIMRA\Joystick\WS_Hardware_Test(doubt)\lpc845breakout_JoyStick_HW_Test\CMSIS" -O0 -fno-common -g3 -Wall -c  -ffunction-sections  -fdata-sections  -ffreestanding  -fno-builtin -fmerge-constants -fmacro-prefix-map="../drivers/"=. -mcpu=cortex-m0plus -mthumb -D__REDLIB__ -fstack-usage -specs=redlib.specs -MMD -MP -MF"drivers/fsl_reset.d" -MT"drivers/fsl_reset.o" -MT"drivers/fsl_reset.d" -o "drivers/fsl_reset.o" "../drivers/fsl_reset.c"
Finished building: ../drivers/fsl_inputmux.c
arm-none-eabi-gcc -std=gnu99 -D__REDLIB__ -DCPU_LPC845M301JBD48 -DCPU_LPC845M301JBD48_cm0plus -DCPU_LPC845 -DCPU_LPC845M301JHI48 -DCR_INTEGER_PRINTF -DPRINTF_FLOAT_ENABLE=0 -D__MCUXPRESSO -D__USE_CMSIS -DDEBUG -DSDK_DEBUGCONSOLE=1 -I"C:\Users\Rprato\OneDrive - ADIMRA II\OneDrive - ADIMRA\Joystick\WS_Hardware_Test(doubt)\lpc845breakout_JoyStick_HW_Test\drivers" -I"C:\Users\Rprato\OneDrive - ADIMRA II\OneDrive - ADIMRA\Joystick\WS_Hardware_Test(doubt)\lpc845breakout_JoyStick_HW_Test\component\uart" -I"C:\Users\Rprato\OneDrive - ADIMRA II\OneDrive - ADIMRA\Joystick\WS_Hardware_Test(doubt)\lpc845breakout_JoyStick_HW_Test\utilities" -I"C:\Users\Rprato\OneDrive - ADIMRA II\OneDrive - ADIMRA\Joystick\WS_Hardware_Test(doubt)\lpc845breakout_JoyStick_HW_Test\CMSIS" -I"C:\Users\Rprato\OneDrive - ADIMRA II\OneDrive - ADIMRA\Joystick\WS_Hardware_Test(doubt)\lpc845breakout_JoyStick_HW_Test\device" -I"C:\Users\Rprato\OneDrive - ADIMRA II\OneDrive - ADIMRA\Joystick\WS_Hardware_Test(doubt)\lpc845breakout_JoyStick_HW_Test\board" -I"C:\Users\Rprato\OneDrive - ADIMRA II\OneDrive - ADIMRA\Joystick\WS_Hardware_Test(doubt)\lpc845breakout_JoyStick_HW_Test\source" -I"C:\Users\Rprato\OneDrive - ADIMRA II\OneDrive - ADIMRA\Joystick\WS_Hardware_Test(doubt)\lpc845breakout_JoyStick_HW_Test" -I"C:\Users\Rprato\OneDrive - ADIMRA II\OneDrive - ADIMRA\Joystick\WS_Hardware_Test(doubt)\lpc845breakout_JoyStick_HW_Test\drivers" -I"C:\Users\Rprato\OneDrive - ADIMRA II\OneDrive - ADIMRA\Joystick\WS_Hardware_Test(doubt)\lpc845breakout_JoyStick_HW_Test\device" -I"C:\Users\Rprato\OneDrive - ADIMRA II\OneDrive - ADIMRA\Joystick\WS_Hardware_Test(doubt)\lpc845breakout_JoyStick_HW_Test\component\uart" -I"C:\Users\Rprato\OneDrive - ADIMRA II\OneDrive - ADIMRA\Joystick\WS_Hardware_Test(doubt)\lpc845breakout_JoyStick_HW_Test\utilities" -I"C:\Users\Rprato\OneDrive - ADIMRA II\OneDrive - ADIMRA\Joystick\WS_Hardware_Test(doubt)\lpc845breakout_JoyStick_HW_Test\CMSIS" -O0 -fno-common -g3 -Wall -c  -ffunction-sections  -fdata-sections  -ffreestanding  -fno-builtin -fmerge-constants -fmacro-prefix-map="../drivers/"=. -mcpu=cortex-m0plus -mthumb -D__REDLIB__ -fstack-usage -specs=redlib.specs -MMD -MP -MF"drivers/fsl_swm.d" -MT"drivers/fsl_swm.o" -MT"drivers/fsl_swm.d" -o "drivers/fsl_swm.o" "../drivers/fsl_swm.c"
Finished building: ../drivers/fsl_pint.c
Building file: ../drivers/fsl_syscon.c
 
 
Invoking: MCU C Compiler
Building file: ../drivers/fsl_usart.c
arm-none-eabi-gcc -std=gnu99 -D__REDLIB__ -DCPU_LPC845M301JBD48 -DCPU_LPC845M301JBD48_cm0plus -DCPU_LPC845 -DCPU_LPC845M301JHI48 -DCR_INTEGER_PRINTF -DPRINTF_FLOAT_ENABLE=0 -D__MCUXPRESSO -D__USE_CMSIS -DDEBUG -DSDK_DEBUGCONSOLE=1 -I"C:\Users\Rprato\OneDrive - ADIMRA II\OneDrive - ADIMRA\Joystick\WS_Hardware_Test(doubt)\lpc845breakout_JoyStick_HW_Test\drivers" -I"C:\Users\Rprato\OneDrive - ADIMRA II\OneDrive - ADIMRA\Joystick\WS_Hardware_Test(doubt)\lpc845breakout_JoyStick_HW_Test\component\uart" -I"C:\Users\Rprato\OneDrive - ADIMRA II\OneDrive - ADIMRA\Joystick\WS_Hardware_Test(doubt)\lpc845breakout_JoyStick_HW_Test\utilities" -I"C:\Users\Rprato\OneDrive - ADIMRA II\OneDrive - ADIMRA\Joystick\WS_Hardware_Test(doubt)\lpc845breakout_JoyStick_HW_Test\CMSIS" -I"C:\Users\Rprato\OneDrive - ADIMRA II\OneDrive - ADIMRA\Joystick\WS_Hardware_Test(doubt)\lpc845breakout_JoyStick_HW_Test\device" -I"C:\Users\Rprato\OneDrive - ADIMRA II\OneDrive - ADIMRA\Joystick\WS_Hardware_Test(doubt)\lpc845breakout_JoyStick_HW_Test\board" -I"C:\Users\Rprato\OneDrive - ADIMRA II\OneDrive - ADIMRA\Joystick\WS_Hardware_Test(doubt)\lpc845breakout_JoyStick_HW_Test\source" -I"C:\Users\Rprato\OneDrive - ADIMRA II\OneDrive - ADIMRA\Joystick\WS_Hardware_Test(doubt)\lpc845breakout_JoyStick_HW_Test" -I"C:\Users\Rprato\OneDrive - ADIMRA II\OneDrive - ADIMRA\Joystick\WS_Hardware_Test(doubt)\lpc845breakout_JoyStick_HW_Test\drivers" -I"C:\Users\Rprato\OneDrive - ADIMRA II\OneDrive - ADIMRA\Joystick\WS_Hardware_Test(doubt)\lpc845breakout_JoyStick_HW_Test\device" -I"C:\Users\Rprato\OneDrive - ADIMRA II\OneDrive - ADIMRA\Joystick\WS_Hardware_Test(doubt)\lpc845breakout_JoyStick_HW_Test\component\uart" -I"C:\Users\Rprato\OneDrive - ADIMRA II\OneDrive - ADIMRA\Joystick\WS_Hardware_Test(doubt)\lpc845breakout_JoyStick_HW_Test\utilities" -I"C:\Users\Rprato\OneDrive - ADIMRA II\OneDrive - ADIMRA\Joystick\WS_Hardware_Test(doubt)\lpc845breakout_JoyStick_HW_Test\CMSIS" -O0 -fno-common -g3 -Wall -c  -ffunction-sections  -fdata-sections  -ffreestanding  -fno-builtin -fmerge-constants -fmacro-prefix-map="../drivers/"=. -mcpu=cortex-m0plus -mthumb -D__REDLIB__ -fstack-usage -specs=redlib.specs -MMD -MP -MF"drivers/fsl_syscon.d" -MT"drivers/fsl_syscon.o" -MT"drivers/fsl_syscon.d" -o "drivers/fsl_syscon.o" "../drivers/fsl_syscon.c"
Building file: ../device/system_LPC845.c
Invoking: MCU C Compiler
Invoking: MCU C Compiler
arm-none-eabi-gcc -std=gnu99 -D__REDLIB__ -DCPU_LPC845M301JBD48 -DCPU_LPC845M301JBD48_cm0plus -DCPU_LPC845 -DCPU_LPC845M301JHI48 -DCR_INTEGER_PRINTF -DPRINTF_FLOAT_ENABLE=0 -D__MCUXPRESSO -D__USE_CMSIS -DDEBUG -DSDK_DEBUGCONSOLE=1 -I"C:\Users\Rprato\OneDrive - ADIMRA II\OneDrive - ADIMRA\Joystick\WS_Hardware_Test(doubt)\lpc845breakout_JoyStick_HW_Test\drivers" -I"C:\Users\Rprato\OneDrive - ADIMRA II\OneDrive - ADIMRA\Joystick\WS_Hardware_Test(doubt)\lpc845breakout_JoyStick_HW_Test\component\uart" -I"C:\Users\Rprato\OneDrive - ADIMRA II\OneDrive - ADIMRA\Joystick\WS_Hardware_Test(doubt)\lpc845breakout_JoyStick_HW_Test\utilities" -I"C:\Users\Rprato\OneDrive - ADIMRA II\OneDrive - ADIMRA\Joystick\WS_Hardware_Test(doubt)\lpc845breakout_JoyStick_HW_Test\CMSIS" -I"C:\Users\Rprato\OneDrive - ADIMRA II\OneDrive - ADIMRA\Joystick\WS_Hardware_Test(doubt)\lpc845breakout_JoyStick_HW_Test\device" -I"C:\Users\Rprato\OneDrive - ADIMRA II\OneDrive - ADIMRA\Joystick\WS_Hardware_Test(doubt)\lpc845breakout_JoyStick_HW_Test\board" -I"C:\Users\Rprato\OneDrive - ADIMRA II\OneDrive - ADIMRA\Joystick\WS_Hardware_Test(doubt)\lpc845breakout_JoyStick_HW_Test\source" -I"C:\Users\Rprato\OneDrive - ADIMRA II\OneDrive - ADIMRA\Joystick\WS_Hardware_Test(doubt)\lpc845breakout_JoyStick_HW_Test" -I"C:\Users\Rprato\OneDrive - ADIMRA II\OneDrive - ADIMRA\Joystick\WS_Hardware_Test(doubt)\lpc845breakout_JoyStick_HW_Test\drivers" -I"C:\Users\Rprato\OneDrive - ADIMRA II\OneDrive - ADIMRA\Joystick\WS_Hardware_Test(doubt)\lpc845breakout_JoyStick_HW_Test\device" -I"C:\Users\Rprato\OneDrive - ADIMRA II\OneDrive - ADIMRA\Joystick\WS_Hardware_Test(doubt)\lpc845breakout_JoyStick_HW_Test\component\uart" -I"C:\Users\Rprato\OneDrive - ADIMRA II\OneDrive - ADIMRA\Joystick\WS_Hardware_Test(doubt)\lpc845breakout_JoyStick_HW_Test\utilities" -I"C:\Users\Rprato\OneDrive - ADIMRA II\OneDrive - ADIMRA\Joystick\WS_Hardware_Test(doubt)\lpc845breakout_JoyStick_HW_Test\CMSIS" -O0 -fno-common -g3 -Wall -c  -ffunction-sections  -fdata-sections  -ffreestanding  -fno-builtin -fmerge-constants -fmacro-prefix-map="../drivers/"=. -mcpu=cortex-m0plus -mthumb -D__REDLIB__ -fstack-usage -specs=redlib.specs -MMD -MP -MF"drivers/fsl_usart.d" -MT"drivers/fsl_usart.o" -MT"drivers/fsl_usart.d" -o "drivers/fsl_usart.o" "../drivers/fsl_usart.c"
arm-none-eabi-gcc -std=gnu99 -D__REDLIB__ -DCPU_LPC845M301JBD48 -DCPU_LPC845M301JBD48_cm0plus -DCPU_LPC845 -DCPU_LPC845M301JHI48 -DCR_INTEGER_PRINTF -DPRINTF_FLOAT_ENABLE=0 -D__MCUXPRESSO -D__USE_CMSIS -DDEBUG -DSDK_DEBUGCONSOLE=1 -I"C:\Users\Rprato\OneDrive - ADIMRA II\OneDrive - ADIMRA\Joystick\WS_Hardware_Test(doubt)\lpc845breakout_JoyStick_HW_Test\drivers" -I"C:\Users\Rprato\OneDrive - ADIMRA II\OneDrive - ADIMRA\Joystick\WS_Hardware_Test(doubt)\lpc845breakout_JoyStick_HW_Test\component\uart" -I"C:\Users\Rprato\OneDrive - ADIMRA II\OneDrive - ADIMRA\Joystick\WS_Hardware_Test(doubt)\lpc845breakout_JoyStick_HW_Test\utilities" -I"C:\Users\Rprato\OneDrive - ADIMRA II\OneDrive - ADIMRA\Joystick\WS_Hardware_Test(doubt)\lpc845breakout_JoyStick_HW_Test\CMSIS" -I"C:\Users\Rprato\OneDrive - ADIMRA II\OneDrive - ADIMRA\Joystick\WS_Hardware_Test(doubt)\lpc845breakout_JoyStick_HW_Test\device" -I"C:\Users\Rprato\OneDrive - ADIMRA II\OneDrive - ADIMRA\Joystick\WS_Hardware_Test(doubt)\lpc845breakout_JoyStick_HW_Test\board" -I"C:\Users\Rprato\OneDrive - ADIMRA II\OneDrive - ADIMRA\Joystick\WS_Hardware_Test(doubt)\lpc845breakout_JoyStick_HW_Test\source" -I"C:\Users\Rprato\OneDrive - ADIMRA II\OneDrive - ADIMRA\Joystick\WS_Hardware_Test(doubt)\lpc845breakout_JoyStick_HW_Test" -I"C:\Users\Rprato\OneDrive - ADIMRA II\OneDrive - ADIMRA\Joystick\WS_Hardware_Test(doubt)\lpc845breakout_JoyStick_HW_Test\drivers" -I"C:\Users\Rprato\OneDrive - ADIMRA II\OneDrive - ADIMRA\Joystick\WS_Hardware_Test(doubt)\lpc845breakout_JoyStick_HW_Test\device" -I"C:\Users\Rprato\OneDrive - ADIMRA II\OneDrive - ADIMRA\Joystick\WS_Hardware_Test(doubt)\lpc845breakout_JoyStick_HW_Test\component\uart" -I"C:\Users\Rprato\OneDrive - ADIMRA II\OneDrive - ADIMRA\Joystick\WS_Hardware_Test(doubt)\lpc845breakout_JoyStick_HW_Test\utilities" -I"C:\Users\Rprato\OneDrive - ADIMRA II\OneDrive - ADIMRA\Joystick\WS_Hardware_Test(doubt)\lpc845breakout_JoyStick_HW_Test\CMSIS" -O0 -fno-common -g3 -Wall -c  -ffunction-sections  -fdata-sections  -ffreestanding  -fno-builtin -fmerge-constants -fmacro-prefix-map="../device/"=. -mcpu=cortex-m0plus -mthumb -D__REDLIB__ -fstack-usage -specs=redlib.specs -MMD -MP -MF"device/system_LPC845.d" -MT"device/system_LPC845.o" -MT"device/system_LPC845.d" -o "device/system_LPC845.o" "../device/system_LPC845.c"
Finished building: ../drivers/fsl_power.c
Finished building: ../drivers/fsl_swm.c
 
 
Finished building: ../drivers/fsl_reset.c
Finished building: ../drivers/fsl_syscon.c
Building file: ../component/uart/miniusart_adapter.c
Building file: ../board/board.c
Invoking: MCU C Compiler
 
arm-none-eabi-gcc -std=gnu99 -D__REDLIB__ -DCPU_LPC845M301JBD48 -DCPU_LPC845M301JBD48_cm0plus -DCPU_LPC845 -DCPU_LPC845M301JHI48 -DCR_INTEGER_PRINTF -DPRINTF_FLOAT_ENABLE=0 -D__MCUXPRESSO -D__USE_CMSIS -DDEBUG -DSDK_DEBUGCONSOLE=1 -I"C:\Users\Rprato\OneDrive - ADIMRA II\OneDrive - ADIMRA\Joystick\WS_Hardware_Test(doubt)\lpc845breakout_JoyStick_HW_Test\drivers" -I"C:\Users\Rprato\OneDrive - ADIMRA II\OneDrive - ADIMRA\Joystick\WS_Hardware_Test(doubt)\lpc845breakout_JoyStick_HW_Test\component\uart" -I"C:\Users\Rprato\OneDrive - ADIMRA II\OneDrive - ADIMRA\Joystick\WS_Hardware_Test(doubt)\lpc845breakout_JoyStick_HW_Test\utilities" -I"C:\Users\Rprato\OneDrive - ADIMRA II\OneDrive - ADIMRA\Joystick\WS_Hardware_Test(doubt)\lpc845breakout_JoyStick_HW_Test\CMSIS" -I"C:\Users\Rprato\OneDrive - ADIMRA II\OneDrive - ADIMRA\Joystick\WS_Hardware_Test(doubt)\lpc845breakout_JoyStick_HW_Test\device" -I"C:\Users\Rprato\OneDrive - ADIMRA II\OneDrive - ADIMRA\Joystick\WS_Hardware_Test(doubt)\lpc845breakout_JoyStick_HW_Test\board" -I"C:\Users\Rprato\OneDrive - ADIMRA II\OneDrive - ADIMRA\Joystick\WS_Hardware_Test(doubt)\lpc845breakout_JoyStick_HW_Test\source" -I"C:\Users\Rprato\OneDrive - ADIMRA II\OneDrive - ADIMRA\Joystick\WS_Hardware_Test(doubt)\lpc845breakout_JoyStick_HW_Test" -I"C:\Users\Rprato\OneDrive - ADIMRA II\OneDrive - ADIMRA\Joystick\WS_Hardware_Test(doubt)\lpc845breakout_JoyStick_HW_Test\drivers" -I"C:\Users\Rprato\OneDrive - ADIMRA II\OneDrive - ADIMRA\Joystick\WS_Hardware_Test(doubt)\lpc845breakout_JoyStick_HW_Test\device" -I"C:\Users\Rprato\OneDrive - ADIMRA II\OneDrive - ADIMRA\Joystick\WS_Hardware_Test(doubt)\lpc845breakout_JoyStick_HW_Test\component\uart" -I"C:\Users\Rprato\OneDrive - ADIMRA II\OneDrive - ADIMRA\Joystick\WS_Hardware_Test(doubt)\lpc845breakout_JoyStick_HW_Test\utilities" -I"C:\Users\Rprato\OneDrive - ADIMRA II\OneDrive - ADIMRA\Joystick\WS_Hardware_Test(doubt)\lpc845breakout_JoyStick_HW_Test\CMSIS" -O0 -fno-common -g3 -Wall -c  -ffunction-sections  -fdata-sections  -ffreestanding  -fno-builtin -fmerge-constants -fmacro-prefix-map="../component/uart/"=. -mcpu=cortex-m0plus -mthumb -D__REDLIB__ -fstack-usage -specs=redlib.specs -MMD -MP -MF"component/uart/miniusart_adapter.d" -MT"component/uart/miniusart_adapter.o" -MT"component/uart/miniusart_adapter.d" -o "component/uart/miniusart_adapter.o" "../component/uart/miniusart_adapter.c"
Finished building: ../device/system_LPC845.c
Invoking: MCU C Compiler
 
Building file: ../board/clock_config.c
arm-none-eabi-gcc -std=gnu99 -D__REDLIB__ -DCPU_LPC845M301JBD48 -DCPU_LPC845M301JBD48_cm0plus -DCPU_LPC845 -DCPU_LPC845M301JHI48 -DCR_INTEGER_PRINTF -DPRINTF_FLOAT_ENABLE=0 -D__MCUXPRESSO -D__USE_CMSIS -DDEBUG -DSDK_DEBUGCONSOLE=1 -I"C:\Users\Rprato\OneDrive - ADIMRA II\OneDrive - ADIMRA\Joystick\WS_Hardware_Test(doubt)\lpc845breakout_JoyStick_HW_Test\drivers" -I"C:\Users\Rprato\OneDrive - ADIMRA II\OneDrive - ADIMRA\Joystick\WS_Hardware_Test(doubt)\lpc845breakout_JoyStick_HW_Test\component\uart" -I"C:\Users\Rprato\OneDrive - ADIMRA II\OneDrive - ADIMRA\Joystick\WS_Hardware_Test(doubt)\lpc845breakout_JoyStick_HW_Test\utilities" -I"C:\Users\Rprato\OneDrive - ADIMRA II\OneDrive - ADIMRA\Joystick\WS_Hardware_Test(doubt)\lpc845breakout_JoyStick_HW_Test\CMSIS" -I"C:\Users\Rprato\OneDrive - ADIMRA II\OneDrive - ADIMRA\Joystick\WS_Hardware_Test(doubt)\lpc845breakout_JoyStick_HW_Test\device" -I"C:\Users\Rprato\OneDrive - ADIMRA II\OneDrive - ADIMRA\Joystick\WS_Hardware_Test(doubt)\lpc845breakout_JoyStick_HW_Test\board" -I"C:\Users\Rprato\OneDrive - ADIMRA II\OneDrive - ADIMRA\Joystick\WS_Hardware_Test(doubt)\lpc845breakout_JoyStick_HW_Test\source" -I"C:\Users\Rprato\OneDrive - ADIMRA II\OneDrive - ADIMRA\Joystick\WS_Hardware_Test(doubt)\lpc845breakout_JoyStick_HW_Test" -I"C:\Users\Rprato\OneDrive - ADIMRA II\OneDrive - ADIMRA\Joystick\WS_Hardware_Test(doubt)\lpc845breakout_JoyStick_HW_Test\drivers" -I"C:\Users\Rprato\OneDrive - ADIMRA II\OneDrive - ADIMRA\Joystick\WS_Hardware_Test(doubt)\lpc845breakout_JoyStick_HW_Test\device" -I"C:\Users\Rprato\OneDrive - ADIMRA II\OneDrive - ADIMRA\Joystick\WS_Hardware_Test(doubt)\lpc845breakout_JoyStick_HW_Test\component\uart" -I"C:\Users\Rprato\OneDrive - ADIMRA II\OneDrive - ADIMRA\Joystick\WS_Hardware_Test(doubt)\lpc845breakout_JoyStick_HW_Test\utilities" -I"C:\Users\Rprato\OneDrive - ADIMRA II\OneDrive - ADIMRA\Joystick\WS_Hardware_Test(doubt)\lpc845breakout_JoyStick_HW_Test\CMSIS" -O0 -fno-common -g3 -Wall -c  -ffunction-sections  -fdata-sections  -ffreestanding  -fno-builtin -fmerge-constants -fmacro-prefix-map="../board/"=. -mcpu=cortex-m0plus -mthumb -D__REDLIB__ -fstack-usage -specs=redlib.specs -MMD -MP -MF"board/board.d" -MT"board/board.o" -MT"board/board.d" -o "board/board.o" "../board/board.c"
Finished building: ../drivers/fsl_usart.c
 
Invoking: MCU C Compiler
arm-none-eabi-gcc -std=gnu99 -D__REDLIB__ -DCPU_LPC845M301JBD48 -DCPU_LPC845M301JBD48_cm0plus -DCPU_LPC845 -DCPU_LPC845M301JHI48 -DCR_INTEGER_PRINTF -DPRINTF_FLOAT_ENABLE=0 -D__MCUXPRESSO -D__USE_CMSIS -DDEBUG -DSDK_DEBUGCONSOLE=1 -I"C:\Users\Rprato\OneDrive - ADIMRA II\OneDrive - ADIMRA\Joystick\WS_Hardware_Test(doubt)\lpc845breakout_JoyStick_HW_Test\drivers" -I"C:\Users\Rprato\OneDrive - ADIMRA II\OneDrive - ADIMRA\Joystick\WS_Hardware_Test(doubt)\lpc845breakout_JoyStick_HW_Test\component\uart" -I"C:\Users\Rprato\OneDrive - ADIMRA II\OneDrive - ADIMRA\Joystick\WS_Hardware_Test(doubt)\lpc845breakout_JoyStick_HW_Test\utilities" -I"C:\Users\Rprato\OneDrive - ADIMRA II\OneDrive - ADIMRA\Joystick\WS_Hardware_Test(doubt)\lpc845breakout_JoyStick_HW_Test\CMSIS" -I"C:\Users\Rprato\OneDrive - ADIMRA II\OneDrive - ADIMRA\Joystick\WS_Hardware_Test(doubt)\lpc845breakout_JoyStick_HW_Test\device" -I"C:\Users\Rprato\OneDrive - ADIMRA II\OneDrive - ADIMRA\Joystick\WS_Hardware_Test(doubt)\lpc845breakout_JoyStick_HW_Test\board" -I"C:\Users\Rprato\OneDrive - ADIMRA II\OneDrive - ADIMRA\Joystick\WS_Hardware_Test(doubt)\lpc845breakout_JoyStick_HW_Test\source" -I"C:\Users\Rprato\OneDrive - ADIMRA II\OneDrive - ADIMRA\Joystick\WS_Hardware_Test(doubt)\lpc845breakout_JoyStick_HW_Test" -I"C:\Users\Rprato\OneDrive - ADIMRA II\OneDrive - ADIMRA\Joystick\WS_Hardware_Test(doubt)\lpc845breakout_JoyStick_HW_Test\drivers" -I"C:\Users\Rprato\OneDrive - ADIMRA II\OneDrive - ADIMRA\Joystick\WS_Hardware_Test(doubt)\lpc845breakout_JoyStick_HW_Test\device" -I"C:\Users\Rprato\OneDrive - ADIMRA II\OneDrive - ADIMRA\Joystick\WS_Hardware_Test(doubt)\lpc845breakout_JoyStick_HW_Test\component\uart" -I"C:\Users\Rprato\OneDrive - ADIMRA II\OneDrive - ADIMRA\Joystick\WS_Hardware_Test(doubt)\lpc845breakout_JoyStick_HW_Test\utilities" -I"C:\Users\Rprato\OneDrive - ADIMRA II\OneDrive - ADIMRA\Joystick\WS_Hardware_Test(doubt)\lpc845breakout_JoyStick_HW_Test\CMSIS" -O0 -fno-common -g3 -Wall -c  -ffunction-sections  -fdata-sections  -ffreestanding  -fno-builtin -fmerge-constants -fmacro-prefix-map="../board/"=. -mcpu=cortex-m0plus -mthumb -D__REDLIB__ -fstack-usage -specs=redlib.specs -MMD -MP -MF"board/clock_config.d" -MT"board/clock_config.o" -MT"board/clock_config.d" -o "board/clock_config.o" "../board/clock_config.c"
 
Building file: ../board/peripherals.c
Invoking: MCU C Compiler
Building file: ../board/pin_mux.c
arm-none-eabi-gcc -std=gnu99 -D__REDLIB__ -DCPU_LPC845M301JBD48 -DCPU_LPC845M301JBD48_cm0plus -DCPU_LPC845 -DCPU_LPC845M301JHI48 -DCR_INTEGER_PRINTF -DPRINTF_FLOAT_ENABLE=0 -D__MCUXPRESSO -D__USE_CMSIS -DDEBUG -DSDK_DEBUGCONSOLE=1 -I"C:\Users\Rprato\OneDrive - ADIMRA II\OneDrive - ADIMRA\Joystick\WS_Hardware_Test(doubt)\lpc845breakout_JoyStick_HW_Test\drivers" -I"C:\Users\Rprato\OneDrive - ADIMRA II\OneDrive - ADIMRA\Joystick\WS_Hardware_Test(doubt)\lpc845breakout_JoyStick_HW_Test\component\uart" -I"C:\Users\Rprato\OneDrive - ADIMRA II\OneDrive - ADIMRA\Joystick\WS_Hardware_Test(doubt)\lpc845breakout_JoyStick_HW_Test\utilities" -I"C:\Users\Rprato\OneDrive - ADIMRA II\OneDrive - ADIMRA\Joystick\WS_Hardware_Test(doubt)\lpc845breakout_JoyStick_HW_Test\CMSIS" -I"C:\Users\Rprato\OneDrive - ADIMRA II\OneDrive - ADIMRA\Joystick\WS_Hardware_Test(doubt)\lpc845breakout_JoyStick_HW_Test\device" -I"C:\Users\Rprato\OneDrive - ADIMRA II\OneDrive - ADIMRA\Joystick\WS_Hardware_Test(doubt)\lpc845breakout_JoyStick_HW_Test\board" -I"C:\Users\Rprato\OneDrive - ADIMRA II\OneDrive - ADIMRA\Joystick\WS_Hardware_Test(doubt)\lpc845breakout_JoyStick_HW_Test\source" -I"C:\Users\Rprato\OneDrive - ADIMRA II\OneDrive - ADIMRA\Joystick\WS_Hardware_Test(doubt)\lpc845breakout_JoyStick_HW_Test" -I"C:\Users\Rprato\OneDrive - ADIMRA II\OneDrive - ADIMRA\Joystick\WS_Hardware_Test(doubt)\lpc845breakout_JoyStick_HW_Test\drivers" -I"C:\Users\Rprato\OneDrive - ADIMRA II\OneDrive - ADIMRA\Joystick\WS_Hardware_Test(doubt)\lpc845breakout_JoyStick_HW_Test\device" -I"C:\Users\Rprato\OneDrive - ADIMRA II\OneDrive - ADIMRA\Joystick\WS_Hardware_Test(doubt)\lpc845breakout_JoyStick_HW_Test\component\uart" -I"C:\Users\Rprato\OneDrive - ADIMRA II\OneDrive - ADIMRA\Joystick\WS_Hardware_Test(doubt)\lpc845breakout_JoyStick_HW_Test\utilities" -I"C:\Users\Rprato\OneDrive - ADIMRA II\OneDrive - ADIMRA\Joystick\WS_Hardware_Test(doubt)\lpc845breakout_JoyStick_HW_Test\CMSIS" -O0 -fno-common -g3 -Wall -c  -ffunction-sections  -fdata-sections  -ffreestanding  -fno-builtin -fmerge-constants -fmacro-prefix-map="../board/"=. -mcpu=cortex-m0plus -mthumb -D__REDLIB__ -fstack-usage -specs=redlib.specs -MMD -MP -MF"board/peripherals.d" -MT"board/peripherals.o" -MT"board/peripherals.d" -o "board/peripherals.o" "../board/peripherals.c"
Invoking: MCU C Compiler
arm-none-eabi-gcc -std=gnu99 -D__REDLIB__ -DCPU_LPC845M301JBD48 -DCPU_LPC845M301JBD48_cm0plus -DCPU_LPC845 -DCPU_LPC845M301JHI48 -DCR_INTEGER_PRINTF -DPRINTF_FLOAT_ENABLE=0 -D__MCUXPRESSO -D__USE_CMSIS -DDEBUG -DSDK_DEBUGCONSOLE=1 -I"C:\Users\Rprato\OneDrive - ADIMRA II\OneDrive - ADIMRA\Joystick\WS_Hardware_Test(doubt)\lpc845breakout_JoyStick_HW_Test\drivers" -I"C:\Users\Rprato\OneDrive - ADIMRA II\OneDrive - ADIMRA\Joystick\WS_Hardware_Test(doubt)\lpc845breakout_JoyStick_HW_Test\component\uart" -I"C:\Users\Rprato\OneDrive - ADIMRA II\OneDrive - ADIMRA\Joystick\WS_Hardware_Test(doubt)\lpc845breakout_JoyStick_HW_Test\utilities" -I"C:\Users\Rprato\OneDrive - ADIMRA II\OneDrive - ADIMRA\Joystick\WS_Hardware_Test(doubt)\lpc845breakout_JoyStick_HW_Test\CMSIS" -I"C:\Users\Rprato\OneDrive - ADIMRA II\OneDrive - ADIMRA\Joystick\WS_Hardware_Test(doubt)\lpc845breakout_JoyStick_HW_Test\device" -I"C:\Users\Rprato\OneDrive - ADIMRA II\OneDrive - ADIMRA\Joystick\WS_Hardware_Test(doubt)\lpc845breakout_JoyStick_HW_Test\board" -I"C:\Users\Rprato\OneDrive - ADIMRA II\OneDrive - ADIMRA\Joystick\WS_Hardware_Test(doubt)\lpc845breakout_JoyStick_HW_Test\source" -I"C:\Users\Rprato\OneDrive - ADIMRA II\OneDrive - ADIMRA\Joystick\WS_Hardware_Test(doubt)\lpc845breakout_JoyStick_HW_Test" -I"C:\Users\Rprato\OneDrive - ADIMRA II\OneDrive - ADIMRA\Joystick\WS_Hardware_Test(doubt)\lpc845breakout_JoyStick_HW_Test\drivers" -I"C:\Users\Rprato\OneDrive - ADIMRA II\OneDrive - ADIMRA\Joystick\WS_Hardware_Test(doubt)\lpc845breakout_JoyStick_HW_Test\device" -I"C:\Users\Rprato\OneDrive - ADIMRA II\OneDrive - ADIMRA\Joystick\WS_Hardware_Test(doubt)\lpc845breakout_JoyStick_HW_Test\component\uart" -I"C:\Users\Rprato\OneDrive - ADIMRA II\OneDrive - ADIMRA\Joystick\WS_Hardware_Test(doubt)\lpc845breakout_JoyStick_HW_Test\utilities" -I"C:\Users\Rprato\OneDrive - ADIMRA II\OneDrive - ADIMRA\Joystick\WS_Hardware_Test(doubt)\lpc845breakout_JoyStick_HW_Test\CMSIS" -O0 -fno-common -g3 -Wall -c  -ffunction-sections  -fdata-sections  -ffreestanding  -fno-builtin -fmerge-constants -fmacro-prefix-map="../board/"=. -mcpu=cortex-m0plus -mthumb -D__REDLIB__ -fstack-usage -specs=redlib.specs -MMD -MP -MF"board/pin_mux.d" -MT"board/pin_mux.o" -MT"board/pin_mux.d" -o "board/pin_mux.o" "../board/pin_mux.c"
Finished building: ../component/uart/miniusart_adapter.c
 
Finished building: ../board/board.c
 
Finished building: ../board/clock_config.c
Finished building: ../board/peripherals.c
 
 
Finished building: ../board/pin_mux.c
 
Building target: lpc845breakout_JoyStick_HW_Test.axf
Invoking: MCU Linker
arm-none-eabi-gcc -nostdlib -Xlinker -Map="lpc845breakout_JoyStick_HW_Test.map" -Xlinker --gc-sections -Xlinker -print-memory-usage -Xlinker --sort-section=alignment -Xlinker --cref -mcpu=cortex-m0plus -mthumb -T lpc845breakout_pint_pin_interrupt_Debug.ld -o "lpc845breakout_JoyStick_HW_Test.axf"  ./utilities/fsl_assert.o ./utilities/fsl_debug_console.o  ./startup/startup_lpc845.o  ./source/mtb.o ./source/pint_pin_interrupt.o ./source/semihost_hardfault.o  ./drivers/fsl_clock.o ./drivers/fsl_common.o ./drivers/fsl_gpio.o ./drivers/fsl_i2c.o ./drivers/fsl_inputmux.o ./drivers/fsl_pint.o ./drivers/fsl_power.o ./drivers/fsl_reset.o ./drivers/fsl_swm.o ./drivers/fsl_syscon.o ./drivers/fsl_usart.o  ./device/system_LPC845.o  ./component/uart/miniusart_adapter.o  ./board/board.o ./board/clock_config.o ./board/peripherals.o ./board/pin_mux.o   
Memory region         Used Size  Region Size  %age Used
   PROGRAM_FLASH:       13460 B        64 KB     20.54%
            SRAM:         424 B      16352 B      2.59%
        IAP_SRAM:          0 GB         32 B      0.00%
Finished building target: lpc845breakout_JoyStick_HW_Test.axf
 
make --no-print-directory post-build
Performing post-build steps
arm-none-eabi-size "lpc845breakout_JoyStick_HW_Test.axf"; # arm-none-eabi-objcopy -v -O binary "lpc845breakout_JoyStick_HW_Test.axf" "lpc845breakout_JoyStick_HW_Test.bin" ; # checksum -p LPC845 -d "lpc845breakout_JoyStick_HW_Test.bin";
   text	   data	    bss	    dec	    hex	filename
  13456	      4	    420	  13880	   3638	lpc845breakout_JoyStick_HW_Test.axf
 
15:40:11 **** Incremental Build of configuration Debug for project lpc845breakout_JoyStick_HW_Test ****
make -r -j6 all 
Building file: ../source/pint_pin_interrupt.c
Invoking: MCU C Compiler
arm-none-eabi-gcc -std=gnu99 -D__REDLIB__ -DCPU_LPC845M301JBD48 -DCPU_LPC845M301JBD48_cm0plus -DCPU_LPC845 -DCPU_LPC845M301JHI48 -DCR_INTEGER_PRINTF -DPRINTF_FLOAT_ENABLE=0 -D__MCUXPRESSO -D__USE_CMSIS -DDEBUG -DSDK_DEBUGCONSOLE=1 -I"C:\Users\Rprato\OneDrive - ADIMRA II\OneDrive - ADIMRA\Joystick\WS_Hardware_Test(doubt)\lpc845breakout_JoyStick_HW_Test\drivers" -I"C:\Users\Rprato\OneDrive - ADIMRA II\OneDrive - ADIMRA\Joystick\WS_Hardware_Test(doubt)\lpc845breakout_JoyStick_HW_Test\component\uart" -I"C:\Users\Rprato\OneDrive - ADIMRA II\OneDrive - ADIMRA\Joystick\WS_Hardware_Test(doubt)\lpc845breakout_JoyStick_HW_Test\utilities" -I"C:\Users\Rprato\OneDrive - ADIMRA II\OneDrive - ADIMRA\Joystick\WS_Hardware_Test(doubt)\lpc845breakout_JoyStick_HW_Test\CMSIS" -I"C:\Users\Rprato\OneDrive - ADIMRA II\OneDrive - ADIMRA\Joystick\WS_Hardware_Test(doubt)\lpc845breakout_JoyStick_HW_Test\device" -I"C:\Users\Rprato\OneDrive - ADIMRA II\OneDrive - ADIMRA\Joystick\WS_Hardware_Test(doubt)\lpc845breakout_JoyStick_HW_Test\board" -I"C:\Users\Rprato\OneDrive - ADIMRA II\OneDrive - ADIMRA\Joystick\WS_Hardware_Test(doubt)\lpc845breakout_JoyStick_HW_Test\source" -I"C:\Users\Rprato\OneDrive - ADIMRA II\OneDrive - ADIMRA\Joystick\WS_Hardware_Test(doubt)\lpc845breakout_JoyStick_HW_Test" -I"C:\Users\Rprato\OneDrive - ADIMRA II\OneDrive - ADIMRA\Joystick\WS_Hardware_Test(doubt)\lpc845breakout_JoyStick_HW_Test\drivers" -I"C:\Users\Rprato\OneDrive - ADIMRA II\OneDrive - ADIMRA\Joystick\WS_Hardware_Test(doubt)\lpc845breakout_JoyStick_HW_Test\device" -I"C:\Users\Rprato\OneDrive - ADIMRA II\OneDrive - ADIMRA\Joystick\WS_Hardware_Test(doubt)\lpc845breakout_JoyStick_HW_Test\component\uart" -I"C:\Users\Rprato\OneDrive - ADIMRA II\OneDrive - ADIMRA\Joystick\WS_Hardware_Test(doubt)\lpc845breakout_JoyStick_HW_Test\utilities" -I"C:\Users\Rprato\OneDrive - ADIMRA II\OneDrive - ADIMRA\Joystick\WS_Hardware_Test(doubt)\lpc845breakout_JoyStick_HW_Test\CMSIS" -O0 -fno-common -g3 -Wall -c  -ffunction-sections  -fdata-sections  -ffreestanding  -fno-builtin -fmerge-constants -fmacro-prefix-map="../source/"=. -mcpu=cortex-m0plus -mthumb -D__REDLIB__ -fstack-usage -specs=redlib.specs -MMD -MP -MF"source/pint_pin_interrupt.d" -MT"source/pint_pin_interrupt.o" -MT"source/pint_pin_interrupt.d" -o "source/pint_pin_interrupt.o" "../source/pint_pin_interrupt.c"
Finished building: ../source/pint_pin_interrupt.c
 
Building target: lpc845breakout_JoyStick_HW_Test.axf
Invoking: MCU Linker
arm-none-eabi-gcc -nostdlib -Xlinker -Map="lpc845breakout_JoyStick_HW_Test.map" -Xlinker --gc-sections -Xlinker -print-memory-usage -Xlinker --sort-section=alignment -Xlinker --cref -mcpu=cortex-m0plus -mthumb -T lpc845breakout_pint_pin_interrupt_Debug.ld -o "lpc845breakout_JoyStick_HW_Test.axf"  ./utilities/fsl_assert.o ./utilities/fsl_debug_console.o  ./startup/startup_lpc845.o  ./source/mtb.o ./source/pint_pin_interrupt.o ./source/semihost_hardfault.o  ./drivers/fsl_clock.o ./drivers/fsl_common.o ./drivers/fsl_gpio.o ./drivers/fsl_i2c.o ./drivers/fsl_inputmux.o ./drivers/fsl_pint.o ./drivers/fsl_power.o ./drivers/fsl_reset.o ./drivers/fsl_swm.o ./drivers/fsl_syscon.o ./drivers/fsl_usart.o  ./device/system_LPC845.o  ./component/uart/miniusart_adapter.o  ./board/board.o ./board/clock_config.o ./board/peripherals.o ./board/pin_mux.o   
Memory region         Used Size  Region Size  %age Used
   PROGRAM_FLASH:       13308 B        64 KB     20.31%
            SRAM:         424 B      16352 B      2.59%
        IAP_SRAM:          0 GB         32 B      0.00%
Finished building target: lpc845breakout_JoyStick_HW_Test.axf
 
make --no-print-directory post-build
Performing post-build steps
arm-none-eabi-size "lpc845breakout_JoyStick_HW_Test.axf"; # arm-none-eabi-objcopy -v -O binary "lpc845breakout_JoyStick_HW_Test.axf" "lpc845breakout_JoyStick_HW_Test.bin" ; # checksum -p LPC845 -d "lpc845breakout_JoyStick_HW_Test.bin";
   text	   data	    bss	    dec	    hex	filename
  13304	      4	    420	  13728	   35a0	lpc845breakout_JoyStick_HW_Test.axf
 
