15:55:32 **** Incremental Build of configuration Debug for project lpc845breakout_JoyStick_HW_Test ****
make -r -j8 all 
Building file: ../source/pint_pin_interrupt.c
Invoking: MCU C Compiler
arm-none-eabi-gcc -std=gnu99 -D__REDLIB__ -DCPU_LPC845M301JBD48 -DCPU_LPC845M301JBD48_cm0plus -DCPU_LPC845 -DCPU_LPC845M301JHI48 -DCR_INTEGER_PRINTF -DPRINTF_FLOAT_ENABLE=0 -D__MCUXPRESSO -D__USE_CMSIS -DDEBUG -DSDK_DEBUGCONSOLE=1 -I"C:\Users\Ilesnianski\OneDrive - ADIMRA\Joystick\WS_JS_Hardware_Test\lpc845breakout_JoyStick_HW_Test\drivers" -I"C:\Users\Ilesnianski\OneDrive - ADIMRA\Joystick\WS_JS_Hardware_Test\lpc845breakout_JoyStick_HW_Test\component\uart" -I"C:\Users\Ilesnianski\OneDrive - ADIMRA\Joystick\WS_JS_Hardware_Test\lpc845breakout_JoyStick_HW_Test\utilities" -I"C:\Users\Ilesnianski\OneDrive - ADIMRA\Joystick\WS_JS_Hardware_Test\lpc845breakout_JoyStick_HW_Test\CMSIS" -I"C:\Users\Ilesnianski\OneDrive - ADIMRA\Joystick\WS_JS_Hardware_Test\lpc845breakout_JoyStick_HW_Test\device" -I"C:\Users\Ilesnianski\OneDrive - ADIMRA\Joystick\WS_JS_Hardware_Test\lpc845breakout_JoyStick_HW_Test\board" -I"C:\Users\Ilesnianski\OneDrive - ADIMRA\Joystick\WS_JS_Hardware_Test\lpc845breakout_JoyStick_HW_Test\source" -I"C:\Users\Ilesnianski\OneDrive - ADIMRA\Joystick\WS_JS_Hardware_Test\lpc845breakout_JoyStick_HW_Test" -I"C:\Users\Ilesnianski\OneDrive - ADIMRA\Joystick\WS_JS_Hardware_Test\lpc845breakout_JoyStick_HW_Test\drivers" -I"C:\Users\Ilesnianski\OneDrive - ADIMRA\Joystick\WS_JS_Hardware_Test\lpc845breakout_JoyStick_HW_Test\device" -I"C:\Users\Ilesnianski\OneDrive - ADIMRA\Joystick\WS_JS_Hardware_Test\lpc845breakout_JoyStick_HW_Test\component\uart" -I"C:\Users\Ilesnianski\OneDrive - ADIMRA\Joystick\WS_JS_Hardware_Test\lpc845breakout_JoyStick_HW_Test\utilities" -I"C:\Users\Ilesnianski\OneDrive - ADIMRA\Joystick\WS_JS_Hardware_Test\lpc845breakout_JoyStick_HW_Test\CMSIS" -O0 -fno-common -g3 -Wall -c  -ffunction-sections  -fdata-sections  -ffreestanding  -fno-builtin -fmerge-constants -fmacro-prefix-map="../source/"=. -mcpu=cortex-m0plus -mthumb -D__REDLIB__ -fstack-usage -specs=redlib.specs -MMD -MP -MF"source/pint_pin_interrupt.d" -MT"source/pint_pin_interrupt.o" -MT"source/pint_pin_interrupt.d" -o "source/pint_pin_interrupt.o" "../source/pint_pin_interrupt.c"
Finished building: ../source/pint_pin_interrupt.c
 
Building target: lpc845breakout_JoyStick_HW_Test.axf
Invoking: MCU Linker
arm-none-eabi-gcc -nostdlib -Xlinker -Map="lpc845breakout_JoyStick_HW_Test.map" -Xlinker --gc-sections -Xlinker -print-memory-usage -Xlinker --sort-section=alignment -Xlinker --cref -mcpu=cortex-m0plus -mthumb -T lpc845breakout_pint_pin_interrupt_Debug.ld -o "lpc845breakout_JoyStick_HW_Test.axf"  ./utilities/fsl_assert.o ./utilities/fsl_debug_console.o  ./startup/startup_lpc845.o  ./source/mtb.o ./source/pint_pin_interrupt.o ./source/semihost_hardfault.o  ./drivers/fsl_clock.o ./drivers/fsl_common.o ./drivers/fsl_gpio.o ./drivers/fsl_i2c.o ./drivers/fsl_inputmux.o ./drivers/fsl_pint.o ./drivers/fsl_power.o ./drivers/fsl_reset.o ./drivers/fsl_swm.o ./drivers/fsl_syscon.o ./drivers/fsl_usart.o  ./device/system_LPC845.o  ./component/uart/miniusart_adapter.o  ./board/board.o ./board/clock_config.o ./board/peripherals.o ./board/pin_mux.o   
Memory region         Used Size  Region Size  %age Used
   PROGRAM_FLASH:       13288 B        64 KB     20.28%
            SRAM:         424 B      16352 B      2.59%
        IAP_SRAM:          0 GB         32 B      0.00%
Finished building target: lpc845breakout_JoyStick_HW_Test.axf
 
make --no-print-directory post-build
Performing post-build steps
arm-none-eabi-size "lpc845breakout_JoyStick_HW_Test.axf"; # arm-none-eabi-objcopy -v -O binary "lpc845breakout_JoyStick_HW_Test.axf" "lpc845breakout_JoyStick_HW_Test.bin" ; # checksum -p LPC845 -d "lpc845breakout_JoyStick_HW_Test.bin";
   text	   data	    bss	    dec	    hex	filename
  13284	      4	    420	  13708	   358c	lpc845breakout_JoyStick_HW_Test.axf
 
